Component: ARM Compiler 5.05 update 1 (build 106) Tool: armlink [4d0efa]

==============================================================================

Section Cross References

    main.o(i.main) refers to sys.o(i.SysInitialize) for SysInitialize
    main.o(i.main) refers to sys.o(i.SysPoll) for SysPoll
    sys.o(i.SysGetMacAddr) refers to halflash.o(i.HalFlashRead) for HalFlashRead
    sys.o(i.SysGetVersion) refers to sys.o(.data) for .data
    sys.o(i.SysInitialize) refers to halcommon.o(i.HalInitialize) for HalInitialize
    sys.o(i.SysInitialize) refers to systimer.o(i.SysTimerInitialize) for SysTimerInitialize
    sys.o(i.SysInitialize) refers to mproto.o(i.MProtoInitialize) for MProtoInitialize
    sys.o(i.SysInitialize) refers to manufacture.o(i.MFInitialize) for MFInitialize
    sys.o(i.SysPoll) refers to mproto.o(i.MProtoPoll) for MProtoPoll
    sys.o(i.SysPoll) refers to manufacture.o(i.MFPoll) for MFPoll
    sys.o(i.SysPoll) refers to halcommon.o(i.HalPoll) for HalPoll
    sys.o(i.SysPoll) refers to systimer.o(i.SysTimerPoll) for SysTimerPoll
    sys.o(i.SysRandom) refers to sys.o(.data) for .data
    sys.o(i.SysRandomSeed) refers to sys.o(i.SysRandom) for SysRandom
    sys.o(i.SysRandomSeed) refers to sys.o(.data) for .data
    sys.o(i.SysReboot) refers to halcommon.o(i.HalReboot) for HalReboot
    sys.o(i.SysSetMacAddr) refers to halflash.o(i.HalFlashErase) for HalFlashErase
    sys.o(i.SysSetMacAddr) refers to halflash.o(i.HalFlashWrite) for HalFlashWrite
    sys.o(i.SysUartRecvHandle) refers to mproto.o(i.MProtoGotDeviceInfo) for MProtoGotDeviceInfo
    sys.o(i.SysUartRecvHandle) refers to manufacture.o(i.MFRecvByte) for MFRecvByte
    sys.o(i.SysUartRecvHandle) refers to mproto.o(i.MProtoRecvByte) for MProtoRecvByte
    sys.o(i.SysUidToMac) refers to sys.o(.data) for .data
    systimer.o(i.SysTimerPoll) refers to halcommon.o(i.HalRunningTime) for HalRunningTime
    systimer.o(i.SysTimerPoll) refers to systimer.o(i.timerExecute) for timerExecute
    systimer.o(i.SysTimerPoll) refers to systimer.o(.bss) for .bss
    systimer.o(i.SysTimerSet) refers to halcommon.o(i.HalRunningTime) for HalRunningTime
    systimer.o(i.SysTimerSet) refers to systimer.o(i.timerExecute) for timerExecute
    systimer.o(i.SysTimerSet) refers to systimer.o(.bss) for .bss
    systimer.o(i.timerExecute) refers to halcommon.o(i.HalRunningTime) for HalRunningTime
    wirelessmodule.o(i.WMDeviceCoordination) refers to printf8.o(i.__0printf$8) for __2printf
    wirelessmodule.o(i.WMDeviceCoordination) refers to devicesmanager.o(i.DMDeviceAddressFind) for DMDeviceAddressFind
    wirelessmodule.o(i.WMDeviceCoordination) refers to memcpya.o(.text) for __aeabi_memcpy
    wirelessmodule.o(i.WMDeviceCoordination) refers to netlayer.o(i.NetCoordinationOperate) for NetCoordinationOperate
    wirelessmodule.o(i.WMDeviceCoordination) refers to wirelessmodule.o(.data) for .data
    wirelessmodule.o(i.WMDeviceCoordination) refers to wirelessmodule.o(.constdata) for .constdata
    wirelessmodule.o(i.WMEventRegister) refers to wirelessmodule.o(.data) for .data
    wirelessmodule.o(i.WMGetNetStatus) refers to wirelessmodule.o(.data) for .data
    wirelessmodule.o(i.WMGetSearchResult) refers to memcpya.o(.text) for __aeabi_memcpy
    wirelessmodule.o(i.WMGetSearchResult) refers to wirelessmodule.o(.bss) for .bss
    wirelessmodule.o(i.WMInitialize) refers to powermanager.o(i.PMInitialize) for PMInitialize
    wirelessmodule.o(i.WMInitialize) refers to netlayer.o(i.NetLayerInit) for NetLayerInit
    wirelessmodule.o(i.WMInitialize) refers to netlayer.o(i.NetLayerEventRegister) for NetLayerEventRegister
    wirelessmodule.o(i.WMInitialize) refers to sys.o(i.SysGetMacAddr) for SysGetMacAddr
    wirelessmodule.o(i.WMInitialize) refers to netlayer.o(i.NetSetMacAddr) for NetSetMacAddr
    wirelessmodule.o(i.WMInitialize) refers to devicesmanager.o(i.DMInitialize) for DMInitialize
    wirelessmodule.o(i.WMInitialize) refers to devicesmanager.o(i.DMEventRegister) for DMEventRegister
    wirelessmodule.o(i.WMInitialize) refers to halcommon.o(i.HalStatusLedSet) for HalStatusLedSet
    wirelessmodule.o(i.WMInitialize) refers to memseta.o(.text) for __aeabi_memset
    wirelessmodule.o(i.WMInitialize) refers to halflash.o(i.HalFlashRead) for HalFlashRead
    wirelessmodule.o(i.WMInitialize) refers to wirelessmodule.o(i.netBuildStatusSet) for netBuildStatusSet
    wirelessmodule.o(i.WMInitialize) refers to wirelessmodule.o(i.updateNetInfoAndSwitchChannel) for updateNetInfoAndSwitchChannel
    wirelessmodule.o(i.WMInitialize) refers to wirelessmodule.o(i.wmNetlayerEventHandle) for wmNetlayerEventHandle
    wirelessmodule.o(i.WMInitialize) refers to wirelessmodule.o(i.dmEventHandle) for dmEventHandle
    wirelessmodule.o(i.WMInitialize) refers to wirelessmodule.o(.data) for .data
    wirelessmodule.o(i.WMIsDeviceOnline) refers to wirelessmodule.o(.data) for .data
[...]
    i.__ARM_common_switch8                   0x08002c14   Section        0  wirelessmodule.o(i.__ARM_common_switch8)
    i.__scatterload_copy                     0x08002c2e   Section       14  handlers.o(i.__scatterload_copy)
    i.__scatterload_null                     0x08002c3c   Section        2  handlers.o(i.__scatterload_null)
    i.__scatterload_zeroinit                 0x08002c3e   Section       14  handlers.o(i.__scatterload_zeroinit)
    i._printf_core                           0x08002c4c   Section        0  printf8.o(i._printf_core)
    _printf_core                             0x08002c4d   Thumb Code  1020  printf8.o(i._printf_core)
    i._printf_post_padding                   0x08003074   Section        0  printf8.o(i._printf_post_padding)
    _printf_post_padding                     0x08003075   Thumb Code    32  printf8.o(i._printf_post_padding)
    i._printf_pre_padding                    0x08003094   Section        0  printf8.o(i._printf_pre_padding)
    _printf_pre_padding                      0x08003095   Thumb Code    44  printf8.o(i._printf_pre_padding)
    i.checkSum                               0x080030c0   Section        0  manufacture.o(i.checkSum)
    checkSum                                 0x080030c1   Thumb Code    24  manufacture.o(i.checkSum)
    i.checksum                               0x080030d8   Section        0  mproto.o(i.checksum)
    checksum                                 0x080030d9   Thumb Code    26  mproto.o(i.checksum)
    i.coordinationResult                     0x080030f2   Section        0  mproto.o(i.coordinationResult)
    coordinationResult                       0x080030f3   Thumb Code    36  mproto.o(i.coordinationResult)
    i.delayReportDeviceInfo                  0x08003118   Section        0  wirelessmodule.o(i.delayReportDeviceInfo)
    delayReportDeviceInfo                    0x08003119   Thumb Code    14  wirelessmodule.o(i.delayReportDeviceInfo)
    i.delayStartHeartbeat                    0x0800312c   Section        0  wirelessmodule.o(i.delayStartHeartbeat)
    delayStartHeartbeat                      0x0800312d   Thumb Code    18  wirelessmodule.o(i.delayStartHeartbeat)
    i.dmEventHandle                          0x08003144   Section        0  wirelessmodule.o(i.dmEventHandle)
    dmEventHandle                            0x08003145   Thumb Code    76  wirelessmodule.o(i.dmEventHandle)
    i.findCacheAndSend                       0x080031c4   Section        0  netlayer.o(i.findCacheAndSend)
    findCacheAndSend                         0x080031c5   Thumb Code    94  netlayer.o(i.findCacheAndSend)
    i.flashWrite                             0x0800322c   Section        0  halflash.o(i.flashWrite)
    flashWrite                               0x0800322d   Thumb Code   118  halflash.o(i.flashWrite)
    i.fputc                                  0x080032a2   Section        0  halcommon.o(i.fputc)
    i.free                                   0x080032b4   Section        0  malloc.o(i.free)
    i.hal_wait                               0x08003308   Section        0  halwait.o(i.hal_wait)
    i.hal_wait_check                         0x0800333c   Section        0  halwait.o(i.hal_wait_check)
    i.hal_wait_init                          0x08003350   Section        0  halwait.o(i.hal_wait_init)
    i.hal_wait_ms                            0x08003370   Section        0  halwait.o(i.hal_wait_ms)
    i.hal_wait_us                            0x08003384   Section        0  halwait.o(i.hal_wait_us)
    i.heartbeatPoll                          0x08003398   Section        0  devicesmanager.o(i.heartbeatPoll)
    heartbeatPoll                            0x08003399   Thumb Code    72  devicesmanager.o(i.heartbeatPoll)
    i.lowDataSend                            0x080033e8   Section        0  mproto.o(i.lowDataSend)
    lowDataSend                              0x080033e9   Thumb Code    50  mproto.o(i.lowDataSend)
    i.lowLevelDataSend                       0x08003438   Section        0  phylayer.o(i.lowLevelDataSend)
    lowLevelDataSend                         0x08003439   Thumb Code   132  phylayer.o(i.lowLevelDataSend)
    i.main                                   0x080034d8   Section        0  main.o(i.main)
    i.malloc                                 0x080034e4   Section        0  malloc.o(i.malloc)
    i.mfFrameHandle                          0x08003550   Section        0  manufacture.o(i.mfFrameHandle)
    mfFrameHandle                            0x08003551   Thumb Code   158  manufacture.o(i.mfFrameHandle)
    i.mfFrameSend                            0x08003604   Section        0  manufacture.o(i.mfFrameSend)
    mfFrameSend                              0x08003605   Thumb Code    54  manufacture.o(i.mfFrameSend)
    i.mfSearchResultHandle                   0x0800363c   Section        0  manufacture.o(i.mfSearchResultHandle)
    mfSearchResultHandle                     0x0800363d   Thumb Code    10  manufacture.o(i.mfSearchResultHandle)
    i.mfSendTestResult                       0x0800364c   Section        0  manufacture.o(i.mfSendTestResult)
    mfSendTestResult                         0x0800364d   Thumb Code    92  manufacture.o(i.mfSendTestResult)
    i.mprotoEventHandle                      0x080036e4   Section        0  mproto.o(i.mprotoEventHandle)
    mprotoEventHandle                        0x080036e5   Thumb Code   260  mproto.o(i.mprotoEventHandle)
    i.mprotoFrameHandle                      0x080037e8   Section        0  mproto.o(i.mprotoFrameHandle)
    mprotoFrameHandle                        0x080037e9   Thumb Code   252  mproto.o(i.mprotoFrameHandle)
    i.mprotoFrameSend                        0x080038ec   Section        0  mproto.o(i.mprotoFrameSend)
    mprotoFrameSend                          0x080038ed   Thumb Code   136  mproto.o(i.mprotoFrameSend)
    i.mprotoSendListHandle                   0x08003978   Section        0  mproto.o(i.mprotoSendListHandle)
    mprotoSendListHandle                     0x08003979   Thumb Code    90  mproto.o(i.mprotoSendListHandle)
    i.netBuildDone                           0x080039d8   Section        0  wirelessmodule.o(i.netBuildDone)
    netBuildDone                             0x080039d9   Thumb Code    56  wirelessmodule.o(i.netBuildDone)
    i.netBuildFrameHandle                    0x08003a24   Section        0  netlayer.o(i.netBuildFrameHandle)
    netBuildFrameHandle                      0x08003a25   Thumb Code    62  netlayer.o(i.netBuildFrameHandle)
    i.netBuildStatusSet                      0x08003a68   Section        0  wirelessmodule.o(i.netBuildStatusSet)
    netBuildStatusSet                        0x08003a69   Thumb Code    50  wirelessmodule.o(i.netBuildStatusSet)
    i.netEnDecrypt                           0x08003aa0   Section        0  netlayer.o(i.netEnDecrypt)
    netEnDecrypt                             0x08003aa1   Thumb Code    64  netlayer.o(i.netEnDecrypt)
    i.netHeartbeatHandle                     0x08003b0c   Section        0  netlayer.o(i.netHeartbeatHandle)
    netHeartbeatHandle                       0x08003b0d   Thumb Code    24  netlayer.o(i.netHeartbeatHandle)
    i.netOperateFrameHandle                  0x08003b24   Section        0  netlayer.o(i.netOperateFrameHandle)
    netOperateFrameHandle                    0x08003b25   Thumb Code   136  netlayer.o(i.netOperateFrameHandle)
    i.netSleepDevDataHandle                  0x08003bac   Section        0  netlayer.o(i.netSleepDevDataHandle)
    netSleepDevDataHandle                    0x08003bad   Thumb Code    72  netlayer.o(i.netSleepDevDataHandle)
    i.netSleepDevDataSave                    0x08003c00   Section        0  netlayer.o(i.netSleepDevDataSave)
    netSleepDevDataSave                      0x08003c01   Thumb Code   102  netlayer.o(i.netSleepDevDataSave)
    i.netStatusChanged                       0x08003c90   Section        0  mproto.o(i.netStatusChanged)
    netStatusChanged                         0x08003c91   Thumb Code    34  mproto.o(i.netStatusChanged)
    i.netThrowEvent                          0x08003cb8   Section        0  netlayer.o(i.netThrowEvent)
    netThrowEvent                            0x08003cb9   Thumb Code    12  netlayer.o(i.netThrowEvent)
    i.nrf24l01ReadBuf                        0x08003cc8   Section        0  nrf24l01.o(i.nrf24l01ReadBuf)
    nrf24l01ReadBuf                          0x08003cc9   Thumb Code    56  nrf24l01.o(i.nrf24l01ReadBuf)
    i.nrf24l01ReadReg                        0x08003d00   Section        0  nrf24l01.o(i.nrf24l01ReadReg)
    nrf24l01ReadReg                          0x08003d01   Thumb Code    38  nrf24l01.o(i.nrf24l01ReadReg)
    i.nrf24l01WriteBuf                       0x08003d26   Section        0  nrf24l01.o(i.nrf24l01WriteBuf)
    nrf24l01WriteBuf                         0x08003d27   Thumb Code    54  nrf24l01.o(i.nrf24l01WriteBuf)
    i.nrf24l01WriteReg                       0x08003d5c   Section        0  nrf24l01.o(i.nrf24l01WriteReg)
    nrf24l01WriteReg                         0x08003d5d   Thumb Code    40  nrf24l01.o(i.nrf24l01WriteReg)
    i.numToGPIO                              0x08003d84   Section        0  halgpio.o(i.numToGPIO)
    numToGPIO                                0x08003d85   Thumb Code    90  halgpio.o(i.numToGPIO)
    i.phyDataListHandle                      0x08003df4   Section        0  phylayer.o(i.phyDataListHandle)
    phyDataListHandle                        0x08003df5   Thumb Code   114  phylayer.o(i.phyDataListHandle)
    i.phyDataSend                            0x08003e70   Section        0  phylayer.o(i.phyDataSend)
    phyDataSend                              0x08003e71   Thumb Code    68  phylayer.o(i.phyDataSend)
    i.phyRecvDataHandle                      0x08003eb8   Section        0  phylayer.o(i.phyRecvDataHandle)
    phyRecvDataHandle                        0x08003eb9   Thumb Code   124  phylayer.o(i.phyRecvDataHandle)
    i.searchDevice                           0x08003f3c   Section        0  manufacture.o(i.searchDevice)
    searchDevice                             0x08003f3d   Thumb Code    34  manufacture.o(i.searchDevice)
    i.searchDeviceAgain                      0x08003f74   Section        0  wirelessmodule.o(i.searchDeviceAgain)
    searchDeviceAgain                        0x08003f75   Thumb Code    26  wirelessmodule.o(i.searchDeviceAgain)
    i.searchDeviceInfoAdd                    0x08003f9c   Section        0  wirelessmodule.o(i.searchDeviceInfoAdd)
    searchDeviceInfoAdd                      0x08003f9d   Thumb Code    62  wirelessmodule.o(i.searchDeviceInfoAdd)
    i.subDevHeartbeat                        0x08003fe0   Section        0  wirelessmodule.o(i.subDevHeartbeat)
    subDevHeartbeat                          0x08003fe1   Thumb Code    76  wirelessmodule.o(i.subDevHeartbeat)
    i.sumCheck                               0x08004040   Section        0  phylayer.o(i.sumCheck)
    sumCheck                                 0x08004041   Thumb Code    26  phylayer.o(i.sumCheck)
    i.testTimeoutHandle                      0x0800405c   Section        0  manufacture.o(i.testTimeoutHandle)
    testTimeoutHandle                        0x0800405d   Thumb Code    12  manufacture.o(i.testTimeoutHandle)
    i.timerExecute                           0x0800406c   Section        0  systimer.o(i.timerExecute)
    timerExecute                             0x0800406d   Thumb Code    46  systimer.o(i.timerExecute)
    i.updateDeviceInfoToFlash                0x0800409c   Section        0  devicesmanager.o(i.updateDeviceInfoToFlash)
    updateDeviceInfoToFlash                  0x0800409d   Thumb Code    44  devicesmanager.o(i.updateDeviceInfoToFlash)
    i.updateNetInfoAndSwitchChannel          0x080040e0   Section        0  wirelessmodule.o(i.updateNetInfoAndSwitchChannel)
    updateNetInfoAndSwitchChannel            0x080040e1   Thumb Code    48  wirelessmodule.o(i.updateNetInfoAndSwitchChannel)
    i.usartConfiguration                     0x08004118   Section        0  haluart.o(i.usartConfiguration)
    usartConfiguration                       0x08004119   Thumb Code   136  haluart.o(i.usartConfiguration)
    i.usartInit                              0x080041a4   Section        0  haluart.o(i.usartInit)
    usartInit                                0x080041a5   Thumb Code    92  haluart.o(i.usartInit)
    i.wmNetlayerEventHandle                  0x08004200   Section        0  wirelessmodule.o(i.wmNetlayerEventHandle)
    wmNetlayerEventHandle                    0x08004201   Thumb Code   564  wirelessmodule.o(i.wmNetlayerEventHandle)
    i.wmSearchResultHandle                   0x080044e8   Section        0  wirelessmodule.o(i.wmSearchResultHandle)
    wmSearchResultHandle                     0x080044e9   Thumb Code    66  wirelessmodule.o(i.wmSearchResultHandle)
    .constdata                               0x08004564   Section      267  wirelessmodule.o(.constdata)
    __FUNCTION__                             0x08004564   Data          16  wirelessmodule.o(.constdata)
    __FUNCTION__                             0x08004574   Data          13  wirelessmodule.o(.constdata)
    __FUNCTION__                             0x08004581   Data          14  wirelessmodule.o(.constdata)
    __FUNCTION__                             0x0800458f   Data          21  wirelessmodule.o(.constdata)
    __FUNCTION__                             0x080045a4   Data          22  wirelessmodule.o(.constdata)
    __FUNCTION__                             0x080045ba   Data          18  wirelessmodule.o(.constdata)
    __FUNCTION__                             0x080045cc   Data          18  wirelessmodule.o(.constdata)
    __FUNCTION__                             0x080045de   Data          20  wirelessmodule.o(.constdata)
    __FUNCTION__                             0x080045f2   Data          20  wirelessmodule.o(.constdata)
    __FUNCTION__                             0x08004606   Data          17  wirelessmodule.o(.constdata)
    __FUNCTION__                             0x08004617   Data          21  wirelessmodule.o(.constdata)
    __FUNCTION__                             0x0800462c   Data          21  wirelessmodule.o(.constdata)
    __FUNCTION__                             0x08004641   Data          15  wirelessmodule.o(.constdata)
    __FUNCTION__                             0x08004650   Data          16  wirelessmodule.o(.constdata)
    __FUNCTION__                             0x08004660   Data          15  wirelessmodule.o(.constdata)
    .constdata                               0x0800466f   Section       42  devicesmanager.o(.constdata)
    __FUNCTION__                             0x0800466f   Data          24  devicesmanager.o(.constdata)
    __FUNCTION__                             0x08004687   Data          18  devicesmanager.o(.constdata)
    .constdata                               0x08004699   Section       17  powermanager.o(.constdata)
    __FUNCTION__                             0x08004699   Data           8  powermanager.o(.constdata)
    __FUNCTION__                             0x080046a1   Data           9  powermanager.o(.constdata)
    .constdata                               0x080046aa   Section       17  halflash.o(.constdata)
    __func__                                 0x080046aa   Data          17  halflash.o(.constdata)
    .constdata                               0x080046bb   Section      115  netlayer.o(.constdata)
    g_broadMac                               0x080046bb   Data           4  netlayer.o(.constdata)
    __FUNCTION__                             0x080046bf   Data          13  netlayer.o(.constdata)
    __FUNCTION__                             0x080046cc   Data          20  netlayer.o(.constdata)
    __FUNCTION__                             0x080046e0   Data          14  netlayer.o(.constdata)
    __FUNCTION__                             0x080046ee   Data          13  netlayer.o(.constdata)
    __FUNCTION__                             0x080046fb   Data          16  netlayer.o(.constdata)
    __FUNCTION__                             0x0800470b   Data          14  netlayer.o(.constdata)
    __FUNCTION__                             0x08004719   Data          21  netlayer.o(.constdata)
    .constdata                               0x0800472e   Section       35  phylayer.o(.constdata)
    BRAODCASTMAC                             0x0800472e   Data           4  phylayer.o(.constdata)
    __FUNCTION__                             0x08004732   Data          17  phylayer.o(.constdata)
    __FUNCTION__                             0x08004743   Data          14  phylayer.o(.constdata)
    .constdata                               0x08004751   Section        8  nrf24l01.o(.constdata)
    .conststring                             0x0800475c   Section      166  wirelessmodule.o(.conststring)
    .data                                    0x20000000   Section       24  sys.o(.data)
    g_sysVersion                             0x20000000   Data           4  sys.o(.data)
    x                                        0x20000004   Data           4  sys.o(.data)
    y                                        0x20000008   Data           4  sys.o(.data)
    z                                        0x2000000c   Data           4  sys.o(.data)
    w                                        0x20000010   Data           4  sys.o(.data)
    mac                                      0x20000014   Data           4  sys.o(.data)
    .data                                    0x20000018   Section       28  wirelessmodule.o(.data)
    g_isSleepDevice                          0x20000018   Data           1  wirelessmodule.o(.data)
    g_netStatus                              0x20000019   Data           1  wirelessmodule.o(.data)
    g_mode                                   0x2000001a   Data           1  wirelessmodule.o(.data)
    g_onlineStatus                           0x2000001b   Data           1  wirelessmodule.o(.data)
    g_lastHbTime                             0x2000001c   Data           4  wirelessmodule.o(.data)
    g_hbIntervalTime                         0x20000020   Data           4  wirelessmodule.o(.data)
    g_eventHandle                            0x20000024   Data           4  wirelessmodule.o(.data)
    g_netbuildInfo                           0x20000028   Data           6  wirelessmodule.o(.data)
    g_myDevType                              0x2000002e   Data           6  wirelessmodule.o(.data)
    .data                                    0x20000034   Section        8  devicesmanager.o(.data)
    address                                  0x20000034   Data           1  devicesmanager.o(.data)
    g_eventHandle                            0x20000038   Data           4  devicesmanager.o(.data)
    .data                                    0x2000003c   Section       16  mproto.o(.data)
    g_byteCount                              0x2000003c   Data           1  mproto.o(.data)
    g_gotDeviceInfo                          0x2000003d   Data           1  mproto.o(.data)
    dataLength                               0x2000003e   Data           1  mproto.o(.data)
    oldStatus                                0x2000003f   Data           1  mproto.o(.data)
    lastRecvTime                             0x20000040   Data           4  mproto.o(.data)
    lastRequestTime                          0x20000044   Data           4  mproto.o(.data)
    lastHbTime                               0x20000048   Data           4  mproto.o(.data)
    .data                                    0x2000004c   Section        5  manufacture.o(.data)
    g_count                                  0x2000004c   Data           1  manufacture.o(.data)
    g_testType                               0x2000004d   Data           1  manufacture.o(.data)
    g_testResult                             0x2000004e   Data           1  manufacture.o(.data)
    g_sendCheckResult                        0x2000004f   Data           1  manufacture.o(.data)
    frameLength                              0x20000050   Data           1  manufacture.o(.data)
    .data                                    0x20000054   Section       12  halcommon.o(.data)
    g_intEnable                              0x20000054   Data           1  halcommon.o(.data)
    g_blinkCount                             0x20000055   Data           1  halcommon.o(.data)
    statusCount                              0x20000056   Data           1  halcommon.o(.data)
    reboot                                   0x20000057   Data           1  halcommon.o(.data)
    lastBlinkTime                            0x20000058   Data           4  halcommon.o(.data)
    g_sysTimerCount                          0x2000005c   Data           4  halcommon.o(.data)
    .data                                    0x20000060   Section        1  halwait.o(.data)
    g_waitType                               0x20000060   Data           1  halwait.o(.data)
    .data                                    0x20000064   Section       12  netlayer.o(.data)
    g_netBuildStart                          0x20000064   Data           1  netlayer.o(.data)
    g_needSleep                              0x20000065   Data           1  netlayer.o(.data)
    g_sleepCacheCount                        0x20000066   Data           1  netlayer.o(.data)
    g_netEventHandle                         0x20000068   Data           4  netlayer.o(.data)
    g_searchResultHandle                     0x2000006c   Data           4  netlayer.o(.data)
    .data                                    0x20000070   Section       36  phylayer.o(.data)
    g_sendPid                                0x20000070   Data           1  phylayer.o(.data)
    g_myNetAddr                              0x20000071   Data           1  phylayer.o(.data)
    g_phyRfChannel                           0x20000072   Data           1  phylayer.o(.data)
    g_recvCount                              0x20000073   Data           1  phylayer.o(.data)
    lastDevAddr                              0x20000074   Data           1  phylayer.o(.data)
    buffLength                               0x20000075   Data           1  phylayer.o(.data)
    g_recvPid                                0x20000076   Data           2  phylayer.o(.data)
    g_resendOffsetTime                       0x20000078   Data           2  phylayer.o(.data)
    g_optHandle                              0x2000007c   Data           4  phylayer.o(.data)
    g_estnetHandle                           0x20000080   Data           4  phylayer.o(.data)
    g_heartbeatHandle                        0x20000084   Data           4  phylayer.o(.data)
    lastRecvTime                             0x20000088   Data           4  phylayer.o(.data)
    g_phyMacAddr                             0x2000008c   Data           4  phylayer.o(.data)
    g_segAddr                                0x20000090   Data           4  phylayer.o(.data)
    .data                                    0x20000094   Section       16  stm32f0xx_rcc.o(.data)
    APBAHBPrescTable                         0x20000094   Data          16  stm32f0xx_rcc.o(.data)
    .data                                    0x200000a4   Section        4  stdout.o(.data)
    .data                                    0x200000a8   Section        4  mvars.o(.data)
    .data                                    0x200000ac   Section        4  mvars.o(.data)
    .bss                                     0x200000b0   Section      160  systimer.o(.bss)
    g_timers                                 0x200000b0   Data         160  systimer.o(.bss)
    .bss                                     0x20000150   Section       60  wirelessmodule.o(.bss)
    g_searchDevInfo                          0x20000150   Data          60  wirelessmodule.o(.bss)
    .bss                                     0x2000018c   Section      896  devicesmanager.o(.bss)
    g_deviceInfo                             0x2000018c   Data         896  devicesmanager.o(.bss)
    .bss                                     0x2000050c   Section      276  mproto.o(.bss)
    g_byteBuff                               0x2000050c   Data         255  mproto.o(.bss)
    g_frameSendList                          0x2000060c   Data          20  mproto.o(.bss)
    .bss                                     0x20000620   Section      128  manufacture.o(.bss)
    g_buff                                   0x20000620   Data         128  manufacture.o(.bss)
    .bss                                     0x200006a0   Section       20  netlayer.o(.bss)
    g_sleepDevDataCache                      0x200006a0   Data          20  netlayer.o(.bss)
    .bss                                     0x200006b4   Section      275  phylayer.o(.bss)
    g_phySendList                            0x200006b4   Data          20  phylayer.o(.bss)
    g_recvBuff                               0x200006c8   Data         255  phylayer.o(.bss)
    HEAP                                     0x200007c8   Section     2048  startup_stm32f030.o(HEAP)
    STACK                                    0x20000fc8   Section     1024  startup_stm32f030.o(STACK)

    Global Symbols

    Symbol Name                              Value     Ov Type        Size  Object(Section)

    BuildAttributes$$THM_ISAv3M$S$PE$A:L22$X:L11$S22$IEEE1$IW$USESV6$~STKCKD$USESV7$~SHL$OSPACE$ROPI$EBA8$MICROLIB$REQ8$PRES8$EABIv2 0x00000000   Number         0  anon$$obj.o ABSOLUTE
    __ARM_use_no_argv                        0x00000000   Number         0  main.o ABSOLUTE
    _printf_a                                0x00000000   Number         0  stubs.o ABSOLUTE
    _printf_c                                0x00000000   Number         0  stubs.o ABSOLUTE
    _printf_charcount                        0x00000000   Number         0  stubs.o ABSOLUTE
    _printf_d                                0x00000000   Number         0  stubs.o ABSOLUTE
    _printf_e                                0x00000000   Number         0  stubs.o ABSOLUTE
    _printf_f                                0x00000000   Number         0  stubs.o ABSOLUTE
    _printf_flags                            0x00000000   Number         0  stubs.o ABSOLUTE
    _printf_fp_dec                           0x00000000   Number         0  stubs.o ABSOLUTE
    _printf_fp_hex                           0x00000000   Number         0  stubs.o ABSOLUTE
    _printf_g                                0x00000000   Number         0  stubs.o ABSOLUTE
    _printf_i                                0x00000000   Number         0  stubs.o ABSOLUTE
    _printf_int_dec                          0x00000000   Number         0  stubs.o ABSOLUTE
    _printf_l                                0x00000000   Number         0  stubs.o ABSOLUTE
    _printf_lc                               0x00000000   Number         0  stubs.o ABSOLUTE
    _printf_ll                               0x00000000   Number         0  stubs.o ABSOLUTE
    _printf_lld                              0x00000000   Number         0  stubs.o ABSOLUTE
    _printf_lli                              0x00000000   Number         0  stubs.o ABSOLUTE
    _printf_llo                              0x00000000   Number         0  stubs.o ABSOLUTE
    _printf_llu                              0x00000000   Number         0  stubs.o ABSOLUTE
    _printf_llx                              0x00000000   Number         0  stubs.o ABSOLUTE
    _printf_longlong_dec                     0x00000000   Number         0  stubs.o ABSOLUTE
    _printf_longlong_hex                     0x00000000   Number         0  stubs.o ABSOLUTE
    _printf_longlong_oct                     0x00000000   Number         0  stubs.o ABSOLUTE
    _printf_ls                               0x00000000   Number         0  stubs.o ABSOLUTE
    _printf_mbtowc                           0x00000000   Number         0  stubs.o ABSOLUTE
    _printf_n                                0x00000000   Number         0  stubs.o ABSOLUTE
    _printf_o                                0x00000000   Number         0  stubs.o ABSOLUTE
    _printf_p                                0x00000000   Number         0  stubs.o ABSOLUTE
    _printf_percent                          0x00000000   Number         0  stubs.o ABSOLUTE
    _printf_pre_padding                      0x00000000   Number         0  stubs.o ABSOLUTE
    _printf_return_value                     0x00000000   Number         0  stubs.o ABSOLUTE
    _printf_s                                0x00000000   Number         0  stubs.o ABSOLUTE
    _printf_sizespec                         0x00000000   Number         0  stubs.o ABSOLUTE
    _printf_str                              0x00000000   Number         0  stubs.o ABSOLUTE
    _printf_truncate_signed                  0x00000000   Number         0  stubs.o ABSOLUTE
    _printf_truncate_unsigned                0x00000000   Number         0  stubs.o ABSOLUTE
    _printf_u                                0x00000000   Number         0  stubs.o ABSOLUTE
    _printf_wc                               0x00000000   Number         0  stubs.o ABSOLUTE
    _printf_wctomb                           0x00000000   Number         0  stubs.o ABSOLUTE
    _printf_widthprec                        0x00000000   Number         0  stubs.o ABSOLUTE
    _printf_x                                0x00000000   Number         0  stubs.o ABSOLUTE
    __cpp_initialize__aeabi_                  - Undefined Weak Reference
    __cxa_finalize                            - Undefined Weak Reference
    __decompress                              - Undefined Weak Reference
    _clock_init                               - Undefined Weak Reference
    _microlib_exit                            - Undefined Weak Reference
    __Vectors_Size                           0x000000b4   Number         0  startup_stm32f030.o ABSOLUTE
    __Vectors                                0x08000000   Data           4  startup_stm32f030.o(RESET)
    __Vectors_End                            0x080000b4   Data           0  startup_stm32f030.o(RESET)
    __main                                   0x080000b5   Thumb Code     0  entry.o(.ARM.Collect$$$$00000000)
    _main_stk                                0x080000b5   Thumb Code     0  entry2.o(.ARM.Collect$$$$00000001)
    _main_scatterload                        0x080000b9   Thumb Code     0  entry5.o(.ARM.Collect$$$$00000004)
    __main_after_scatterload                 0x080000bd   Thumb Code     0  entry5.o(.ARM.Collect$$$$00000004)
    _main_clock                              0x080000bd   Thumb Code     0  entry7b.o(.ARM.Collect$$$$00000008)
    _main_cpp_init                           0x080000bd   Thumb Code     0  entry8b.o(.ARM.Collect$$$$0000000A)
    _main_init                               0x080000bd   Thumb Code     0  entry9a.o(.ARM.Collect$$$$0000000B)
    __rt_final_cpp                           0x080000c5   Thumb Code     0  entry10a.o(.ARM.Collect$$$$0000000D)
    __rt_final_exit                          0x080000c5   Thumb Code     0  entry11a.o(.ARM.Collect$$$$0000000F)
    Reset_Handler                            0x080000c9   Thumb Code    38  startup_stm32f030.o(.text)
    NMI_Handler                              0x080000ef   Thumb Code     2  startup_stm32f030.o(.text)
    HardFault_Handler                        0x080000f1   Thumb Code     2  startup_stm32f030.o(.text)
    SVC_Handler                              0x080000f3   Thumb Code     2  startup_stm32f030.o(.text)
    PendSV_Handler                           0x080000f5   Thumb Code     2  startup_stm32f030.o(.text)
    SysTick_Handler                          0x080000f7   Thumb Code     2  startup_stm32f030.o(.text)
    ADC1_IRQHandler                          0x080000f9   Thumb Code     0  startup_stm32f030.o(.text)
    DMA1_Channel1_IRQHandler                 0x080000f9   Thumb Code     0  startup_stm32f030.o(.text)
    DMA1_Channel2_3_IRQHandler               0x080000f9   Thumb Code     0  startup_stm32f030.o(.text)
    DMA1_Channel4_5_IRQHandler               0x080000f9   Thumb Code     0  startup_stm32f030.o(.text)
    EXTI2_3_IRQHandler                       0x080000f9   Thumb Code     0  startup_stm32f030.o(.text)
    EXTI4_15_IRQHandler                      0x080000f9   Thumb Code     0  startup_stm32f030.o(.text)
    I2C1_IRQHandler                          0x080000f9   Thumb Code     0  startup_stm32f030.o(.text)
    I2C2_IRQHandler                          0x080000f9   Thumb Code     0  startup_stm32f030.o(.text)
    RCC_IRQHandler                           0x080000f9   Thumb Code     0  startup_stm32f030.o(.text)
    RTC_IRQHandler                           0x080000f9   Thumb Code     0  startup_stm32f030.o(.text)
    SPI1_IRQHandler                          0x080000f9   Thumb Code     0  startup_stm32f030.o(.text)
    SPI2_IRQHandler                          0x080000f9   Thumb Code     0  startup_stm32f030.o(.text)
    TIM14_IRQHandler                         0x080000f9   Thumb Code     0  startup_stm32f030.o(.text)
    TIM15_IRQHandler                         0x080000f9   Thumb Code     0  startup_stm32f030.o(.text)
    TIM16_IRQHandler                         0x080000f9   Thumb Code     0  startup_stm32f030.o(.text)
    TIM17_IRQHandler                         0x080000f9   Thumb Code     0  startup_stm32f030.o(.text)
    TIM1_BRK_UP_TRG_COM_IRQHandler           0x080000f9   Thumb Code     0  startup_stm32f030.o(.text)
    TIM1_CC_IRQHandler                       0x080000f9   Thumb Code     0  startup_stm32f030.o(.text)
    WWDG_IRQHandler                          0x080000f9   Thumb Code     0  startup_stm32f030.o(.text)
    __aeabi_uidiv                            0x08000121   Thumb Code     0  uidiv.o(.text)
    __aeabi_uidivmod                         0x08000121   Thumb Code    44  uidiv.o(.text)
    __aeabi_memcpy                           0x0800014d   Thumb Code    36  memcpya.o(.text)
    __aeabi_memcpy4                          0x0800014d   Thumb Code     0  memcpya.o(.text)
    __aeabi_memcpy8                          0x0800014d   Thumb Code     0  memcpya.o(.text)
    __aeabi_memset                           0x08000171   Thumb Code    14  memseta.o(.text)
    __aeabi_memset4                          0x08000171   Thumb Code     0  memseta.o(.text)
    __aeabi_memset8                          0x08000171   Thumb Code     0  memseta.o(.text)
    __aeabi_memclr                           0x0800017f   Thumb Code     4  memseta.o(.text)
    __aeabi_memclr4                          0x0800017f   Thumb Code     0  memseta.o(.text)
    __aeabi_memclr8                          0x0800017f   Thumb Code     0  memseta.o(.text)
    _memset$wrapper                          0x08000183   Thumb Code    18  memseta.o(.text)
    strlen                                   0x08000195   Thumb Code    14  strlen.o(.text)
    memcmp                                   0x080001a3   Thumb Code    26  memcmp.o(.text)
    strcpy                                   0x080001bd   Thumb Code    18  strcpy.o(.text)
    __aeabi_uldivmod                         0x080001cf   Thumb Code    96  uldiv.o(.text)
    __scatterload                            0x08000231   Thumb Code    28  init.o(.text)
    __scatterload_rt2                        0x08000231   Thumb Code     0  init.o(.text)
    __aeabi_llsl                             0x08000255   Thumb Code    32  llshl.o(.text)
    _ll_shift_l                              0x08000255   Thumb Code     0  llshl.o(.text)
    __aeabi_llsr                             0x08000275   Thumb Code    34  llushr.o(.text)
    _ll_ushift_r                             0x08000275   Thumb Code     0  llushr.o(.text)
    DMDeviceAddressFind                      0x08000299   Thumb Code    24  devicesmanager.o(i.DMDeviceAddressFind)
    DMDeviceCreate                           0x080002b5   Thumb Code    84  devicesmanager.o(i.DMDeviceCreate)
    DMDeviceDel                              0x08000315   Thumb Code    20  devicesmanager.o(i.DMDeviceDel)
    DMDeviceInfoClear                        0x08000329   Thumb Code    22  devicesmanager.o(i.DMDeviceInfoClear)
    DMDeviceSet                              0x08000349   Thumb Code    62  devicesmanager.o(i.DMDeviceSet)
    DMDeviceUidToAddress                     0x08000395   Thumb Code    38  devicesmanager.o(i.DMDeviceUidToAddress)
    DMEventRegister                          0x080003c1   Thumb Code     6  devicesmanager.o(i.DMEventRegister)
    DMGetOnlineDeviceType                    0x080003cd   Thumb Code    66  devicesmanager.o(i.DMGetOnlineDeviceType)
    DMGetRelatedDeviceType                   0x08000415   Thumb Code    60  devicesmanager.o(i.DMGetRelatedDeviceType)
    DMInitialize                             0x08000455   Thumb Code    40  devicesmanager.o(i.DMInitialize)
    DMMasterDeviceSet                        0x08000485   Thumb Code    42  devicesmanager.o(i.DMMasterDeviceSet)
    DMPoll                                   0x080004b5   Thumb Code     8  devicesmanager.o(i.DMPoll)
    DMUpdateHeartbeat                        0x080004bd   Thumb Code    62  devicesmanager.o(i.DMUpdateHeartbeat)
    EXTI0_1_IRQHandler                       0x0800052d   Thumb Code    24  halpower.o(i.EXTI0_1_IRQHandler)
    EXTI_ClearITPendingBit                   0x08000545   Thumb Code     6  stm32f0xx_exti.o(i.EXTI_ClearITPendingBit)
    EXTI_GetITStatus                         0x08000551   Thumb Code    16  stm32f0xx_exti.o(i.EXTI_GetITStatus)
    EXTI_Init                                0x08000565   Thumb Code   102  stm32f0xx_exti.o(i.EXTI_Init)
    FLASH_ClearFlag                          0x080005d1   Thumb Code     6  stm32f0xx_flash.o(i.FLASH_ClearFlag)
    FLASH_ErasePage                          0x080005dd   Thumb Code    52  stm32f0xx_flash.o(i.FLASH_ErasePage)
    FLASH_GetStatus                          0x08000615   Thumb Code    34  stm32f0xx_flash.o(i.FLASH_GetStatus)
    FLASH_IRQHandler                         0x0800063d   Thumb Code    12  halflash.o(i.FLASH_IRQHandler)
    FLASH_Lock                               0x0800065d   Thumb Code    12  stm32f0xx_flash.o(i.FLASH_Lock)
    FLASH_PrefetchBufferCmd                  0x0800066d   Thumb Code    20  stm32f0xx_flash.o(i.FLASH_PrefetchBufferCmd)
    FLASH_ProgramWord                        0x08000685   Thumb Code    70  stm32f0xx_flash.o(i.FLASH_ProgramWord)
    FLASH_SetLatency                         0x080006d1   Thumb Code    14  stm32f0xx_flash.o(i.FLASH_SetLatency)
    FLASH_Unlock                             0x080006e5   Thumb Code    18  stm32f0xx_flash.o(i.FLASH_Unlock)
    FLASH_WaitForLastOperation               0x08000705   Thumb Code    34  stm32f0xx_flash.o(i.FLASH_WaitForLastOperation)
    GPIO_Init                                0x08000727   Thumb Code   112  stm32f0xx_gpio.o(i.GPIO_Init)
    GPIO_PinAFConfig                         0x08000797   Thumb Code    32  stm32f0xx_gpio.o(i.GPIO_PinAFConfig)
    GPIO_ReadInputDataBit                    0x080007b7   Thumb Code    14  stm32f0xx_gpio.o(i.GPIO_ReadInputDataBit)
    GPIO_WriteBit                            0x080007c5   Thumb Code    12  stm32f0xx_gpio.o(i.GPIO_WriteBit)
    HalClkInit                               0x080007d1   Thumb Code   148  halclk.o(i.HalClkInit)
    HalFlashErase                            0x08000865   Thumb Code    40  halflash.o(i.HalFlashErase)
    HalFlashInitialize                       0x0800088d   Thumb Code     2  halflash.o(i.HalFlashInitialize)
    HalFlashPoll                             0x0800088f   Thumb Code     2  halflash.o(i.HalFlashPoll)
    HalFlashRead                             0x08000891   Thumb Code    16  halflash.o(i.HalFlashRead)
    HalFlashWrite                            0x080008a1   Thumb Code   108  halflash.o(i.HalFlashWrite)
    HalGPIOGet                               0x0800090d   Thumb Code    32  halgpio.o(i.HalGPIOGet)
    HalGPIOInit                              0x0800092d   Thumb Code    64  halgpio.o(i.HalGPIOInit)
    HalGPIOInitialize                        0x0800096d   Thumb Code     2  halgpio.o(i.HalGPIOInitialize)
    HalGPIOPoll                              0x0800096f   Thumb Code     2  halgpio.o(i.HalGPIOPoll)
    HalGPIOSet                               0x08000971   Thumb Code    32  halgpio.o(i.HalGPIOSet)
    HalInitialize                            0x08000991   Thumb Code    62  halcommon.o(i.HalInitialize)
    HalInterruptsSetEnable                   0x080009d1   Thumb Code    16  halcommon.o(i.HalInterruptsSetEnable)
    HalIwdtFeed                              0x080009e5   Thumb Code     8  halwdt.o(i.HalIwdtFeed)
    HalPoll                                  0x080009ed   Thumb Code    24  halcommon.o(i.HalPoll)
    HalPowerInitialize                       0x08000a05   Thumb Code    74  halpower.o(i.HalPowerInitialize)
    HalPowerNeedSleep                        0x08000a4f   Thumb Code    20  halpower.o(i.HalPowerNeedSleep)
    HalPowerSleep                            0x08000a63   Thumb Code    20  halpower.o(i.HalPowerSleep)
    HalPowerWakeup                           0x08000a77   Thumb Code    16  halpower.o(i.HalPowerWakeup)
    HalRunningTime                           0x08000a89   Thumb Code     6  halcommon.o(i.HalRunningTime)
    HalSpiInitialize                         0x08000a95   Thumb Code   156  halspi.o(i.HalSpiInitialize)
    HalSpiPoll                               0x08000b35   Thumb Code     2  halspi.o(i.HalSpiPoll)
    HalSpiReadWrite                          0x08000b39   Thumb Code    46  halspi.o(i.HalSpiReadWrite)
    HalStatusLedSet                          0x08000bc5   Thumb Code     8  halcommon.o(i.HalStatusLedSet)
    HalTimerInitialize                       0x08000bd1   Thumb Code    74  haltimer.o(i.HalTimerInitialize)
    HalTimerPassMs                           0x08000c25   Thumb Code    10  halcommon.o(i.HalTimerPassMs)
    HalUartInit                              0x08000c45   Thumb Code    30  haluart.o(i.HalUartInit)
    HalUartInitialize                        0x08000c6d   Thumb Code   112  haluart.o(i.HalUartInitialize)
    HalUartPoll                              0x08000ce5   Thumb Code     2  haluart.o(i.HalUartPoll)
    HalUartWrite                             0x08000ce9   Thumb Code    68  haluart.o(i.HalUartWrite)
    IWDG_ReloadCounter                       0x08000d39   Thumb Code     8  stm32f0xx_iwdg.o(i.IWDG_ReloadCounter)
    MFInitialize                             0x08000d49   Thumb Code     2  manufacture.o(i.MFInitialize)
    MFPoll                                   0x08000d4b   Thumb Code     8  manufacture.o(i.MFPoll)
    MFRecvByte                               0x08000d55   Thumb Code    76  manufacture.o(i.MFRecvByte)
    MProtoGotDeviceInfo                      0x08000da9   Thumb Code     6  mproto.o(i.MProtoGotDeviceInfo)
    MProtoInitialize                         0x08000db5   Thumb Code    38  mproto.o(i.MProtoInitialize)
    MProtoPoll                               0x08000de5   Thumb Code   138  mproto.o(i.MProtoPoll)
    MProtoRecvByte                           0x08000e79   Thumb Code   142  mproto.o(i.MProtoRecvByte)
    NRF24L01Check                            0x08000f2d   Thumb Code    60  nrf24l01.o(i.NRF24L01Check)
    NRF24L01DataRecved                       0x08000f71   Thumb Code    20  nrf24l01.o(i.NRF24L01DataRecved)
    NRF24L01Initialize                       0x08000f85   Thumb Code    44  nrf24l01.o(i.NRF24L01Initialize)
    NRF24L01ModeSet                          0x08000fb1   Thumb Code   196  nrf24l01.o(i.NRF24L01ModeSet)
    NRF24L01Poll                             0x08001079   Thumb Code     2  nrf24l01.o(i.NRF24L01Poll)
    NRF24L01RxPacket                         0x0800107b   Thumb Code    58  nrf24l01.o(i.NRF24L01RxPacket)
    NRF24L01Sleep                            0x080010b5   Thumb Code    44  nrf24l01.o(i.NRF24L01Sleep)
    NRF24L01TxPacket                         0x080010e1   Thumb Code   106  nrf24l01.o(i.NRF24L01TxPacket)
    NRF24l01Shutdown                         0x0800114b   Thumb Code    34  nrf24l01.o(i.NRF24l01Shutdown)
    NVIC_Init                                0x0800116d   Thumb Code    70  stm32f0xx_misc.o(i.NVIC_Init)
    NetBuildStart                            0x080011bd   Thumb Code    36  netlayer.o(i.NetBuildStart)
    NetBuildStop                             0x080011f5   Thumb Code    40  netlayer.o(i.NetBuildStop)
    NetCoordinationOperate                   0x08001239   Thumb Code   112  netlayer.o(i.NetCoordinationOperate)
    NetGetMacAddr                            0x080012ad   Thumb Code     8  netlayer.o(i.NetGetMacAddr)
    NetLayerEventRegister                    0x080012b5   Thumb Code     6  netlayer.o(i.NetLayerEventRegister)
    NetLayerInit                             0x080012c1   Thumb Code    24  netlayer.o(i.NetLayerInit)
    NetLayerPoll                             0x080012e9   Thumb Code    12  netlayer.o(i.NetLayerPoll)
    NetLayerSleep                            0x080012f5   Thumb Code     8  netlayer.o(i.NetLayerSleep)
    NetSendHeartbeat                         0x080012fd   Thumb Code    12  netlayer.o(i.NetSendHeartbeat)
    NetSendListEmpty                         0x0800130d   Thumb Code     8  netlayer.o(i.NetSendListEmpty)
    NetSetMacAddr                            0x08001315   Thumb Code    42  netlayer.o(i.NetSetMacAddr)
    NetSetNetaddress                         0x08001361   Thumb Code     8  netlayer.o(i.NetSetNetaddress)
    NetSetSegaddress                         0x08001369   Thumb Code     8  netlayer.o(i.NetSetSegaddress)
    NetSetSleepMode                          0x08001371   Thumb Code    32  netlayer.o(i.NetSetSleepMode)
    NetUserDataSend                          0x080013a5   Thumb Code    84  netlayer.o(i.NetUserDataSend)
    NetbuildAddDevice                        0x080013fd   Thumb Code    38  netlayer.o(i.NetbuildAddDevice)
    NetbuildDelDevice                        0x08001425   Thumb Code    58  netlayer.o(i.NetbuildDelDevice)
    NetbuildSearchDevice                     0x08001465   Thumb Code    62  netlayer.o(i.NetbuildSearchDevice)
    NetbuildSearchResponse                   0x080014b9   Thumb Code    40  netlayer.o(i.NetbuildSearchResponse)
    PHYEstnetPacketSend                      0x080014e5   Thumb Code   136  phylayer.o(i.PHYEstnetPacketSend)
    PHYGetMac                                0x08001575   Thumb Code    18  phylayer.o(i.PHYGetMac)
    PHYHeartbeatSend                         0x0800158d   Thumb Code    82  phylayer.o(i.PHYHeartbeatSend)
    PHYInitialize                            0x080015e5   Thumb Code    62  phylayer.o(i.PHYInitialize)
    PHYOperatePacketSend                     0x08001661   Thumb Code   128  phylayer.o(i.PHYOperatePacketSend)
    PHYPacketHandleCallbackRegiste           0x080016e5   Thumb Code     6  phylayer.o(i.PHYPacketHandleCallbackRegiste)
    PHYPacketRecvHandle                      0x080016f1   Thumb Code   464  phylayer.o(i.PHYPacketRecvHandle)
    PHYPoll                                  0x08001921   Thumb Code    16  phylayer.o(i.PHYPoll)
    PHYPowerSet                              0x08001931   Thumb Code     8  phylayer.o(i.PHYPowerSet)
    PHYSendListEmpty                         0x08001939   Thumb Code    20  phylayer.o(i.PHYSendListEmpty)
    PHYSetMac                                0x08001951   Thumb Code    32  phylayer.o(i.PHYSetMac)
    PHYSetNetAddr                            0x08001995   Thumb Code    18  phylayer.o(i.PHYSetNetAddr)
    PHYSetSegAddr                            0x080019c1   Thumb Code    32  phylayer.o(i.PHYSetSegAddr)
    PHYSwitchChannel                         0x08001a09   Thumb Code    40  phylayer.o(i.PHYSwitchChannel)
    PMInitialize                             0x08001a4d   Thumb Code     8  powermanager.o(i.PMInitialize)
    PMPoll                                   0x08001a55   Thumb Code    40  powermanager.o(i.PMPoll)
    PMSleep                                  0x08001a7d   Thumb Code    34  powermanager.o(i.PMSleep)
    PMWakeUp                                 0x08001ab1   Thumb Code    34  powermanager.o(i.PMWakeUp)
    PWR_EnterSTOPMode                        0x08001ae5   Thumb Code    52  stm32f0xx_pwr.o(i.PWR_EnterSTOPMode)
    RCC_AHBPeriphClockCmd                    0x08001b21   Thumb Code    18  stm32f0xx_rcc.o(i.RCC_AHBPeriphClockCmd)
    RCC_APB1PeriphClockCmd                   0x08001b39   Thumb Code    18  stm32f0xx_rcc.o(i.RCC_APB1PeriphClockCmd)
    RCC_APB2PeriphClockCmd                   0x08001b51   Thumb Code    18  stm32f0xx_rcc.o(i.RCC_APB2PeriphClockCmd)
    RCC_DeInit                               0x08001b69   Thumb Code    76  stm32f0xx_rcc.o(i.RCC_DeInit)
    RCC_GetClocksFreq                        0x08001bc5   Thumb Code   346  stm32f0xx_rcc.o(i.RCC_GetClocksFreq)
    RCC_GetFlagStatus                        0x08001d3d   Thumb Code    48  stm32f0xx_rcc.o(i.RCC_GetFlagStatus)
    RCC_GetSYSCLKSource                      0x08001d71   Thumb Code    10  stm32f0xx_rcc.o(i.RCC_GetSYSCLKSource)
    RCC_HCLKConfig                           0x08001d81   Thumb Code    14  stm32f0xx_rcc.o(i.RCC_HCLKConfig)
    RCC_HSEConfig                            0x08001d95   Thumb Code    10  stm32f0xx_rcc.o(i.RCC_HSEConfig)
    RCC_PCLKConfig                           0x08001da5   Thumb Code    16  stm32f0xx_rcc.o(i.RCC_PCLKConfig)
    RCC_PLLCmd                               0x08001db9   Thumb Code    22  stm32f0xx_rcc.o(i.RCC_PLLCmd)
    RCC_PLLConfig                            0x08001dd5   Thumb Code    24  stm32f0xx_rcc.o(i.RCC_PLLConfig)
    RCC_SYSCLKConfig                         0x08001df1   Thumb Code    14  stm32f0xx_rcc.o(i.RCC_SYSCLKConfig)
    RCC_WaitForHSEStartUp                    0x08001e05   Thumb Code    44  stm32f0xx_rcc.o(i.RCC_WaitForHSEStartUp)
    SPI_Cmd                                  0x08001e31   Thumb Code    18  stm32f0xx_spi.o(i.SPI_Cmd)
    SPI_I2S_GetFlagStatus                    0x08001e43   Thumb Code    14  stm32f0xx_spi.o(i.SPI_I2S_GetFlagStatus)
    SPI_Init                                 0x08001e51   Thumb Code    74  stm32f0xx_spi.o(i.SPI_Init)
    SPI_ReceiveData8                         0x08001ea5   Thumb Code     4  stm32f0xx_spi.o(i.SPI_ReceiveData8)
    SPI_RxFIFOThresholdConfig                0x08001ea9   Thumb Code    16  stm32f0xx_spi.o(i.SPI_RxFIFOThresholdConfig)
    SPI_SendData8                            0x08001ebd   Thumb Code     4  stm32f0xx_spi.o(i.SPI_SendData8)
    SYSCFG_EXTILineConfig                    0x08001ec1   Thumb Code    34  stm32f0xx_syscfg.o(i.SYSCFG_EXTILineConfig)
    SysGetMacAddr                            0x08001ee9   Thumb Code    18  sys.o(i.SysGetMacAddr)
    SysGetVersion                            0x08001f01   Thumb Code     4  sys.o(i.SysGetVersion)
    SysInitialize                            0x08001f09   Thumb Code    20  sys.o(i.SysInitialize)
    SysMacToUid                              0x08001f1d   Thumb Code    22  sys.o(i.SysMacToUid)
    SysPoll                                  0x08001f33   Thumb Code    20  sys.o(i.SysPoll)
    SysRandom                                0x08001f49   Thumb Code    34  sys.o(i.SysRandom)
    SysRandomSeed                            0x08001f71   Thumb Code    26  sys.o(i.SysRandomSeed)
    SysSetMacAddr                            0x08001f91   Thumb Code    24  sys.o(i.SysSetMacAddr)
    SysTimerInitialize                       0x08001fad   Thumb Code     2  systimer.o(i.SysTimerInitialize)
    SysTimerPoll                             0x08001fb1   Thumb Code    44  systimer.o(i.SysTimerPoll)
    SysTimerSet                              0x08001fe1   Thumb Code    88  systimer.o(i.SysTimerSet)
    SysUartRecvHandle                        0x0800203d   Thumb Code    26  sys.o(i.SysUartRecvHandle)
    SysUidToMac                              0x08002059   Thumb Code    20  sys.o(i.SysUidToMac)
    SystemInit                               0x08002071   Thumb Code    78  system_stm32f0xx.o(i.SystemInit)
    TIM1_Config_Ms                           0x080020cd   Thumb Code    44  halwait.o(i.TIM1_Config_Ms)
    TIM1_Config_Us                           0x08002101   Thumb Code    42  halwait.o(i.TIM1_Config_Us)
    TIM3_IRQHandler                          0x08002131   Thumb Code    16  haltimer.o(i.TIM3_IRQHandler)
    TIM_ClearITPendingBit                    0x08002145   Thumb Code     6  stm32f0xx_tim.o(i.TIM_ClearITPendingBit)
    TIM_Cmd                                  0x0800214b   Thumb Code    20  stm32f0xx_tim.o(i.TIM_Cmd)
    TIM_ITConfig                             0x0800215f   Thumb Code    16  stm32f0xx_tim.o(i.TIM_ITConfig)
    TIM_TimeBaseInit                         0x08002171   Thumb Code    88  stm32f0xx_tim.o(i.TIM_TimeBaseInit)
    USART1_IRQHandler                        0x080021e5   Thumb Code    44  haluart.o(i.USART1_IRQHandler)
    USART2_IRQHandler                        0x08002219   Thumb Code    44  haluart.o(i.USART2_IRQHandler)
    USART_ClearITPendingBit                  0x0800224d   Thumb Code    10  stm32f0xx_usart.o(i.USART_ClearITPendingBit)
    USART_Cmd                                0x08002257   Thumb Code    20  stm32f0xx_usart.o(i.USART_Cmd)
    USART_GetFlagStatus                      0x0800226b   Thumb Code    14  stm32f0xx_usart.o(i.USART_GetFlagStatus)
    USART_GetITStatus                        0x08002279   Thumb Code    56  stm32f0xx_usart.o(i.USART_GetITStatus)
    USART_ITConfig                           0x080022b1   Thumb Code    42  stm32f0xx_usart.o(i.USART_ITConfig)
    USART_Init                               0x080022dd   Thumb Code   148  stm32f0xx_usart.o(i.USART_Init)
    USART_OverrunDetectionConfig             0x08002385   Thumb Code    18  stm32f0xx_usart.o(i.USART_OverrunDetectionConfig)
    USART_ReceiveData                        0x08002397   Thumb Code     8  stm32f0xx_usart.o(i.USART_ReceiveData)
    USART_RequestCmd                         0x0800239f   Thumb Code    16  stm32f0xx_usart.o(i.USART_RequestCmd)
    USART_SendData                           0x080023af   Thumb Code     8  stm32f0xx_usart.o(i.USART_SendData)
    WMDeviceCoordination                     0x080023b9   Thumb Code   192  wirelessmodule.o(i.WMDeviceCoordination)
    WMEventRegister                          0x080024d1   Thumb Code     6  wirelessmodule.o(i.WMEventRegister)
    WMGetNetStatus                           0x080024dd   Thumb Code     6  wirelessmodule.o(i.WMGetNetStatus)
    WMGetSearchResult                        0x080024e9   Thumb Code    68  wirelessmodule.o(i.WMGetSearchResult)
    WMInitialize                             0x08002531   Thumb Code    92  wirelessmodule.o(i.WMInitialize)
    WMIsDeviceOnline                         0x080025a1   Thumb Code    16  wirelessmodule.o(i.WMIsDeviceOnline)
    WMNetBuildAddDevice                      0x080025b5   Thumb Code   354  wirelessmodule.o(i.WMNetBuildAddDevice)
    WMNetBuildDelDevice                      0x080027cd   Thumb Code   116  wirelessmodule.o(i.WMNetBuildDelDevice)
    WMNetBuildSearch                         0x08002885   Thumb Code   144  wirelessmodule.o(i.WMNetBuildSearch)
    WMNetBuildStart                          0x08002961   Thumb Code    28  wirelessmodule.o(i.WMNetBuildStart)
    WMNetInfoClear                           0x08002981   Thumb Code    52  wirelessmodule.o(i.WMNetInfoClear)
    WMNetUserDataSend                        0x080029cd   Thumb Code    68  wirelessmodule.o(i.WMNetUserDataSend)
    WMPoll                                   0x08002a2d   Thumb Code    28  wirelessmodule.o(i.WMPoll)
    WMQueryDeviceInfo                        0x08002a4d   Thumb Code    46  wirelessmodule.o(i.WMQueryDeviceInfo)
    WMSetMasterSlaveMode                     0x08002a91   Thumb Code   120  wirelessmodule.o(i.WMSetMasterSlaveMode)
    WMSetModuleType                          0x08002b29   Thumb Code    52  wirelessmodule.o(i.WMSetModuleType)
    WMSetSleepMode                           0x08002b7d   Thumb Code    50  wirelessmodule.o(i.WMSetSleepMode)
    WMWakeupHandle                           0x08002bd5   Thumb Code    28  wirelessmodule.o(i.WMWakeupHandle)
    __0printf$8                              0x08002bf5   Thumb Code    24  printf8.o(i.__0printf$8)
    __1printf$8                              0x08002bf5   Thumb Code     0  printf8.o(i.__0printf$8)
    __2printf                                0x08002bf5   Thumb Code     0  printf8.o(i.__0printf$8)
    __ARM_common_switch8                     0x08002c15   Thumb Code    26  wirelessmodule.o(i.__ARM_common_switch8)
    __scatterload_copy                       0x08002c2f   Thumb Code    14  handlers.o(i.__scatterload_copy)
    __scatterload_null                       0x08002c3d   Thumb Code     2  handlers.o(i.__scatterload_null)
    __scatterload_zeroinit                   0x08002c3f   Thumb Code    14  handlers.o(i.__scatterload_zeroinit)
    fputc                                    0x080032a3   Thumb Code    16  halcommon.o(i.fputc)
    free                                     0x080032b5   Thumb Code    80  malloc.o(i.free)
    hal_wait                                 0x08003309   Thumb Code    46  halwait.o(i.hal_wait)
    hal_wait_check                           0x0800333d   Thumb Code    16  halwait.o(i.hal_wait_check)
    hal_wait_init                            0x08003351   Thumb Code    26  halwait.o(i.hal_wait_init)
    hal_wait_ms                              0x08003371   Thumb Code    20  halwait.o(i.hal_wait_ms)
    hal_wait_us                              0x08003385   Thumb Code    20  halwait.o(i.hal_wait_us)
    main                                     0x080034d9   Thumb Code    10  main.o(i.main)
    malloc                                   0x080034e5   Thumb Code    92  malloc.o(i.malloc)
    TX_ADDRESS                               0x08004751   Data           4  nrf24l01.o(.constdata)
    RX_ADDRESS                               0x08004755   Data           4  nrf24l01.o(.constdata)
    Region$$Table$$Base                      0x08004804   Number         0  anon$$obj.o(Region$$Table)
    Region$$Table$$Limit                     0x08004824   Number         0  anon$$obj.o(Region$$Table)
    __stdout                                 0x200000a4   Data           4  stdout.o(.data)
    __microlib_freelist                      0x200000a8   Data           4  mvars.o(.data)
    __microlib_freelist_initialised          0x200000ac   Data           4  mvars.o(.data)
    __heap_base                              0x200007c8   Data           0  startup_stm32f030.o(HEAP)
    __heap_limit                             0x20000fc8   Data           0  startup_stm32f030.o(HEAP)
    __initial_sp                             0x200013c8   Data           0  startup_stm32f030.o(STACK)



==============================================================================

Memory Map of the image

  Image Entry point : 0x080000b5

  Load Region LR_IROM1 (Base: 0x08000000, Size: 0x000048d4, Max: 0x00010000, ABSOLUTE)

    Execution Region ER_IROM1 (Base: 0x08000000, Size: 0x00004824, Max: 0x00010000, ABSOLUTE)

    Base Addr    Size         Type   Attr      Idx    E Section Name        Object

    0x08000000   0x000000b4   Data   RO         3670    RESET               startup_stm32f030.o
    0x080000b4   0x00000000   Code   RO         3708  * .ARM.Collect$$$$00000000  mc_p.l(entry.o)
    0x080000b4   0x00000004   Code   RO         4014    .ARM.Collect$$$$00000001  mc_p.l(entry2.o)
    0x080000b8   0x00000004   Code   RO         4017    .ARM.Collect$$$$00000004  mc_p.l(entry5.o)
    0x080000bc   0x00000000   Code   RO         4019    .ARM.Collect$$$$00000008  mc_p.l(entry7b.o)
    0x080000bc   0x00000000   Code   RO         4021    .ARM.Collect$$$$0000000A  mc_p.l(entry8b.o)
    0x080000bc   0x00000008   Code   RO         4022    .ARM.Collect$$$$0000000B  mc_p.l(entry9a.o)
    0x080000c4   0x00000000   Code   RO         4024    .ARM.Collect$$$$0000000D  mc_p.l(entry10a.o)
    0x080000c4   0x00000000   Code   RO         4026    .ARM.Collect$$$$0000000F  mc_p.l(entry11a.o)
    0x080000c4   0x00000004   Code   RO         4015    .ARM.Collect$$$$00002712  mc_p.l(entry2.o)
    0x080000c8   0x00000058   Code   RO         3671    .text               startup_stm32f030.o
    0x08000120   0x0000002c   Code   RO         3711    .text               mc_p.l(uidiv.o)
    0x0800014c   0x00000024   Code   RO         3713    .text               mc_p.l(memcpya.o)
    0x08000170   0x00000024   Code   RO         3715    .text               mc_p.l(memseta.o)
    0x08000194   0x0000000e   Code   RO         3717    .text               mc_p.l(strlen.o)
    0x080001a2   0x0000001a   Code   RO         3719    .text               mc_p.l(memcmp.o)
    0x080001bc   0x00000012   Code   RO         3721    .text               mc_p.l(strcpy.o)
    0x080001ce   0x00000060   Code   RO         4029    .text               mc_p.l(uldiv.o)
    0x0800022e   0x00000002   PAD
    0x08000230   0x00000024   Code   RO         4044    .text               mc_p.l(init.o)
    0x08000254   0x00000020   Code   RO         4046    .text               mc_p.l(llshl.o)
    0x08000274   0x00000022   Code   RO         4048    .text               mc_p.l(llushr.o)
    0x08000296   0x00000002   PAD
    0x08000298   0x0000001c   Code   RO          440    i.DMDeviceAddressFind  devicesmanager.o
    0x080002b4   0x00000060   Code   RO          441    i.DMDeviceCreate    devicesmanager.o
    0x08000314   0x00000014   Code   RO          442    i.DMDeviceDel       devicesmanager.o
    0x08000328   0x00000020   Code   RO          443    i.DMDeviceInfoClear  devicesmanager.o
    0x08000348   0x0000004c   Code   RO          444    i.DMDeviceSet       devicesmanager.o
    0x08000394   0x0000002c   Code   RO          445    i.DMDeviceUidToAddress  devicesmanager.o
    0x080003c0   0x0000000c   Code   RO          446    i.DMEventRegister   devicesmanager.o
    0x080003cc   0x00000048   Code   RO          447    i.DMGetOnlineDeviceType  devicesmanager.o
    0x08000414   0x00000040   Code   RO          448    i.DMGetRelatedDeviceType  devicesmanager.o
    0x08000454   0x00000030   Code   RO          449    i.DMInitialize      devicesmanager.o
    0x08000484   0x00000030   Code   RO          450    i.DMMasterDeviceSet  devicesmanager.o
    0x080004b4   0x00000008   Code   RO          451    i.DMPoll            devicesmanager.o
    0x080004bc   0x00000070   Code   RO          452    i.DMUpdateHeartbeat  devicesmanager.o
    0x0800052c   0x00000018   Code   RO         1214    i.EXTI0_1_IRQHandler  halpower.o
    0x08000544   0x0000000c   Code   RO         1759    i.EXTI_ClearITPendingBit  stm32f0xx_exti.o
    0x08000550   0x00000014   Code   RO         1763    i.EXTI_GetITStatus  stm32f0xx_exti.o
    0x08000564   0x0000006c   Code   RO         1764    i.EXTI_Init         stm32f0xx_exti.o
    0x080005d0   0x0000000c   Code   RO         1820    i.FLASH_ClearFlag   stm32f0xx_flash.o
    0x080005dc   0x00000038   Code   RO         1822    i.FLASH_ErasePage   stm32f0xx_flash.o
    0x08000614   0x00000028   Code   RO         1825    i.FLASH_GetStatus   stm32f0xx_flash.o
    0x0800063c   0x00000020   Code   RO          874    i.FLASH_IRQHandler  halflash.o
    0x0800065c   0x00000010   Code   RO         1827    i.FLASH_Lock        stm32f0xx_flash.o
    0x0800066c   0x00000018   Code   RO         1845    i.FLASH_PrefetchBufferCmd  stm32f0xx_flash.o
    0x08000684   0x0000004c   Code   RO         1847    i.FLASH_ProgramWord  stm32f0xx_flash.o
    0x080006d0   0x00000014   Code   RO         1848    i.FLASH_SetLatency  stm32f0xx_flash.o
    0x080006e4   0x00000020   Code   RO         1849    i.FLASH_Unlock      stm32f0xx_flash.o
    0x08000704   0x00000022   Code   RO         1850    i.FLASH_WaitForLastOperation  stm32f0xx_flash.o
    0x08000726   0x00000070   Code   RO         2020    i.GPIO_Init         stm32f0xx_gpio.o
    0x08000796   0x00000020   Code   RO         2021    i.GPIO_PinAFConfig  stm32f0xx_gpio.o
    0x080007b6   0x0000000e   Code   RO         2024    i.GPIO_ReadInputDataBit  stm32f0xx_gpio.o
    0x080007c4   0x0000000c   Code   RO         2031    i.GPIO_WriteBit     stm32f0xx_gpio.o
    0x080007d0   0x00000094   Code   RO          748    i.HalClkInit        halclk.o
    0x08000864   0x00000028   Code   RO          875    i.HalFlashErase     halflash.o
    0x0800088c   0x00000002   Code   RO          876    i.HalFlashInitialize  halflash.o
    0x0800088e   0x00000002   Code   RO          877    i.HalFlashPoll      halflash.o
    0x08000890   0x00000010   Code   RO          878    i.HalFlashRead      halflash.o
    0x080008a0   0x0000006c   Code   RO          879    i.HalFlashWrite     halflash.o
    0x0800090c   0x00000020   Code   RO          930    i.HalGPIOGet        halgpio.o
    0x0800092c   0x00000040   Code   RO          931    i.HalGPIOInit       halgpio.o
    0x0800096c   0x00000002   Code   RO          932    i.HalGPIOInitialize  halgpio.o
    0x0800096e   0x00000002   Code   RO          933    i.HalGPIOPoll       halgpio.o
    0x08000970   0x00000020   Code   RO          934    i.HalGPIOSet        halgpio.o
    0x08000990   0x0000003e   Code   RO          780    i.HalInitialize     halcommon.o
    0x080009ce   0x00000002   PAD
    0x080009d0   0x00000014   Code   RO          782    i.HalInterruptsSetEnable  halcommon.o
    0x080009e4   0x00000008   Code   RO         1188    i.HalIwdtFeed       halwdt.o
    0x080009ec   0x00000018   Code   RO          783    i.HalPoll           halcommon.o
    0x08000a04   0x0000004a   Code   RO         1215    i.HalPowerInitialize  halpower.o
    0x08000a4e   0x00000014   Code   RO         1216    i.HalPowerNeedSleep  halpower.o
    0x08000a62   0x00000014   Code   RO         1218    i.HalPowerSleep     halpower.o
    0x08000a76   0x00000010   Code   RO         1219    i.HalPowerWakeup    halpower.o
    0x08000a86   0x00000002   PAD
    0x08000a88   0x0000000c   Code   RO          785    i.HalRunningTime    halcommon.o
    0x08000a94   0x000000a0   Code   RO          985    i.HalSpiInitialize  halspi.o
    0x08000b34   0x00000002   Code   RO          986    i.HalSpiPoll        halspi.o
    0x08000b36   0x00000002   PAD
    0x08000b38   0x00000034   Code   RO          987    i.HalSpiReadWrite   halspi.o
    0x08000b6c   0x00000058   Code   RO          786    i.HalStatusLedPoll  halcommon.o
    0x08000bc4   0x0000000c   Code   RO          787    i.HalStatusLedSet   halcommon.o
    0x08000bd0   0x00000054   Code   RO         1023    i.HalTimerInitialize  haltimer.o
    0x08000c24   0x00000010   Code   RO          788    i.HalTimerPassMs    halcommon.o
    0x08000c34   0x0000000e   Code   RO         1055    i.HalUartDataCallback  haluart.o
    0x08000c42   0x00000002   PAD
    0x08000c44   0x00000028   Code   RO         1056    i.HalUartInit       haluart.o
    0x08000c6c   0x00000078   Code   RO         1057    i.HalUartInitialize  haluart.o
    0x08000ce4   0x00000002   Code   RO         1058    i.HalUartPoll       haluart.o
    0x08000ce6   0x00000002   PAD
    0x08000ce8   0x00000050   Code   RO         1060    i.HalUartWrite      haluart.o
    0x08000d38   0x00000010   Code   RO         2113    i.IWDG_ReloadCounter  stm32f0xx_iwdg.o
    0x08000d48   0x00000002   Code   RO          675    i.MFInitialize      manufacture.o
    0x08000d4a   0x00000008   Code   RO          676    i.MFPoll            manufacture.o
    0x08000d52   0x00000002   PAD
    0x08000d54   0x00000054   Code   RO          677    i.MFRecvByte        manufacture.o
    0x08000da8   0x0000000c   Code   RO          546    i.MProtoGotDeviceInfo  mproto.o
    0x08000db4   0x00000030   Code   RO          547    i.MProtoInitialize  mproto.o
    0x08000de4   0x00000094   Code   RO          548    i.MProtoPoll        mproto.o
    0x08000e78   0x000000b4   Code   RO          549    i.MProtoRecvByte    mproto.o
    0x08000f2c   0x00000044   Code   RO         1575    i.NRF24L01Check     nrf24l01.o
    0x08000f70   0x00000014   Code   RO         1576    i.NRF24L01DataRecved  nrf24l01.o
    0x08000f84   0x0000002c   Code   RO         1578    i.NRF24L01Initialize  nrf24l01.o
    0x08000fb0   0x000000c8   Code   RO         1579    i.NRF24L01ModeSet   nrf24l01.o
    0x08001078   0x00000002   Code   RO         1580    i.NRF24L01Poll      nrf24l01.o
    0x0800107a   0x0000003a   Code   RO         1581    i.NRF24L01RxPacket  nrf24l01.o
    0x080010b4   0x0000002c   Code   RO         1582    i.NRF24L01Sleep     nrf24l01.o
    0x080010e0   0x0000006a   Code   RO         1583    i.NRF24L01TxPacket  nrf24l01.o
    0x0800114a   0x00000022   Code   RO         1584    i.NRF24l01Shutdown  nrf24l01.o
    0x0800116c   0x00000050   Code   RO         2167    i.NVIC_Init         stm32f0xx_misc.o
    0x080011bc   0x00000038   Code   RO         1267    i.NetBuildStart     netlayer.o
    0x080011f4   0x00000044   Code   RO         1268    i.NetBuildStop      netlayer.o
    0x08001238   0x00000074   Code   RO         1269    i.NetCoordinationOperate  netlayer.o
    0x080012ac   0x00000008   Code   RO         1270    i.NetGetMacAddr     netlayer.o
    0x080012b4   0x0000000c   Code   RO         1271    i.NetLayerEventRegister  netlayer.o
    0x080012c0   0x00000028   Code   RO         1272    i.NetLayerInit      netlayer.o
    0x080012e8   0x0000000c   Code   RO         1273    i.NetLayerPoll      netlayer.o
    0x080012f4   0x00000008   Code   RO         1274    i.NetLayerSleep     netlayer.o
    0x080012fc   0x00000010   Code   RO         1275    i.NetSendHeartbeat  netlayer.o
    0x0800130c   0x00000008   Code   RO         1276    i.NetSendListEmpty  netlayer.o
    0x08001314   0x0000004c   Code   RO         1277    i.NetSetMacAddr     netlayer.o
    0x08001360   0x00000008   Code   RO         1278    i.NetSetNetaddress  netlayer.o
    0x08001368   0x00000008   Code   RO         1279    i.NetSetSegaddress  netlayer.o
    0x08001370   0x00000034   Code   RO         1280    i.NetSetSleepMode   netlayer.o
    0x080013a4   0x00000058   Code   RO         1281    i.NetUserDataSend   netlayer.o
    0x080013fc   0x00000026   Code   RO         1282    i.NetbuildAddDevice  netlayer.o
    0x08001422   0x00000002   PAD
    0x08001424   0x00000040   Code   RO         1283    i.NetbuildDelDevice  netlayer.o
    0x08001464   0x00000054   Code   RO         1284    i.NetbuildSearchDevice  netlayer.o
    0x080014b8   0x0000002c   Code   RO         1285    i.NetbuildSearchResponse  netlayer.o
    0x080014e4   0x00000090   Code   RO         1448    i.PHYEstnetPacketSend  phylayer.o
    0x08001574   0x00000018   Code   RO         1449    i.PHYGetMac         phylayer.o
    0x0800158c   0x00000058   Code   RO         1450    i.PHYHeartbeatSend  phylayer.o
    0x080015e4   0x0000007c   Code   RO         1451    i.PHYInitialize     phylayer.o
    0x08001660   0x00000084   Code   RO         1452    i.PHYOperatePacketSend  phylayer.o
    0x080016e4   0x0000000c   Code   RO         1453    i.PHYPacketHandleCallbackRegiste  phylayer.o
    0x080016f0   0x00000230   Code   RO         1454    i.PHYPacketRecvHandle  phylayer.o
    0x08001920   0x00000010   Code   RO         1455    i.PHYPoll           phylayer.o
    0x08001930   0x00000008   Code   RO         1456    i.PHYPowerSet       phylayer.o
    0x08001938   0x00000018   Code   RO         1457    i.PHYSendListEmpty  phylayer.o
    0x08001950   0x00000044   Code   RO         1458    i.PHYSetMac         phylayer.o
    0x08001994   0x0000002c   Code   RO         1459    i.PHYSetNetAddr     phylayer.o
    0x080019c0   0x00000048   Code   RO         1460    i.PHYSetSegAddr     phylayer.o
    0x08001a08   0x00000044   Code   RO         1461    i.PHYSwitchChannel  phylayer.o
    0x08001a4c   0x00000008   Code   RO          633    i.PMInitialize      powermanager.o
    0x08001a54   0x00000028   Code   RO          634    i.PMPoll            powermanager.o
    0x08001a7c   0x00000034   Code   RO          635    i.PMSleep           powermanager.o
    0x08001ab0   0x00000034   Code   RO          636    i.PMWakeUp          powermanager.o
    0x08001ae4   0x0000003c   Code   RO         2203    i.PWR_EnterSTOPMode  stm32f0xx_pwr.o
    0x08001b20   0x00000018   Code   RO         2274    i.RCC_AHBPeriphClockCmd  stm32f0xx_rcc.o
    0x08001b38   0x00000018   Code   RO         2276    i.RCC_APB1PeriphClockCmd  stm32f0xx_rcc.o
    0x08001b50   0x00000018   Code   RO         2278    i.RCC_APB2PeriphClockCmd  stm32f0xx_rcc.o
    0x08001b68   0x0000005c   Code   RO         2287    i.RCC_DeInit        stm32f0xx_rcc.o
    0x08001bc4   0x00000178   Code   RO         2288    i.RCC_GetClocksFreq  stm32f0xx_rcc.o
    0x08001d3c   0x00000034   Code   RO         2289    i.RCC_GetFlagStatus  stm32f0xx_rcc.o
    0x08001d70   0x00000010   Code   RO         2291    i.RCC_GetSYSCLKSource  stm32f0xx_rcc.o
    0x08001d80   0x00000014   Code   RO         2292    i.RCC_HCLKConfig    stm32f0xx_rcc.o
    0x08001d94   0x00000010   Code   RO         2293    i.RCC_HSEConfig     stm32f0xx_rcc.o
    0x08001da4   0x00000014   Code   RO         2304    i.RCC_PCLKConfig    stm32f0xx_rcc.o
    0x08001db8   0x0000001c   Code   RO         2305    i.RCC_PLLCmd        stm32f0xx_rcc.o
    0x08001dd4   0x0000001c   Code   RO         2306    i.RCC_PLLConfig     stm32f0xx_rcc.o
    0x08001df0   0x00000014   Code   RO         2310    i.RCC_SYSCLKConfig  stm32f0xx_rcc.o
    0x08001e04   0x0000002c   Code   RO         2313    i.RCC_WaitForHSEStartUp  stm32f0xx_rcc.o
    0x08001e30   0x00000012   Code   RO         2541    i.SPI_Cmd           stm32f0xx_spi.o
    0x08001e42   0x0000000e   Code   RO         2550    i.SPI_I2S_GetFlagStatus  stm32f0xx_spi.o
    0x08001e50   0x00000054   Code   RO         2555    i.SPI_Init          stm32f0xx_spi.o
    0x08001ea4   0x00000004   Code   RO         2559    i.SPI_ReceiveData8  stm32f0xx_spi.o
    0x08001ea8   0x00000014   Code   RO         2560    i.SPI_RxFIFOThresholdConfig  stm32f0xx_spi.o
    0x08001ebc   0x00000004   Code   RO         2562    i.SPI_SendData8     stm32f0xx_spi.o
    0x08001ec0   0x00000028   Code   RO         2739    i.SYSCFG_EXTILineConfig  stm32f0xx_syscfg.o
    0x08001ee8   0x00000018   Code   RO          100    i.SysGetMacAddr     sys.o
    0x08001f00   0x00000008   Code   RO          101    i.SysGetVersion     sys.o
    0x08001f08   0x00000014   Code   RO          102    i.SysInitialize     sys.o
    0x08001f1c   0x00000016   Code   RO          103    i.SysMacToUid       sys.o
    0x08001f32   0x00000014   Code   RO          104    i.SysPoll           sys.o
    0x08001f46   0x00000002   PAD
    0x08001f48   0x00000028   Code   RO          105    i.SysRandom         sys.o
    0x08001f70   0x00000020   Code   RO          106    i.SysRandomSeed     sys.o
    0x08001f90   0x0000001c   Code   RO          108    i.SysSetMacAddr     sys.o
    0x08001fac   0x00000002   Code   RO          206    i.SysTimerInitialize  systimer.o
    0x08001fae   0x00000002   PAD
    0x08001fb0   0x00000030   Code   RO          207    i.SysTimerPoll      systimer.o
    0x08001fe0   0x0000005c   Code   RO          208    i.SysTimerSet       systimer.o
    0x0800203c   0x0000001a   Code   RO          109    i.SysUartRecvHandle  sys.o
    0x08002056   0x00000002   PAD
    0x08002058   0x00000018   Code   RO          110    i.SysUidToMac       sys.o
    0x08002070   0x0000005c   Code   RO         3678    i.SystemInit        system_stm32f0xx.o
    0x080020cc   0x00000034   Code   RO         1126    i.TIM1_Config_Ms    halwait.o
    0x08002100   0x00000030   Code   RO         1127    i.TIM1_Config_Us    halwait.o
    0x08002130   0x00000014   Code   RO         1025    i.TIM3_IRQHandler   haltimer.o
    0x08002144   0x00000006   Code   RO         2818    i.TIM_ClearITPendingBit  stm32f0xx_tim.o
    0x0800214a   0x00000014   Code   RO         2823    i.TIM_Cmd           stm32f0xx_tim.o
    0x0800215e   0x00000010   Code   RO         2848    i.TIM_ITConfig      stm32f0xx_tim.o
    0x0800216e   0x00000002   PAD
    0x08002170   0x00000074   Code   RO         2896    i.TIM_TimeBaseInit  stm32f0xx_tim.o
    0x080021e4   0x00000034   Code   RO         1061    i.USART1_IRQHandler  haluart.o
    0x08002218   0x00000034   Code   RO         1062    i.USART2_IRQHandler  haluart.o
    0x0800224c   0x0000000a   Code   RO         3366    i.USART_ClearITPendingBit  stm32f0xx_usart.o
    0x08002256   0x00000014   Code   RO         3369    i.USART_Cmd         stm32f0xx_usart.o
    0x0800226a   0x0000000e   Code   RO         3377    i.USART_GetFlagStatus  stm32f0xx_usart.o
    0x08002278   0x00000038   Code   RO         3378    i.USART_GetITStatus  stm32f0xx_usart.o
    0x080022b0   0x0000002a   Code   RO         3380    i.USART_ITConfig    stm32f0xx_usart.o
    0x080022da   0x00000002   PAD
    0x080022dc   0x000000a8   Code   RO         3381    i.USART_Init        stm32f0xx_usart.o
    0x08002384   0x00000012   Code   RO         3392    i.USART_OverrunDetectionConfig  stm32f0xx_usart.o
    0x08002396   0x00000008   Code   RO         3393    i.USART_ReceiveData  stm32f0xx_usart.o
    0x0800239e   0x00000010   Code   RO         3395    i.USART_RequestCmd  stm32f0xx_usart.o
    0x080023ae   0x00000008   Code   RO         3398    i.USART_SendData    stm32f0xx_usart.o
    0x080023b6   0x00000002   PAD
    0x080023b8   0x00000118   Code   RO          251    i.WMDeviceCoordination  wirelessmodule.o
    0x080024d0   0x0000000c   Code   RO          252    i.WMEventRegister   wirelessmodule.o
    0x080024dc   0x0000000c   Code   RO          253    i.WMGetNetStatus    wirelessmodule.o
    0x080024e8   0x00000048   Code   RO          254    i.WMGetSearchResult  wirelessmodule.o
    0x08002530   0x00000070   Code   RO          255    i.WMInitialize      wirelessmodule.o
    0x080025a0   0x00000014   Code   RO          256    i.WMIsDeviceOnline  wirelessmodule.o
    0x080025b4   0x00000218   Code   RO          257    i.WMNetBuildAddDevice  wirelessmodule.o
    0x080027cc   0x000000b8   Code   RO          258    i.WMNetBuildDelDevice  wirelessmodule.o
    0x08002884   0x000000dc   Code   RO          259    i.WMNetBuildSearch  wirelessmodule.o
    0x08002960   0x00000020   Code   RO          260    i.WMNetBuildStart   wirelessmodule.o
    0x08002980   0x0000004c   Code   RO          261    i.WMNetInfoClear    wirelessmodule.o
    0x080029cc   0x00000060   Code   RO          262    i.WMNetUserDataSend  wirelessmodule.o
    0x08002a2c   0x00000020   Code   RO          263    i.WMPoll            wirelessmodule.o
    0x08002a4c   0x00000044   Code   RO          264    i.WMQueryDeviceInfo  wirelessmodule.o
    0x08002a90   0x00000098   Code   RO          265    i.WMSetMasterSlaveMode  wirelessmodule.o
    0x08002b28   0x00000054   Code   RO          266    i.WMSetModuleType   wirelessmodule.o
    0x08002b7c   0x00000058   Code   RO          267    i.WMSetSleepMode    wirelessmodule.o
    0x08002bd4   0x00000020   Code   RO          268    i.WMWakeupHandle    wirelessmodule.o
    0x08002bf4   0x00000020   Code   RO         3932    i.__0printf$8       mc_p.l(printf8.o)
    0x08002c14   0x0000001a   Code   RO          426    i.__ARM_common_switch8  wirelessmodule.o
    0x08002c2e   0x0000000e   Code   RO         4058    i.__scatterload_copy  mc_p.l(handlers.o)
    0x08002c3c   0x00000002   Code   RO         4059    i.__scatterload_null  mc_p.l(handlers.o)
    0x08002c3e   0x0000000e   Code   RO         4060    i.__scatterload_zeroinit  mc_p.l(handlers.o)
    0x08002c4c   0x00000428   Code   RO         3939    i._printf_core      mc_p.l(printf8.o)
    0x08003074   0x00000020   Code   RO         3940    i._printf_post_padding  mc_p.l(printf8.o)
    0x08003094   0x0000002c   Code   RO         3941    i._printf_pre_padding  mc_p.l(printf8.o)
    0x080030c0   0x00000018   Code   RO          678    i.checkSum          manufacture.o
    0x080030d8   0x0000001a   Code   RO          550    i.checksum          mproto.o
    0x080030f2   0x00000024   Code   RO          551    i.coordinationResult  mproto.o
    0x08003116   0x00000002   PAD
    0x08003118   0x00000014   Code   RO          269    i.delayReportDeviceInfo  wirelessmodule.o
    0x0800312c   0x00000018   Code   RO          270    i.delayStartHeartbeat  wirelessmodule.o
    0x08003144   0x00000080   Code   RO          271    i.dmEventHandle     wirelessmodule.o
    0x080031c4   0x00000068   Code   RO         1286    i.findCacheAndSend  netlayer.o
    0x0800322c   0x00000076   Code   RO          880    i.flashWrite        halflash.o
    0x080032a2   0x00000010   Code   RO          789    i.fputc             halcommon.o
    0x080032b2   0x00000002   PAD
    0x080032b4   0x00000054   Code   RO         3986    i.free              mc_p.l(malloc.o)
    0x08003308   0x00000034   Code   RO         1129    i.hal_wait          halwait.o
    0x0800333c   0x00000014   Code   RO         1130    i.hal_wait_check    halwait.o
    0x08003350   0x00000020   Code   RO         1131    i.hal_wait_init     halwait.o
    0x08003370   0x00000014   Code   RO         1132    i.hal_wait_ms       halwait.o
    0x08003384   0x00000014   Code   RO         1133    i.hal_wait_us       halwait.o
    0x08003398   0x00000050   Code   RO          453    i.heartbeatPoll     devicesmanager.o
    0x080033e8   0x00000050   Code   RO          552    i.lowDataSend       mproto.o
    0x08003438   0x000000a0   Code   RO         1462    i.lowLevelDataSend  phylayer.o
    0x080034d8   0x0000000a   Code   RO            3    i.main              main.o
    0x080034e2   0x00000002   PAD
    0x080034e4   0x0000006c   Code   RO         3987    i.malloc            mc_p.l(malloc.o)
    0x08003550   0x000000b4   Code   RO          679    i.mfFrameHandle     manufacture.o
    0x08003604   0x00000036   Code   RO          680    i.mfFrameSend       manufacture.o
    0x0800363a   0x00000002   PAD
    0x0800363c   0x00000010   Code   RO          681    i.mfSearchResultHandle  manufacture.o
    0x0800364c   0x00000098   Code   RO          682    i.mfSendTestResult  manufacture.o
    0x080036e4   0x00000104   Code   RO          553    i.mprotoEventHandle  mproto.o
    0x080037e8   0x00000104   Code   RO          554    i.mprotoFrameHandle  mproto.o
    0x080038ec   0x0000008c   Code   RO          555    i.mprotoFrameSend   mproto.o
    0x08003978   0x00000060   Code   RO          556    i.mprotoSendListHandle  mproto.o
    0x080039d8   0x0000004c   Code   RO          272    i.netBuildDone      wirelessmodule.o
    0x08003a24   0x00000044   Code   RO         1287    i.netBuildFrameHandle  netlayer.o
    0x08003a68   0x00000038   Code   RO          273    i.netBuildStatusSet  wirelessmodule.o
    0x08003aa0   0x0000006c   Code   RO         1288    i.netEnDecrypt      netlayer.o
    0x08003b0c   0x00000018   Code   RO         1289    i.netHeartbeatHandle  netlayer.o
    0x08003b24   0x00000088   Code   RO         1290    i.netOperateFrameHandle  netlayer.o
    0x08003bac   0x00000054   Code   RO         1291    i.netSleepDevDataHandle  netlayer.o
    0x08003c00   0x00000090   Code   RO         1292    i.netSleepDevDataSave  netlayer.o
    0x08003c90   0x00000028   Code   RO          557    i.netStatusChanged  mproto.o
    0x08003cb8   0x00000010   Code   RO         1293    i.netThrowEvent     netlayer.o
    0x08003cc8   0x00000038   Code   RO         1585    i.nrf24l01ReadBuf   nrf24l01.o
    0x08003d00   0x00000026   Code   RO         1586    i.nrf24l01ReadReg   nrf24l01.o
    0x08003d26   0x00000036   Code   RO         1587    i.nrf24l01WriteBuf  nrf24l01.o
    0x08003d5c   0x00000028   Code   RO         1588    i.nrf24l01WriteReg  nrf24l01.o
    0x08003d84   0x00000070   Code   RO          936    i.numToGPIO         halgpio.o
    0x08003df4   0x0000007c   Code   RO         1463    i.phyDataListHandle  phylayer.o
    0x08003e70   0x00000048   Code   RO         1464    i.phyDataSend       phylayer.o
    0x08003eb8   0x00000084   Code   RO         1465    i.phyRecvDataHandle  phylayer.o
    0x08003f3c   0x00000038   Code   RO          683    i.searchDevice      manufacture.o
    0x08003f74   0x00000028   Code   RO          274    i.searchDeviceAgain  wirelessmodule.o
    0x08003f9c   0x00000044   Code   RO          275    i.searchDeviceInfoAdd  wirelessmodule.o
    0x08003fe0   0x00000060   Code   RO          276    i.subDevHeartbeat   wirelessmodule.o
    0x08004040   0x0000001a   Code   RO         1466    i.sumCheck          phylayer.o
    0x0800405a   0x00000002   PAD
    0x0800405c   0x00000010   Code   RO          684    i.testTimeoutHandle  manufacture.o
    0x0800406c   0x0000002e   Code   RO          210    i.timerExecute      systimer.o
    0x0800409a   0x00000002   PAD
    0x0800409c   0x00000044   Code   RO          454    i.updateDeviceInfoToFlash  devicesmanager.o
    0x080040e0   0x00000038   Code   RO          277    i.updateNetInfoAndSwitchChannel  wirelessmodule.o
    0x08004118   0x0000008c   Code   RO         1063    i.usartConfiguration  haluart.o
    0x080041a4   0x0000005c   Code   RO         1064    i.usartInit         haluart.o
    0x08004200   0x000002e8   Code   RO          278    i.wmNetlayerEventHandle  wirelessmodule.o
    0x080044e8   0x0000007c   Code   RO          279    i.wmSearchResultHandle  wirelessmodule.o
    0x08004564   0x0000010b   Data   RO          281    .constdata          wirelessmodule.o
    0x0800466f   0x0000002a   Data   RO          456    .constdata          devicesmanager.o
    0x08004699   0x00000011   Data   RO          637    .constdata          powermanager.o
    0x080046aa   0x00000011   Data   RO          881    .constdata          halflash.o
    0x080046bb   0x00000073   Data   RO         1295    .constdata          netlayer.o
    0x0800472e   0x00000023   Data   RO         1468    .constdata          phylayer.o
    0x08004751   0x00000008   Data   RO         1589    .constdata          nrf24l01.o
    0x08004759   0x00000003   PAD
    0x0800475c   0x000000a6   Data   RO          282    .conststring        wirelessmodule.o
    0x08004802   0x00000002   PAD
    0x08004804   0x00000020   Data   RO         4056    Region$$Table       anon$$obj.o


    Execution Region RW_IRAM1 (Base: 0x20000000, Size: 0x000013c8, Max: 0x00002000, ABSOLUTE)

    Base Addr    Size         Type   Attr      Idx    E Section Name        Object

    0x20000000   0x00000018   Data   RW          111    .data               sys.o
    0x20000018   0x0000001c   Data   RW          283    .data               wirelessmodule.o
    0x20000034   0x00000008   Data   RW          457    .data               devicesmanager.o
    0x2000003c   0x00000010   Data   RW          559    .data               mproto.o
    0x2000004c   0x00000005   Data   RW          686    .data               manufacture.o
    0x20000051   0x00000003   PAD
    0x20000054   0x0000000c   Data   RW          791    .data               halcommon.o
    0x20000060   0x00000001   Data   RW         1134    .data               halwait.o
    0x20000061   0x00000003   PAD
    0x20000064   0x0000000c   Data   RW         1296    .data               netlayer.o
    0x20000070   0x00000024   Data   RW         1469    .data               phylayer.o
    0x20000094   0x00000010   Data   RW         2314    .data               stm32f0xx_rcc.o
    0x200000a4   0x00000004   Data   RW         4028    .data               mc_p.l(stdout.o)
    0x200000a8   0x00000004   Data   RW         4031    .data               mc_p.l(mvars.o)
    0x200000ac   0x00000004   Data   RW         4032    .data               mc_p.l(mvars.o)
    0x200000b0   0x000000a0   Zero   RW          211    .bss                systimer.o
    0x20000150   0x0000003c   Zero   RW          280    .bss                wirelessmodule.o
    0x2000018c   0x00000380   Zero   RW          455    .bss                devicesmanager.o
    0x2000050c   0x00000114   Zero   RW          558    .bss                mproto.o
    0x20000620   0x00000080   Zero   RW          685    .bss                manufacture.o
    0x200006a0   0x00000014   Zero   RW         1294    .bss                netlayer.o
    0x200006b4   0x00000113   Zero   RW         1467    .bss                phylayer.o
    0x200007c7   0x00000001   PAD
    0x200007c8   0x00000800   Zero   RW         3669    HEAP                startup_stm32f030.o
    0x20000fc8   0x00000400   Zero   RW         3668    STACK               startup_stm32f030.o


==============================================================================

Image component sizes


      Code (inc. data)   RO Data    RW Data    ZI Data      Debug   Object Name

       808        158         42          8        896       8825   devicesmanager.o
       148          0          0          0          0       1104   halclk.o
       250         26          0         12          0      12159   halcommon.o
       318         20         17          0          0       4542   halflash.o
       244         30          0          0          0       3506   halgpio.o
       154          0          0          0          0       2979   halpower.o
       214         10          0          0          0       1538   halspi.o
       104         14          0          0          0       1627   haltimer.o
       592         50          0          0          0       5727   haluart.o
       244         30          0          1          0       3998   halwait.o
         8          0          0          0          0        434   halwdt.o
        10          0          0          0          0     228939   main.o
       592        130          0          5        128       7585   manufacture.o
      1326        146          0         16        276       9723   mproto.o
      1490        286        115         12         20      18662   netlayer.o
       764         12          8          0          0       9036   nrf24l01.o
      1898        372         35         36        275      13033   phylayer.o
       152         36         17          0          0       2293   powermanager.o
        88         38        180          0       3072        660   startup_stm32f030.o
       140         16          0          0          0       2172   stm32f0xx_exti.o
       310         50          0          0          0       5704   stm32f0xx_flash.o
       170          0          0          0          0       2887   stm32f0xx_gpio.o
        16          8          0          0          0        501   stm32f0xx_iwdg.o
        80         10          0          0          0        996   stm32f0xx_misc.o
        60          8          0          0          0        604   stm32f0xx_pwr.o
       784        106          0         16          0       9115   stm32f0xx_rcc.o
       144         14          0          0          0       3932   stm32f0xx_spi.o
        40          6          0          0          0        612   stm32f0xx_syscfg.o
       158         28          0          0          0       3707   stm32f0xx_tim.o
       360         20          0          0          0       6877   stm32f0xx_usart.o
       244         30          0         24          0       8574   sys.o
        92         14          0          0          0        493   system_stm32f0xx.o
       188          8          0          0        160       2606   systimer.o
      3566       1028        433         28         60      19664   wirelessmodule.o

    ----------------------------------------------------------------------
     15794       2704        884        164       4888     404814   Object Totals
         0          0         32          0          0          0   (incl. Generated)
        38          0          5          6          1          0   (incl. Padding)

    ----------------------------------------------------------------------

      Code (inc. data)   RO Data    RW Data    ZI Data      Debug   Library Member Name

         0          0          0          0          0          0   entry.o
         0          0          0          0          0          0   entry10a.o
         0          0          0          0          0          0   entry11a.o
         8          4          0          0          0          0   entry2.o
         4          0          0          0          0          0   entry5.o
         0          0          0          0          0          0   entry7b.o
         0          0          0          0          0          0   entry8b.o
         8          4          0          0          0          0   entry9a.o
        30          0          0          0          0          0   handlers.o
        36          8          0          0          0         68   init.o
        32          0          0          0          0         68   llshl.o
        34          0          0          0          0         68   llushr.o
       192         20          0          0          0        144   malloc.o
        26          0          0          0          0         72   memcmp.o
        36          0          0          0          0         60   memcpya.o
        36          0          0          0          0        100   memseta.o
         0          0          0          8          0          0   mvars.o
      1172         52          0          0          0        324   printf8.o
         0          0          0          4          0          0   stdout.o
        18          0          0          0          0         60   strcpy.o
        14          0          0          0          0         60   strlen.o
        44          0          0          0          0         72   uidiv.o
        96          0          0          0          0         84   uldiv.o

    ----------------------------------------------------------------------
      1790         88          0         12          0       1180   Library Totals
         4          0          0          0          0          0   (incl. Padding)

    ----------------------------------------------------------------------

      Code (inc. data)   RO Data    RW Data    ZI Data      Debug   Library Name

      1786         88          0         12          0       1180   mc_p.l

    ----------------------------------------------------------------------
      1790         88          0         12          0       1180   Library Totals

    ----------------------------------------------------------------------

==============================================================================


      Code (inc. data)   RO Data    RW Data    ZI Data      Debug   

     17584       2792        884        176       4888     394794   Grand Totals
     17584       2792        884        176       4888     394794   ELF Image Totals
     17584       2792        884        176          0          0   ROM Totals

==============================================================================

    Total RO  Size (Code + RO Data)                18468 (  18.04kB)
    Total RW  Size (RW Data + ZI Data)              5064 (   4.95kB)
    Total ROM Size (Code + RO Data + RW Data)      18644 (  18.21kB)

==============================================================================

