Component: ARM Compiler 5.05 update 1 (build 106) Tool: armlink [4d0efa]

==============================================================================

Section Cross References

    main.o(i.main) refers to sys.o(i.SysInitialize) for SysInitialize
    main.o(i.main) refers to sys.o(i.SysPoll) for SysPoll
    sys.o(i.SysDataSendListEmpty) refers to netlayer.o(i.NetSendListEmpty) for NetSendListEmpty
    sys.o(i.SysDataSendListEmpty) refers to mproto.o(i.MProtoSendListEmpty) for MProtoSendListEmpty
    sys.o(i.SysGetMacAddr) refers to halflash.o(i.HalFlashRead) for HalFlashRead
    sys.o(i.SysGetVersion) refers to sys.o(.data) for .data
    sys.o(i.SysGotDeviceInfo) refers to mproto.o(i.MProtoGotDeviceInfo) for MProtoGotDeviceInfo
    sys.o(i.SysInitialize) refers to halcommon.o(i.HalInitialize) for HalInitialize
    sys.o(i.SysInitialize) refers to systimer.o(i.SysTimerInitialize) for SysTimerInitialize
    sys.o(i.SysInitialize) refers to mproto.o(i.MProtoInitialize) for MProtoInitialize
    sys.o(i.SysInitialize) refers to manufacture.o(i.MFInitialize) for MFInitialize
    sys.o(i.SysPoll) refers to mproto.o(i.MProtoPoll) for MProtoPoll
    sys.o(i.SysPoll) refers to manufacture.o(i.MFPoll) for MFPoll
    sys.o(i.SysPoll) refers to halcommon.o(i.HalPoll) for HalPoll
    sys.o(i.SysPoll) refers to systimer.o(i.SysTimerPoll) for SysTimerPoll
    sys.o(i.SysRandom) refers to sys.o(.data) for .data
    sys.o(i.SysRandomSeed) refers to sys.o(i.SysRandom) for SysRandom
    sys.o(i.SysRandomSeed) refers to sys.o(.data) for .data
    sys.o(i.SysReboot) refers to halcommon.o(i.HalReboot) for HalReboot
    sys.o(i.SysSetMacAddr) refers to printf8.o(i.__0printf$8) for __2printf
    sys.o(i.SysSetMacAddr) refers to halflash.o(i.HalFlashErase) for HalFlashErase
    sys.o(i.SysSetMacAddr) refers to halflash.o(i.HalFlashWrite) for HalFlashWrite
    sys.o(i.SysSetMacAddr) refers to sys.o(.constdata) for .constdata
    sys.o(i.SysUartRecvHandle) refers to mproto.o(i.MProtoGotDeviceInfo) for MProtoGotDeviceInfo
    sys.o(i.SysUartRecvHandle) refers to manufacture.o(i.MFRecvByte) for MFRecvByte
    sys.o(i.SysUartRecvHandle) refers to mproto.o(i.MProtoRecvByte) for MProtoRecvByte
    sys.o(i.SysUidToMac) refers to sys.o(.data) for .data
    systimer.o(i.SysTimerPoll) refers to halcommon.o(i.HalRunningTime) for HalRunningTime
    systimer.o(i.SysTimerPoll) refers to systimer.o(i.timerExecute) for timerExecute
    systimer.o(i.SysTimerPoll) refers to systimer.o(.bss) for .bss
    systimer.o(i.SysTimerSet) refers to halcommon.o(i.HalRunningTime) for HalRunningTime
    systimer.o(i.SysTimerSet) refers to systimer.o(i.timerExecute) for timerExecute
    systimer.o(i.SysTimerSet) refers to systimer.o(.bss) for .bss
    systimer.o(i.timerExecute) refers to halcommon.o(i.HalRunningTime) for HalRunningTime
    wirelessmodule.o(i.WMDeviceCoordination) refers to printf8.o(i.__0printf$8) for __2printf
    wirelessmodule.o(i.WMDeviceCoordination) refers to devicesmanager.o(i.DMDeviceAddressFind) for DMDeviceAddressFind
    wirelessmodule.o(i.WMDeviceCoordination) refers to halcommon.o(i.HalRunningTime) for HalRunningTime
    wirelessmodule.o(i.WMDeviceCoordination) refers to wirelessmodule.o(i.getRandomValue) for getRandomValue
    wirelessmodule.o(i.WMDeviceCoordination) refers to memcpya.o(.text) for __aeabi_memcpy
    wirelessmodule.o(i.WMDeviceCoordination) refers to netlayer.o(i.NetCoordinationOperate) for NetCoordinationOperate
    wirelessmodule.o(i.WMDeviceCoordination) refers to wirelessmodule.o(.data) for .data
    wirelessmodule.o(i.WMDeviceCoordination) refers to wirelessmodule.o(.constdata) for .constdata
    wirelessmodule.o(i.WMEventRegister) refers to wirelessmodule.o(.data) for .data
    wirelessmodule.o(i.WMGetNetStatus) refers to wirelessmodule.o(.data) for .data
    wirelessmodule.o(i.WMGetSearchResult) refers to memcpya.o(.text) for __aeabi_memcpy
    wirelessmodule.o(i.WMGetSearchResult) refers to wirelessmodule.o(.bss) for .bss
    wirelessmodule.o(i.WMInitialize) refers to powermanager.o(i.PMInitialize) for PMInitialize
    wirelessmodule.o(i.WMInitialize) refers to netlayer.o(i.NetLayerInit) for NetLayerInit
    wirelessmodule.o(i.WMInitialize) refers to netlayer.o(i.NetLayerEventRegister) for NetLayerEventRegister
    wirelessmodule.o(i.WMInitialize) refers to sys.o(i.SysGetMacAddr) for SysGetMacAddr
    wirelessmodule.o(i.WMInitialize) refers to netlayer.o(i.NetSetMacAddr) for NetSetMacAddr
    wirelessmodule.o(i.WMInitialize) refers to devicesmanager.o(i.DMInitialize) for DMInitialize
    wirelessmodule.o(i.WMInitialize) refers to devicesmanager.o(i.DMEventRegister) for DMEventRegister
    wirelessmodule.o(i.WMInitialize) refers to halcommon.o(i.HalStatusLedSet) for HalStatusLedSet
    wirelessmodule.o(i.WMInitialize) refers to memseta.o(.text) for __aeabi_memset
    wirelessmodule.o(i.WMInitialize) refers to halflash.o(i.HalFlashRead) for HalFlashRead
[...]
    i.getRandomValue                         0x08003478   Section        0  wirelessmodule.o(i.getRandomValue)
    getRandomValue                           0x08003479   Thumb Code    12  wirelessmodule.o(i.getRandomValue)
    i.hal_wait                               0x08003484   Section        0  halwait.o(i.hal_wait)
    i.hal_wait_check                         0x080034b4   Section        0  halwait.o(i.hal_wait_check)
    i.hal_wait_init                          0x080034c8   Section        0  halwait.o(i.hal_wait_init)
    i.hal_wait_ms                            0x080034e8   Section        0  halwait.o(i.hal_wait_ms)
    i.hal_wait_us                            0x080034fc   Section        0  halwait.o(i.hal_wait_us)
    i.heartbeatPoll                          0x08003510   Section        0  devicesmanager.o(i.heartbeatPoll)
    heartbeatPoll                            0x08003511   Thumb Code    72  devicesmanager.o(i.heartbeatPoll)
    i.lowDataSend                            0x08003560   Section        0  mproto.o(i.lowDataSend)
    lowDataSend                              0x08003561   Thumb Code    50  mproto.o(i.lowDataSend)
    i.lowLevelDataSend                       0x080035b0   Section        0  phylayer.o(i.lowLevelDataSend)
    lowLevelDataSend                         0x080035b1   Thumb Code   132  phylayer.o(i.lowLevelDataSend)
    i.main                                   0x08003650   Section        0  main.o(i.main)
    i.malloc                                 0x0800365c   Section        0  malloc.o(i.malloc)
    i.mfFrameHandle                          0x080036c8   Section        0  manufacture.o(i.mfFrameHandle)
    mfFrameHandle                            0x080036c9   Thumb Code   180  manufacture.o(i.mfFrameHandle)
    i.mfFrameSend                            0x08003798   Section        0  manufacture.o(i.mfFrameSend)
    mfFrameSend                              0x08003799   Thumb Code    86  manufacture.o(i.mfFrameSend)
    i.mfSearchResultHandle                   0x080037fc   Section        0  manufacture.o(i.mfSearchResultHandle)
    mfSearchResultHandle                     0x080037fd   Thumb Code    38  manufacture.o(i.mfSearchResultHandle)
    i.mfSendTestResult                       0x08003838   Section        0  manufacture.o(i.mfSendTestResult)
    mfSendTestResult                         0x08003839   Thumb Code   118  manufacture.o(i.mfSendTestResult)
    i.mfStartSelfCheck                       0x080038fc   Section        0  manufacture.o(i.mfStartSelfCheck)
    mfStartSelfCheck                         0x080038fd   Thumb Code   102  manufacture.o(i.mfStartSelfCheck)
    i.mprotoEventHandle                      0x08003978   Section        0  mproto.o(i.mprotoEventHandle)
    mprotoEventHandle                        0x08003979   Thumb Code   260  mproto.o(i.mprotoEventHandle)
    i.mprotoFrameHandle                      0x08003a7c   Section        0  mproto.o(i.mprotoFrameHandle)
    mprotoFrameHandle                        0x08003a7d   Thumb Code   262  mproto.o(i.mprotoFrameHandle)
    i.mprotoFrameSend                        0x08003b8c   Section        0  mproto.o(i.mprotoFrameSend)
    mprotoFrameSend                          0x08003b8d   Thumb Code   136  mproto.o(i.mprotoFrameSend)
    i.mprotoSendListHandle                   0x08003c18   Section        0  mproto.o(i.mprotoSendListHandle)
    mprotoSendListHandle                     0x08003c19   Thumb Code    90  mproto.o(i.mprotoSendListHandle)
    i.netBuildDone                           0x08003c78   Section        0  wirelessmodule.o(i.netBuildDone)
    netBuildDone                             0x08003c79   Thumb Code    56  wirelessmodule.o(i.netBuildDone)
    i.netBuildFrameHandle                    0x08003cc4   Section        0  netlayer.o(i.netBuildFrameHandle)
    netBuildFrameHandle                      0x08003cc5   Thumb Code    62  netlayer.o(i.netBuildFrameHandle)
    i.netBuildStatusSet                      0x08003d08   Section        0  wirelessmodule.o(i.netBuildStatusSet)
    netBuildStatusSet                        0x08003d09   Thumb Code    50  wirelessmodule.o(i.netBuildStatusSet)
    i.netEnDecrypt                           0x08003d40   Section        0  netlayer.o(i.netEnDecrypt)
    netEnDecrypt                             0x08003d41   Thumb Code    64  netlayer.o(i.netEnDecrypt)
    i.netHeartbeatHandle                     0x08003dac   Section        0  netlayer.o(i.netHeartbeatHandle)
    netHeartbeatHandle                       0x08003dad   Thumb Code    24  netlayer.o(i.netHeartbeatHandle)
    i.netOperateFrameHandle                  0x08003dc4   Section        0  netlayer.o(i.netOperateFrameHandle)
    netOperateFrameHandle                    0x08003dc5   Thumb Code   136  netlayer.o(i.netOperateFrameHandle)
    i.netSleepDevDataHandle                  0x08003e4c   Section        0  netlayer.o(i.netSleepDevDataHandle)
    netSleepDevDataHandle                    0x08003e4d   Thumb Code    72  netlayer.o(i.netSleepDevDataHandle)
    i.netSleepDevDataSave                    0x08003ea0   Section        0  netlayer.o(i.netSleepDevDataSave)
    netSleepDevDataSave                      0x08003ea1   Thumb Code   102  netlayer.o(i.netSleepDevDataSave)
    i.netStatusChanged                       0x08003f30   Section        0  mproto.o(i.netStatusChanged)
    netStatusChanged                         0x08003f31   Thumb Code    34  mproto.o(i.netStatusChanged)
    i.netThrowEvent                          0x08003f58   Section        0  netlayer.o(i.netThrowEvent)
    netThrowEvent                            0x08003f59   Thumb Code    12  netlayer.o(i.netThrowEvent)
    i.nrf24l01ReadBuf                        0x08003f68   Section        0  nrf24l01.o(i.nrf24l01ReadBuf)
    nrf24l01ReadBuf                          0x08003f69   Thumb Code    56  nrf24l01.o(i.nrf24l01ReadBuf)
    i.nrf24l01ReadReg                        0x08003fa0   Section        0  nrf24l01.o(i.nrf24l01ReadReg)
    nrf24l01ReadReg                          0x08003fa1   Thumb Code    38  nrf24l01.o(i.nrf24l01ReadReg)
    i.nrf24l01WriteBuf                       0x08003fc6   Section        0  nrf24l01.o(i.nrf24l01WriteBuf)
    nrf24l01WriteBuf                         0x08003fc7   Thumb Code    54  nrf24l01.o(i.nrf24l01WriteBuf)
    i.nrf24l01WriteReg                       0x08003ffc   Section        0  nrf24l01.o(i.nrf24l01WriteReg)
    nrf24l01WriteReg                         0x08003ffd   Thumb Code    40  nrf24l01.o(i.nrf24l01WriteReg)
    i.numToGPIO                              0x08004024   Section        0  halgpio.o(i.numToGPIO)
    numToGPIO                                0x08004025   Thumb Code    90  halgpio.o(i.numToGPIO)
    i.phyDataListHandle                      0x08004094   Section        0  phylayer.o(i.phyDataListHandle)
    phyDataListHandle                        0x08004095   Thumb Code   114  phylayer.o(i.phyDataListHandle)
    i.phyDataSend                            0x08004110   Section        0  phylayer.o(i.phyDataSend)
    phyDataSend                              0x08004111   Thumb Code    68  phylayer.o(i.phyDataSend)
    i.phyRecvDataHandle                      0x08004158   Section        0  phylayer.o(i.phyRecvDataHandle)
    phyRecvDataHandle                        0x08004159   Thumb Code   124  phylayer.o(i.phyRecvDataHandle)
    i.searchDevice                           0x080041dc   Section        0  manufacture.o(i.searchDevice)
    searchDevice                             0x080041dd   Thumb Code    34  manufacture.o(i.searchDevice)
    i.searchDeviceAgain                      0x08004214   Section        0  wirelessmodule.o(i.searchDeviceAgain)
    searchDeviceAgain                        0x08004215   Thumb Code    26  wirelessmodule.o(i.searchDeviceAgain)
    i.searchDeviceInfoAdd                    0x0800423c   Section        0  wirelessmodule.o(i.searchDeviceInfoAdd)
    searchDeviceInfoAdd                      0x0800423d   Thumb Code    62  wirelessmodule.o(i.searchDeviceInfoAdd)
    i.subDevHeartbeat                        0x08004280   Section        0  wirelessmodule.o(i.subDevHeartbeat)
    subDevHeartbeat                          0x08004281   Thumb Code    76  wirelessmodule.o(i.subDevHeartbeat)
    i.sumCheck                               0x080042e0   Section        0  phylayer.o(i.sumCheck)
    sumCheck                                 0x080042e1   Thumb Code    26  phylayer.o(i.sumCheck)
    i.testTimeoutHandle                      0x080042fc   Section        0  manufacture.o(i.testTimeoutHandle)
    testTimeoutHandle                        0x080042fd   Thumb Code    18  manufacture.o(i.testTimeoutHandle)
    i.timerExecute                           0x08004314   Section        0  systimer.o(i.timerExecute)
    timerExecute                             0x08004315   Thumb Code    46  systimer.o(i.timerExecute)
    i.updateDeviceInfoToFlash                0x08004344   Section        0  devicesmanager.o(i.updateDeviceInfoToFlash)
    updateDeviceInfoToFlash                  0x08004345   Thumb Code    44  devicesmanager.o(i.updateDeviceInfoToFlash)
    i.updateNetInfoAndSwitchChannel          0x08004388   Section        0  wirelessmodule.o(i.updateNetInfoAndSwitchChannel)
    updateNetInfoAndSwitchChannel            0x08004389   Thumb Code    48  wirelessmodule.o(i.updateNetInfoAndSwitchChannel)
    i.usartConfiguration                     0x080043c0   Section        0  haluart.o(i.usartConfiguration)
    usartConfiguration                       0x080043c1   Thumb Code   136  haluart.o(i.usartConfiguration)
    i.usartInit                              0x0800444c   Section        0  haluart.o(i.usartInit)
    usartInit                                0x0800444d   Thumb Code    92  haluart.o(i.usartInit)
    i.wmNetlayerEventHandle                  0x080044a8   Section        0  wirelessmodule.o(i.wmNetlayerEventHandle)
    wmNetlayerEventHandle                    0x080044a9   Thumb Code   562  wirelessmodule.o(i.wmNetlayerEventHandle)
    i.wmSearchResultHandle                   0x08004790   Section        0  wirelessmodule.o(i.wmSearchResultHandle)
    wmSearchResultHandle                     0x08004791   Thumb Code    66  wirelessmodule.o(i.wmSearchResultHandle)
    .constdata                               0x0800480c   Section       14  sys.o(.constdata)
    __FUNCTION__                             0x0800480c   Data          14  sys.o(.constdata)
    .constdata                               0x0800481a   Section      267  wirelessmodule.o(.constdata)
    __FUNCTION__                             0x0800481a   Data          16  wirelessmodule.o(.constdata)
    __FUNCTION__                             0x0800482a   Data          13  wirelessmodule.o(.constdata)
    __FUNCTION__                             0x08004837   Data          14  wirelessmodule.o(.constdata)
    __FUNCTION__                             0x08004845   Data          21  wirelessmodule.o(.constdata)
    __FUNCTION__                             0x0800485a   Data          22  wirelessmodule.o(.constdata)
    __FUNCTION__                             0x08004870   Data          18  wirelessmodule.o(.constdata)
    __FUNCTION__                             0x08004882   Data          18  wirelessmodule.o(.constdata)
    __FUNCTION__                             0x08004894   Data          20  wirelessmodule.o(.constdata)
    __FUNCTION__                             0x080048a8   Data          20  wirelessmodule.o(.constdata)
    __FUNCTION__                             0x080048bc   Data          17  wirelessmodule.o(.constdata)
    __FUNCTION__                             0x080048cd   Data          21  wirelessmodule.o(.constdata)
    __FUNCTION__                             0x080048e2   Data          21  wirelessmodule.o(.constdata)
    __FUNCTION__                             0x080048f7   Data          15  wirelessmodule.o(.constdata)
    __FUNCTION__                             0x08004906   Data          16  wirelessmodule.o(.constdata)
    __FUNCTION__                             0x08004916   Data          15  wirelessmodule.o(.constdata)
    .constdata                               0x08004925   Section       62  devicesmanager.o(.constdata)
    __FUNCTION__                             0x08004925   Data          24  devicesmanager.o(.constdata)
    __FUNCTION__                             0x0800493d   Data          20  devicesmanager.o(.constdata)
    __FUNCTION__                             0x08004951   Data          18  devicesmanager.o(.constdata)
    .constdata                               0x08004963   Section       17  powermanager.o(.constdata)
    __FUNCTION__                             0x08004963   Data           8  powermanager.o(.constdata)
    __FUNCTION__                             0x0800496b   Data           9  powermanager.o(.constdata)
    .constdata                               0x08004974   Section       35  manufacture.o(.constdata)
    __FUNCTION__                             0x08004974   Data          21  manufacture.o(.constdata)
    __FUNCTION__                             0x08004989   Data          14  manufacture.o(.constdata)
    .constdata                               0x08004997   Section       28  halcommon.o(.constdata)
    __FUNCTION__                             0x08004997   Data          18  halcommon.o(.constdata)
    __FUNCTION__                             0x080049a9   Data          10  halcommon.o(.constdata)
    .constdata                               0x080049b3   Section       17  halflash.o(.constdata)
    __func__                                 0x080049b3   Data          17  halflash.o(.constdata)
    .constdata                               0x080049c4   Section      115  netlayer.o(.constdata)
    g_broadMac                               0x080049c4   Data           4  netlayer.o(.constdata)
    __FUNCTION__                             0x080049c8   Data          13  netlayer.o(.constdata)
    __FUNCTION__                             0x080049d5   Data          20  netlayer.o(.constdata)
    __FUNCTION__                             0x080049e9   Data          14  netlayer.o(.constdata)
    __FUNCTION__                             0x080049f7   Data          13  netlayer.o(.constdata)
    __FUNCTION__                             0x08004a04   Data          16  netlayer.o(.constdata)
    __FUNCTION__                             0x08004a14   Data          14  netlayer.o(.constdata)
    __FUNCTION__                             0x08004a22   Data          21  netlayer.o(.constdata)
    .constdata                               0x08004a37   Section       35  phylayer.o(.constdata)
    BRAODCASTMAC                             0x08004a37   Data           4  phylayer.o(.constdata)
    __FUNCTION__                             0x08004a3b   Data          17  phylayer.o(.constdata)
    __FUNCTION__                             0x08004a4c   Data          14  phylayer.o(.constdata)
    .constdata                               0x08004a5a   Section       22  nrf24l01.o(.constdata)
    __FUNCTION__                             0x08004a62   Data          14  nrf24l01.o(.constdata)
    .conststring                             0x08004a70   Section      166  wirelessmodule.o(.conststring)
    .data                                    0x20000000   Section       24  sys.o(.data)
    g_sysVersion                             0x20000000   Data           4  sys.o(.data)
    x                                        0x20000004   Data           4  sys.o(.data)
    y                                        0x20000008   Data           4  sys.o(.data)
    z                                        0x2000000c   Data           4  sys.o(.data)
    w                                        0x20000010   Data           4  sys.o(.data)
    mac                                      0x20000014   Data           4  sys.o(.data)
    .data                                    0x20000018   Section       28  wirelessmodule.o(.data)
    g_isSleepDevice                          0x20000018   Data           1  wirelessmodule.o(.data)
    g_netStatus                              0x20000019   Data           1  wirelessmodule.o(.data)
    g_mode                                   0x2000001a   Data           1  wirelessmodule.o(.data)
    g_onlineStatus                           0x2000001b   Data           1  wirelessmodule.o(.data)
    g_lastHbTime                             0x2000001c   Data           4  wirelessmodule.o(.data)
    g_hbIntervalTime                         0x20000020   Data           4  wirelessmodule.o(.data)
    g_eventHandle                            0x20000024   Data           4  wirelessmodule.o(.data)
    g_netbuildInfo                           0x20000028   Data           6  wirelessmodule.o(.data)
    g_myDevType                              0x2000002e   Data           6  wirelessmodule.o(.data)
    .data                                    0x20000034   Section        8  devicesmanager.o(.data)
    address                                  0x20000034   Data           1  devicesmanager.o(.data)
    g_eventHandle                            0x20000038   Data           4  devicesmanager.o(.data)
    .data                                    0x2000003c   Section       16  mproto.o(.data)
    g_byteCount                              0x2000003c   Data           1  mproto.o(.data)
    g_gotDeviceInfo                          0x2000003d   Data           1  mproto.o(.data)
    dataLength                               0x2000003e   Data           1  mproto.o(.data)
    oldStatus                                0x2000003f   Data           1  mproto.o(.data)
    lastRecvTime                             0x20000040   Data           4  mproto.o(.data)
    lastRequestTime                          0x20000044   Data           4  mproto.o(.data)
    lastHbTime                               0x20000048   Data           4  mproto.o(.data)
    .data                                    0x2000004c   Section       12  manufacture.o(.data)
    g_count                                  0x2000004c   Data           1  manufacture.o(.data)
    g_testType                               0x2000004d   Data           1  manufacture.o(.data)
    g_testResult                             0x2000004e   Data           1  manufacture.o(.data)
    g_sendCheckResult                        0x2000004f   Data           1  manufacture.o(.data)
    frameLength                              0x20000050   Data           1  manufacture.o(.data)
    lastSendTime                             0x20000054   Data           4  manufacture.o(.data)
    .data                                    0x20000058   Section       12  halcommon.o(.data)
    g_intEnable                              0x20000058   Data           1  halcommon.o(.data)
    g_blinkCount                             0x20000059   Data           1  halcommon.o(.data)
    g_statusCount                            0x2000005a   Data           1  halcommon.o(.data)
    reboot                                   0x2000005b   Data           1  halcommon.o(.data)
    g_sysTimerCount                          0x2000005c   Data           4  halcommon.o(.data)
    g_lastBlinkTime                          0x20000060   Data           4  halcommon.o(.data)
    .data                                    0x20000064   Section        1  halwait.o(.data)
    g_waitType                               0x20000064   Data           1  halwait.o(.data)
    .data                                    0x20000068   Section       12  netlayer.o(.data)
    g_netBuildStart                          0x20000068   Data           1  netlayer.o(.data)
    g_needSleep                              0x20000069   Data           1  netlayer.o(.data)
    g_sleepCacheCount                        0x2000006a   Data           1  netlayer.o(.data)
    g_netEventHandle                         0x2000006c   Data           4  netlayer.o(.data)
    g_searchResultHandle                     0x20000070   Data           4  netlayer.o(.data)
    .data                                    0x20000074   Section       36  phylayer.o(.data)
    g_sendPid                                0x20000074   Data           1  phylayer.o(.data)
    g_myNetAddr                              0x20000075   Data           1  phylayer.o(.data)
    g_phyRfChannel                           0x20000076   Data           1  phylayer.o(.data)
    g_recvCount                              0x20000077   Data           1  phylayer.o(.data)
    g_phyInitError                           0x20000078   Data           1  phylayer.o(.data)
    lastDevAddr                              0x20000079   Data           1  phylayer.o(.data)
    buffLength                               0x2000007a   Data           1  phylayer.o(.data)
    g_recvPid                                0x2000007c   Data           2  phylayer.o(.data)
    g_resendOffsetTime                       0x2000007e   Data           2  phylayer.o(.data)
    g_phyMacAddr                             0x20000080   Data           4  phylayer.o(.data)
    g_optHandle                              0x20000084   Data           4  phylayer.o(.data)
    g_estnetHandle                           0x20000088   Data           4  phylayer.o(.data)
    g_heartbeatHandle                        0x2000008c   Data           4  phylayer.o(.data)
    lastRecvTime                             0x20000090   Data           4  phylayer.o(.data)
    g_segAddr                                0x20000094   Data           4  phylayer.o(.data)
    .data                                    0x20000098   Section       16  stm32f0xx_rcc.o(.data)
    APBAHBPrescTable                         0x20000098   Data          16  stm32f0xx_rcc.o(.data)
    .data                                    0x200000a8   Section        4  stdout.o(.data)
    .data                                    0x200000ac   Section        4  mvars.o(.data)
    .data                                    0x200000b0   Section        4  mvars.o(.data)
    .bss                                     0x200000b4   Section      160  systimer.o(.bss)
    g_timers                                 0x200000b4   Data         160  systimer.o(.bss)
    .bss                                     0x20000154   Section       60  wirelessmodule.o(.bss)
    g_searchDevInfo                          0x20000154   Data          60  wirelessmodule.o(.bss)
    .bss                                     0x20000190   Section      896  devicesmanager.o(.bss)
    g_deviceInfo                             0x20000190   Data         896  devicesmanager.o(.bss)
    .bss                                     0x20000510   Section      276  mproto.o(.bss)
    g_byteBuff                               0x20000510   Data         255  mproto.o(.bss)
    g_frameSendList                          0x20000610   Data          20  mproto.o(.bss)
    .bss                                     0x20000624   Section      128  manufacture.o(.bss)
    g_buff                                   0x20000624   Data         128  manufacture.o(.bss)
    .bss                                     0x200006a4   Section       20  netlayer.o(.bss)
    g_sleepDevDataCache                      0x200006a4   Data          20  netlayer.o(.bss)
    .bss                                     0x200006b8   Section      275  phylayer.o(.bss)
    g_phySendList                            0x200006b8   Data          20  phylayer.o(.bss)
    g_recvBuff                               0x200006cc   Data         255  phylayer.o(.bss)
    HEAP                                     0x200007d0   Section     2048  startup_stm32f030.o(HEAP)
    STACK                                    0x20000fd0   Section     1024  startup_stm32f030.o(STACK)

    Global Symbols

    Symbol Name                              Value     Ov Type        Size  Object(Section)

    BuildAttributes$$THM_ISAv3M$S$PE$A:L22$X:L11$S22$IEEE1$IW$USESV6$~STKCKD$USESV7$~SHL$OSPACE$ROPI$EBA8$MICROLIB$REQ8$PRES8$EABIv2 0x00000000   Number         0  anon$$obj.o ABSOLUTE
    __ARM_use_no_argv                        0x00000000   Number         0  main.o ABSOLUTE
    _printf_a                                0x00000000   Number         0  stubs.o ABSOLUTE
    _printf_c                                0x00000000   Number         0  stubs.o ABSOLUTE
    _printf_charcount                        0x00000000   Number         0  stubs.o ABSOLUTE
    _printf_d                                0x00000000   Number         0  stubs.o ABSOLUTE
    _printf_e                                0x00000000   Number         0  stubs.o ABSOLUTE
    _printf_f                                0x00000000   Number         0  stubs.o ABSOLUTE
    _printf_flags                            0x00000000   Number         0  stubs.o ABSOLUTE
    _printf_fp_dec                           0x00000000   Number         0  stubs.o ABSOLUTE
    _printf_fp_hex                           0x00000000   Number         0  stubs.o ABSOLUTE
    _printf_g                                0x00000000   Number         0  stubs.o ABSOLUTE
    _printf_i                                0x00000000   Number         0  stubs.o ABSOLUTE
    _printf_int_dec                          0x00000000   Number         0  stubs.o ABSOLUTE
    _printf_l                                0x00000000   Number         0  stubs.o ABSOLUTE
    _printf_lc                               0x00000000   Number         0  stubs.o ABSOLUTE
    _printf_ll                               0x00000000   Number         0  stubs.o ABSOLUTE
    _printf_lld                              0x00000000   Number         0  stubs.o ABSOLUTE
    _printf_lli                              0x00000000   Number         0  stubs.o ABSOLUTE
    _printf_llo                              0x00000000   Number         0  stubs.o ABSOLUTE
    _printf_llu                              0x00000000   Number         0  stubs.o ABSOLUTE
    _printf_llx                              0x00000000   Number         0  stubs.o ABSOLUTE
    _printf_longlong_dec                     0x00000000   Number         0  stubs.o ABSOLUTE
    _printf_longlong_hex                     0x00000000   Number         0  stubs.o ABSOLUTE
    _printf_longlong_oct                     0x00000000   Number         0  stubs.o ABSOLUTE
    _printf_ls                               0x00000000   Number         0  stubs.o ABSOLUTE
    _printf_mbtowc                           0x00000000   Number         0  stubs.o ABSOLUTE
    _printf_n                                0x00000000   Number         0  stubs.o ABSOLUTE
    _printf_o                                0x00000000   Number         0  stubs.o ABSOLUTE
    _printf_p                                0x00000000   Number         0  stubs.o ABSOLUTE
    _printf_percent                          0x00000000   Number         0  stubs.o ABSOLUTE
    _printf_pre_padding                      0x00000000   Number         0  stubs.o ABSOLUTE
    _printf_return_value                     0x00000000   Number         0  stubs.o ABSOLUTE
    _printf_s                                0x00000000   Number         0  stubs.o ABSOLUTE
    _printf_sizespec                         0x00000000   Number         0  stubs.o ABSOLUTE
    _printf_str                              0x00000000   Number         0  stubs.o ABSOLUTE
    _printf_truncate_signed                  0x00000000   Number         0  stubs.o ABSOLUTE
    _printf_truncate_unsigned                0x00000000   Number         0  stubs.o ABSOLUTE
    _printf_u                                0x00000000   Number         0  stubs.o ABSOLUTE
    _printf_wc                               0x00000000   Number         0  stubs.o ABSOLUTE
    _printf_wctomb                           0x00000000   Number         0  stubs.o ABSOLUTE
    _printf_widthprec                        0x00000000   Number         0  stubs.o ABSOLUTE
    _printf_x                                0x00000000   Number         0  stubs.o ABSOLUTE
    __cpp_initialize__aeabi_                  - Undefined Weak Reference
    __cxa_finalize                            - Undefined Weak Reference
    __decompress                              - Undefined Weak Reference
    _clock_init                               - Undefined Weak Reference
    _microlib_exit                            - Undefined Weak Reference
    __Vectors_Size                           0x000000b4   Number         0  startup_stm32f030.o ABSOLUTE
    __Vectors                                0x08000000   Data           4  startup_stm32f030.o(RESET)
    __Vectors_End                            0x080000b4   Data           0  startup_stm32f030.o(RESET)
    __main                                   0x080000b5   Thumb Code     0  entry.o(.ARM.Collect$$$$00000000)
    _main_stk                                0x080000b5   Thumb Code     0  entry2.o(.ARM.Collect$$$$00000001)
    _main_scatterload                        0x080000b9   Thumb Code     0  entry5.o(.ARM.Collect$$$$00000004)
    __main_after_scatterload                 0x080000bd   Thumb Code     0  entry5.o(.ARM.Collect$$$$00000004)
    _main_clock                              0x080000bd   Thumb Code     0  entry7b.o(.ARM.Collect$$$$00000008)
    _main_cpp_init                           0x080000bd   Thumb Code     0  entry8b.o(.ARM.Collect$$$$0000000A)
    _main_init                               0x080000bd   Thumb Code     0  entry9a.o(.ARM.Collect$$$$0000000B)
    __rt_final_cpp                           0x080000c5   Thumb Code     0  entry10a.o(.ARM.Collect$$$$0000000D)
    __rt_final_exit                          0x080000c5   Thumb Code     0  entry11a.o(.ARM.Collect$$$$0000000F)
    Reset_Handler                            0x080000c9   Thumb Code    38  startup_stm32f030.o(.text)
    NMI_Handler                              0x080000ef   Thumb Code     2  startup_stm32f030.o(.text)
    SVC_Handler                              0x080000f3   Thumb Code     2  startup_stm32f030.o(.text)
    PendSV_Handler                           0x080000f5   Thumb Code     2  startup_stm32f030.o(.text)
    SysTick_Handler                          0x080000f7   Thumb Code     2  startup_stm32f030.o(.text)
    ADC1_IRQHandler                          0x080000f9   Thumb Code     0  startup_stm32f030.o(.text)
    DMA1_Channel1_IRQHandler                 0x080000f9   Thumb Code     0  startup_stm32f030.o(.text)
    DMA1_Channel2_3_IRQHandler               0x080000f9   Thumb Code     0  startup_stm32f030.o(.text)
    DMA1_Channel4_5_IRQHandler               0x080000f9   Thumb Code     0  startup_stm32f030.o(.text)
    EXTI2_3_IRQHandler                       0x080000f9   Thumb Code     0  startup_stm32f030.o(.text)
    EXTI4_15_IRQHandler                      0x080000f9   Thumb Code     0  startup_stm32f030.o(.text)
    I2C1_IRQHandler                          0x080000f9   Thumb Code     0  startup_stm32f030.o(.text)
    I2C2_IRQHandler                          0x080000f9   Thumb Code     0  startup_stm32f030.o(.text)
    RCC_IRQHandler                           0x080000f9   Thumb Code     0  startup_stm32f030.o(.text)
    RTC_IRQHandler                           0x080000f9   Thumb Code     0  startup_stm32f030.o(.text)
    SPI1_IRQHandler                          0x080000f9   Thumb Code     0  startup_stm32f030.o(.text)
    SPI2_IRQHandler                          0x080000f9   Thumb Code     0  startup_stm32f030.o(.text)
    TIM14_IRQHandler                         0x080000f9   Thumb Code     0  startup_stm32f030.o(.text)
    TIM15_IRQHandler                         0x080000f9   Thumb Code     0  startup_stm32f030.o(.text)
    TIM16_IRQHandler                         0x080000f9   Thumb Code     0  startup_stm32f030.o(.text)
    TIM17_IRQHandler                         0x080000f9   Thumb Code     0  startup_stm32f030.o(.text)
    TIM1_BRK_UP_TRG_COM_IRQHandler           0x080000f9   Thumb Code     0  startup_stm32f030.o(.text)
    TIM1_CC_IRQHandler                       0x080000f9   Thumb Code     0  startup_stm32f030.o(.text)
    WWDG_IRQHandler                          0x080000f9   Thumb Code     0  startup_stm32f030.o(.text)
    __aeabi_uidiv                            0x08000121   Thumb Code     0  uidiv.o(.text)
    __aeabi_uidivmod                         0x08000121   Thumb Code    44  uidiv.o(.text)
    __aeabi_memcpy                           0x0800014d   Thumb Code    36  memcpya.o(.text)
    __aeabi_memcpy4                          0x0800014d   Thumb Code     0  memcpya.o(.text)
    __aeabi_memcpy8                          0x0800014d   Thumb Code     0  memcpya.o(.text)
    __aeabi_memset                           0x08000171   Thumb Code    14  memseta.o(.text)
    __aeabi_memset4                          0x08000171   Thumb Code     0  memseta.o(.text)
    __aeabi_memset8                          0x08000171   Thumb Code     0  memseta.o(.text)
    __aeabi_memclr                           0x0800017f   Thumb Code     4  memseta.o(.text)
    __aeabi_memclr4                          0x0800017f   Thumb Code     0  memseta.o(.text)
    __aeabi_memclr8                          0x0800017f   Thumb Code     0  memseta.o(.text)
    _memset$wrapper                          0x08000183   Thumb Code    18  memseta.o(.text)
    strlen                                   0x08000195   Thumb Code    14  strlen.o(.text)
    memcmp                                   0x080001a3   Thumb Code    26  memcmp.o(.text)
    strcpy                                   0x080001bd   Thumb Code    18  strcpy.o(.text)
    __aeabi_uldivmod                         0x080001cf   Thumb Code    96  uldiv.o(.text)
    __scatterload                            0x08000231   Thumb Code    28  init.o(.text)
    __scatterload_rt2                        0x08000231   Thumb Code     0  init.o(.text)
    __aeabi_llsl                             0x08000255   Thumb Code    32  llshl.o(.text)
    _ll_shift_l                              0x08000255   Thumb Code     0  llshl.o(.text)
    __aeabi_llsr                             0x08000275   Thumb Code    34  llushr.o(.text)
    _ll_ushift_r                             0x08000275   Thumb Code     0  llushr.o(.text)
    DMDeviceAddressFind                      0x08000299   Thumb Code    52  devicesmanager.o(i.DMDeviceAddressFind)
    DMDeviceCreate                           0x080002f1   Thumb Code    84  devicesmanager.o(i.DMDeviceCreate)
    DMDeviceDel                              0x08000351   Thumb Code    20  devicesmanager.o(i.DMDeviceDel)
    DMDeviceInfoClear                        0x08000365   Thumb Code    22  devicesmanager.o(i.DMDeviceInfoClear)
    DMDeviceSet                              0x08000385   Thumb Code    62  devicesmanager.o(i.DMDeviceSet)
    DMDeviceUidToAddress                     0x080003d1   Thumb Code    38  devicesmanager.o(i.DMDeviceUidToAddress)
    DMEventRegister                          0x080003fd   Thumb Code     6  devicesmanager.o(i.DMEventRegister)
    DMGetOnlineDeviceType                    0x08000409   Thumb Code    66  devicesmanager.o(i.DMGetOnlineDeviceType)
    DMGetRelatedDeviceType                   0x08000451   Thumb Code    60  devicesmanager.o(i.DMGetRelatedDeviceType)
    DMInitialize                             0x08000491   Thumb Code    40  devicesmanager.o(i.DMInitialize)
    DMMasterDeviceSet                        0x080004c1   Thumb Code    42  devicesmanager.o(i.DMMasterDeviceSet)
    DMPoll                                   0x080004f1   Thumb Code     8  devicesmanager.o(i.DMPoll)
    DMUpdateHeartbeat                        0x080004f9   Thumb Code    62  devicesmanager.o(i.DMUpdateHeartbeat)
    EXTI0_1_IRQHandler                       0x08000569   Thumb Code    24  halpower.o(i.EXTI0_1_IRQHandler)
    EXTI_ClearITPendingBit                   0x08000581   Thumb Code     6  stm32f0xx_exti.o(i.EXTI_ClearITPendingBit)
    EXTI_GetITStatus                         0x0800058d   Thumb Code    16  stm32f0xx_exti.o(i.EXTI_GetITStatus)
    EXTI_Init                                0x080005a1   Thumb Code   102  stm32f0xx_exti.o(i.EXTI_Init)
    FLASH_ClearFlag                          0x0800060d   Thumb Code     6  stm32f0xx_flash.o(i.FLASH_ClearFlag)
    FLASH_ErasePage                          0x08000619   Thumb Code    52  stm32f0xx_flash.o(i.FLASH_ErasePage)
    FLASH_GetStatus                          0x08000651   Thumb Code    34  stm32f0xx_flash.o(i.FLASH_GetStatus)
    FLASH_IRQHandler                         0x08000679   Thumb Code    12  halflash.o(i.FLASH_IRQHandler)
    FLASH_Lock                               0x08000699   Thumb Code    12  stm32f0xx_flash.o(i.FLASH_Lock)
    FLASH_PrefetchBufferCmd                  0x080006a9   Thumb Code    20  stm32f0xx_flash.o(i.FLASH_PrefetchBufferCmd)
    FLASH_ProgramWord                        0x080006c1   Thumb Code    70  stm32f0xx_flash.o(i.FLASH_ProgramWord)
    FLASH_SetLatency                         0x0800070d   Thumb Code    14  stm32f0xx_flash.o(i.FLASH_SetLatency)
    FLASH_Unlock                             0x08000721   Thumb Code    18  stm32f0xx_flash.o(i.FLASH_Unlock)
    FLASH_WaitForLastOperation               0x08000741   Thumb Code    34  stm32f0xx_flash.o(i.FLASH_WaitForLastOperation)
    GPIO_Init                                0x08000763   Thumb Code   112  stm32f0xx_gpio.o(i.GPIO_Init)
    GPIO_PinAFConfig                         0x080007d3   Thumb Code    32  stm32f0xx_gpio.o(i.GPIO_PinAFConfig)
    GPIO_ReadInputDataBit                    0x080007f3   Thumb Code    14  stm32f0xx_gpio.o(i.GPIO_ReadInputDataBit)
    GPIO_WriteBit                            0x08000801   Thumb Code    12  stm32f0xx_gpio.o(i.GPIO_WriteBit)
    HalClkInit                               0x0800080d   Thumb Code   148  halclk.o(i.HalClkInit)
    HalFlashErase                            0x080008a1   Thumb Code    40  halflash.o(i.HalFlashErase)
    HalFlashInitialize                       0x080008c9   Thumb Code     2  halflash.o(i.HalFlashInitialize)
    HalFlashPoll                             0x080008cb   Thumb Code     2  halflash.o(i.HalFlashPoll)
    HalFlashRead                             0x080008cd   Thumb Code    16  halflash.o(i.HalFlashRead)
    HalFlashWrite                            0x080008dd   Thumb Code   108  halflash.o(i.HalFlashWrite)
    HalGPIOGet                               0x08000949   Thumb Code    32  halgpio.o(i.HalGPIOGet)
    HalGPIOInit                              0x08000969   Thumb Code    64  halgpio.o(i.HalGPIOInit)
    HalGPIOInitialize                        0x080009a9   Thumb Code     2  halgpio.o(i.HalGPIOInitialize)
    HalGPIOPoll                              0x080009ab   Thumb Code     2  halgpio.o(i.HalGPIOPoll)
    HalGPIOSet                               0x080009ad   Thumb Code    32  halgpio.o(i.HalGPIOSet)
    HalInitialize                            0x080009cd   Thumb Code    62  halcommon.o(i.HalInitialize)
    HalInterruptsSetEnable                   0x08000a0d   Thumb Code    16  halcommon.o(i.HalInterruptsSetEnable)
    HalPoll                                  0x08000a21   Thumb Code    24  halcommon.o(i.HalPoll)
    HalPowerInitialize                       0x08000a39   Thumb Code    74  halpower.o(i.HalPowerInitialize)
    HalPowerNeedSleep                        0x08000a83   Thumb Code    20  halpower.o(i.HalPowerNeedSleep)
    HalPowerSleep                            0x08000a97   Thumb Code    12  halpower.o(i.HalPowerSleep)
    HalPowerWakeup                           0x08000aa3   Thumb Code     8  halpower.o(i.HalPowerWakeup)
    HalReboot                                0x08000aad   Thumb Code    54  halcommon.o(i.HalReboot)
    HalRunningTime                           0x08000b01   Thumb Code     6  halcommon.o(i.HalRunningTime)
    HalSetSleepPinStatus                     0x08000b0d   Thumb Code    20  halpower.o(i.HalSetSleepPinStatus)
    HalSpiInitialize                         0x08000b21   Thumb Code   156  halspi.o(i.HalSpiInitialize)
    HalSpiPoll                               0x08000bc1   Thumb Code     2  halspi.o(i.HalSpiPoll)
    HalSpiReadWrite                          0x08000bc5   Thumb Code    46  halspi.o(i.HalSpiReadWrite)
    HalStatusLedSet                          0x08000c51   Thumb Code    16  halcommon.o(i.HalStatusLedSet)
    HalTimerInitialize                       0x08000c65   Thumb Code    74  haltimer.o(i.HalTimerInitialize)
    HalTimerPassMs                           0x08000cb9   Thumb Code    10  halcommon.o(i.HalTimerPassMs)
    HalUartInit                              0x08000cd9   Thumb Code    30  haluart.o(i.HalUartInit)
    HalUartInitialize                        0x08000d01   Thumb Code   112  haluart.o(i.HalUartInitialize)
    HalUartPoll                              0x08000d79   Thumb Code     2  haluart.o(i.HalUartPoll)
    HalUartWrite                             0x08000d7d   Thumb Code    68  haluart.o(i.HalUartWrite)
    HardFault_Handler                        0x08000dcd   Thumb Code    28  halcommon.o(i.HardFault_Handler)
    MFInitialize                             0x08000df9   Thumb Code     2  manufacture.o(i.MFInitialize)
    MFPoll                                   0x08000dfb   Thumb Code     8  manufacture.o(i.MFPoll)
    MFRecvByte                               0x08000e05   Thumb Code    82  manufacture.o(i.MFRecvByte)
    MProtoGotDeviceInfo                      0x08000e61   Thumb Code     6  mproto.o(i.MProtoGotDeviceInfo)
    MProtoInitialize                         0x08000e6d   Thumb Code    38  mproto.o(i.MProtoInitialize)
    MProtoPoll                               0x08000e9d   Thumb Code   138  mproto.o(i.MProtoPoll)
    MProtoRecvByte                           0x08000f31   Thumb Code   142  mproto.o(i.MProtoRecvByte)
    MProtoSendListEmpty                      0x08000fe5   Thumb Code    20  mproto.o(i.MProtoSendListEmpty)
    NRF24L01Check                            0x08000ffd   Thumb Code    86  nrf24l01.o(i.NRF24L01Check)
    NRF24L01DataRecved                       0x0800106d   Thumb Code    20  nrf24l01.o(i.NRF24L01DataRecved)
    NRF24L01Initialize                       0x08001081   Thumb Code    44  nrf24l01.o(i.NRF24L01Initialize)
    NRF24L01ModeSet                          0x080010ad   Thumb Code   196  nrf24l01.o(i.NRF24L01ModeSet)
    NRF24L01Poll                             0x08001175   Thumb Code     2  nrf24l01.o(i.NRF24L01Poll)
    NRF24L01RxPacket                         0x08001177   Thumb Code    58  nrf24l01.o(i.NRF24L01RxPacket)
    NRF24L01Sleep                            0x080011b1   Thumb Code    44  nrf24l01.o(i.NRF24L01Sleep)
    NRF24L01TxPacket                         0x080011dd   Thumb Code   106  nrf24l01.o(i.NRF24L01TxPacket)
    NRF24l01Shutdown                         0x08001247   Thumb Code    34  nrf24l01.o(i.NRF24l01Shutdown)
    NVIC_Init                                0x08001269   Thumb Code    70  stm32f0xx_misc.o(i.NVIC_Init)
    NetBuildStart                            0x080012b9   Thumb Code    36  netlayer.o(i.NetBuildStart)
    NetBuildStop                             0x080012f1   Thumb Code    40  netlayer.o(i.NetBuildStop)
    NetCoordinationOperate                   0x08001335   Thumb Code   112  netlayer.o(i.NetCoordinationOperate)
    NetGetMacAddr                            0x080013a9   Thumb Code     8  netlayer.o(i.NetGetMacAddr)
    NetLayerEventRegister                    0x080013b1   Thumb Code     6  netlayer.o(i.NetLayerEventRegister)
    NetLayerInit                             0x080013bd   Thumb Code    24  netlayer.o(i.NetLayerInit)
    NetLayerPoll                             0x080013e5   Thumb Code    12  netlayer.o(i.NetLayerPoll)
    NetLayerSleep                            0x080013f1   Thumb Code     8  netlayer.o(i.NetLayerSleep)
    NetSendHeartbeat                         0x080013f9   Thumb Code    12  netlayer.o(i.NetSendHeartbeat)
    NetSendListEmpty                         0x08001409   Thumb Code     8  netlayer.o(i.NetSendListEmpty)
    NetSetMacAddr                            0x08001411   Thumb Code    42  netlayer.o(i.NetSetMacAddr)
    NetSetNetaddress                         0x0800145d   Thumb Code     8  netlayer.o(i.NetSetNetaddress)
    NetSetSegaddress                         0x08001465   Thumb Code     8  netlayer.o(i.NetSetSegaddress)
    NetSetSleepMode                          0x0800146d   Thumb Code    32  netlayer.o(i.NetSetSleepMode)
    NetUserDataSend                          0x080014a1   Thumb Code    84  netlayer.o(i.NetUserDataSend)
    NetbuildAddDevice                        0x080014f9   Thumb Code    38  netlayer.o(i.NetbuildAddDevice)
    NetbuildDelDevice                        0x08001521   Thumb Code    58  netlayer.o(i.NetbuildDelDevice)
    NetbuildSearchDevice                     0x08001561   Thumb Code    62  netlayer.o(i.NetbuildSearchDevice)
    NetbuildSearchResponse                   0x080015b5   Thumb Code    40  netlayer.o(i.NetbuildSearchResponse)
    PHYEstnetPacketSend                      0x080015e1   Thumb Code   136  phylayer.o(i.PHYEstnetPacketSend)
    PHYGetMac                                0x08001671   Thumb Code    18  phylayer.o(i.PHYGetMac)
    PHYHeartbeatSend                         0x08001689   Thumb Code    82  phylayer.o(i.PHYHeartbeatSend)
    PHYInitError                             0x080016e1   Thumb Code     6  phylayer.o(i.PHYInitError)
    PHYInitialize                            0x080016ed   Thumb Code    48  phylayer.o(i.PHYInitialize)
    PHYOperatePacketSend                     0x08001749   Thumb Code   128  phylayer.o(i.PHYOperatePacketSend)
    PHYPacketHandleCallbackRegiste           0x080017cd   Thumb Code     6  phylayer.o(i.PHYPacketHandleCallbackRegiste)
    PHYPacketRecvHandle                      0x080017d9   Thumb Code   464  phylayer.o(i.PHYPacketRecvHandle)
    PHYPoll                                  0x08001a09   Thumb Code    16  phylayer.o(i.PHYPoll)
    PHYPowerSet                              0x08001a19   Thumb Code     8  phylayer.o(i.PHYPowerSet)
    PHYSendListEmpty                         0x08001a21   Thumb Code    20  phylayer.o(i.PHYSendListEmpty)
    PHYSetMac                                0x08001a39   Thumb Code    32  phylayer.o(i.PHYSetMac)
    PHYSetNetAddr                            0x08001a7d   Thumb Code    18  phylayer.o(i.PHYSetNetAddr)
    PHYSetSegAddr                            0x08001aa9   Thumb Code    32  phylayer.o(i.PHYSetSegAddr)
    PHYSwitchChannel                         0x08001af1   Thumb Code    40  phylayer.o(i.PHYSwitchChannel)
    PMInitialize                             0x08001b35   Thumb Code     8  powermanager.o(i.PMInitialize)
    PMPoll                                   0x08001b3d   Thumb Code    40  powermanager.o(i.PMPoll)
    PMSetSleepStatus                         0x08001b65   Thumb Code     8  powermanager.o(i.PMSetSleepStatus)
    PMSleep                                  0x08001b6d   Thumb Code    40  powermanager.o(i.PMSleep)
    PMWakeUp                                 0x08001ba5   Thumb Code    34  powermanager.o(i.PMWakeUp)
    PWR_EnterSTOPMode                        0x08001bd9   Thumb Code    52  stm32f0xx_pwr.o(i.PWR_EnterSTOPMode)
    RCC_AHBPeriphClockCmd                    0x08001c15   Thumb Code    18  stm32f0xx_rcc.o(i.RCC_AHBPeriphClockCmd)
    RCC_APB1PeriphClockCmd                   0x08001c2d   Thumb Code    18  stm32f0xx_rcc.o(i.RCC_APB1PeriphClockCmd)
    RCC_APB2PeriphClockCmd                   0x08001c45   Thumb Code    18  stm32f0xx_rcc.o(i.RCC_APB2PeriphClockCmd)
    RCC_DeInit                               0x08001c5d   Thumb Code    76  stm32f0xx_rcc.o(i.RCC_DeInit)
    RCC_GetClocksFreq                        0x08001cb9   Thumb Code   346  stm32f0xx_rcc.o(i.RCC_GetClocksFreq)
    RCC_GetFlagStatus                        0x08001e31   Thumb Code    48  stm32f0xx_rcc.o(i.RCC_GetFlagStatus)
    RCC_GetSYSCLKSource                      0x08001e65   Thumb Code    10  stm32f0xx_rcc.o(i.RCC_GetSYSCLKSource)
    RCC_HCLKConfig                           0x08001e75   Thumb Code    14  stm32f0xx_rcc.o(i.RCC_HCLKConfig)
    RCC_HSEConfig                            0x08001e89   Thumb Code    10  stm32f0xx_rcc.o(i.RCC_HSEConfig)
    RCC_PCLKConfig                           0x08001e99   Thumb Code    16  stm32f0xx_rcc.o(i.RCC_PCLKConfig)
    RCC_PLLCmd                               0x08001ead   Thumb Code    22  stm32f0xx_rcc.o(i.RCC_PLLCmd)
    RCC_PLLConfig                            0x08001ec9   Thumb Code    24  stm32f0xx_rcc.o(i.RCC_PLLConfig)
    RCC_SYSCLKConfig                         0x08001ee5   Thumb Code    14  stm32f0xx_rcc.o(i.RCC_SYSCLKConfig)
    RCC_WaitForHSEStartUp                    0x08001ef9   Thumb Code    44  stm32f0xx_rcc.o(i.RCC_WaitForHSEStartUp)
    SPI_Cmd                                  0x08001f25   Thumb Code    18  stm32f0xx_spi.o(i.SPI_Cmd)
    SPI_I2S_GetFlagStatus                    0x08001f37   Thumb Code    14  stm32f0xx_spi.o(i.SPI_I2S_GetFlagStatus)
    SPI_Init                                 0x08001f45   Thumb Code    74  stm32f0xx_spi.o(i.SPI_Init)
    SPI_ReceiveData8                         0x08001f99   Thumb Code     4  stm32f0xx_spi.o(i.SPI_ReceiveData8)
    SPI_RxFIFOThresholdConfig                0x08001f9d   Thumb Code    16  stm32f0xx_spi.o(i.SPI_RxFIFOThresholdConfig)
    SPI_SendData8                            0x08001fb1   Thumb Code     4  stm32f0xx_spi.o(i.SPI_SendData8)
    SYSCFG_EXTILineConfig                    0x08001fb5   Thumb Code    34  stm32f0xx_syscfg.o(i.SYSCFG_EXTILineConfig)
    SysDataSendListEmpty                     0x08001fdd   Thumb Code    26  sys.o(i.SysDataSendListEmpty)
    SysGetMacAddr                            0x08001ff9   Thumb Code    18  sys.o(i.SysGetMacAddr)
    SysGetVersion                            0x08002011   Thumb Code     4  sys.o(i.SysGetVersion)
    SysGotDeviceInfo                         0x08002019   Thumb Code     8  sys.o(i.SysGotDeviceInfo)
    SysInitialize                            0x08002021   Thumb Code    20  sys.o(i.SysInitialize)
    SysMacToUid                              0x08002035   Thumb Code    22  sys.o(i.SysMacToUid)
    SysPoll                                  0x0800204b   Thumb Code    20  sys.o(i.SysPoll)
    SysRandom                                0x08002061   Thumb Code    34  sys.o(i.SysRandom)
    SysRandomSeed                            0x08002089   Thumb Code    26  sys.o(i.SysRandomSeed)
    SysSetMacAddr                            0x080020a9   Thumb Code    54  sys.o(i.SysSetMacAddr)
    SysTimerInitialize                       0x08002105   Thumb Code     2  systimer.o(i.SysTimerInitialize)
    SysTimerPoll                             0x08002109   Thumb Code    44  systimer.o(i.SysTimerPoll)
    SysTimerSet                              0x08002139   Thumb Code    88  systimer.o(i.SysTimerSet)
    SysUartRecvHandle                        0x08002195   Thumb Code    26  sys.o(i.SysUartRecvHandle)
    SysUidToMac                              0x080021b1   Thumb Code    20  sys.o(i.SysUidToMac)
    SystemInit                               0x080021c9   Thumb Code    78  system_stm32f0xx.o(i.SystemInit)
    TIM1_Config_Ms                           0x08002225   Thumb Code    44  halwait.o(i.TIM1_Config_Ms)
    TIM1_Config_Us                           0x08002259   Thumb Code    42  halwait.o(i.TIM1_Config_Us)
    TIM3_IRQHandler                          0x08002289   Thumb Code    16  haltimer.o(i.TIM3_IRQHandler)
    TIM_ClearITPendingBit                    0x0800229d   Thumb Code     6  stm32f0xx_tim.o(i.TIM_ClearITPendingBit)
    TIM_Cmd                                  0x080022a3   Thumb Code    20  stm32f0xx_tim.o(i.TIM_Cmd)
    TIM_ITConfig                             0x080022b7   Thumb Code    16  stm32f0xx_tim.o(i.TIM_ITConfig)
    TIM_TimeBaseInit                         0x080022c9   Thumb Code    88  stm32f0xx_tim.o(i.TIM_TimeBaseInit)
    USART1_IRQHandler                        0x0800233d   Thumb Code    44  haluart.o(i.USART1_IRQHandler)
    USART2_IRQHandler                        0x08002371   Thumb Code    44  haluart.o(i.USART2_IRQHandler)
    USART_ClearITPendingBit                  0x080023a5   Thumb Code    10  stm32f0xx_usart.o(i.USART_ClearITPendingBit)
    USART_Cmd                                0x080023af   Thumb Code    20  stm32f0xx_usart.o(i.USART_Cmd)
    USART_GetFlagStatus                      0x080023c3   Thumb Code    14  stm32f0xx_usart.o(i.USART_GetFlagStatus)
    USART_GetITStatus                        0x080023d1   Thumb Code    56  stm32f0xx_usart.o(i.USART_GetITStatus)
    USART_ITConfig                           0x08002409   Thumb Code    42  stm32f0xx_usart.o(i.USART_ITConfig)
    USART_Init                               0x08002435   Thumb Code   148  stm32f0xx_usart.o(i.USART_Init)
    USART_OverrunDetectionConfig             0x080024dd   Thumb Code    18  stm32f0xx_usart.o(i.USART_OverrunDetectionConfig)
    USART_ReceiveData                        0x080024ef   Thumb Code     8  stm32f0xx_usart.o(i.USART_ReceiveData)
    USART_RequestCmd                         0x080024f7   Thumb Code    16  stm32f0xx_usart.o(i.USART_RequestCmd)
    USART_SendData                           0x08002507   Thumb Code     8  stm32f0xx_usart.o(i.USART_SendData)
    WMDeviceCoordination                     0x08002511   Thumb Code   200  wirelessmodule.o(i.WMDeviceCoordination)
    WMEventRegister                          0x08002631   Thumb Code     6  wirelessmodule.o(i.WMEventRegister)
    WMGetNetStatus                           0x0800263d   Thumb Code     6  wirelessmodule.o(i.WMGetNetStatus)
    WMGetSearchResult                        0x08002649   Thumb Code    68  wirelessmodule.o(i.WMGetSearchResult)
    WMInitialize                             0x08002691   Thumb Code    90  wirelessmodule.o(i.WMInitialize)
    WMIsDeviceOnline                         0x08002701   Thumb Code    16  wirelessmodule.o(i.WMIsDeviceOnline)
    WMNetBuildAddDevice                      0x08002715   Thumb Code   350  wirelessmodule.o(i.WMNetBuildAddDevice)
    WMNetBuildDelDevice                      0x08002929   Thumb Code   116  wirelessmodule.o(i.WMNetBuildDelDevice)
    WMNetBuildSearch                         0x080029e1   Thumb Code   140  wirelessmodule.o(i.WMNetBuildSearch)
    WMNetBuildStart                          0x08002ab9   Thumb Code    28  wirelessmodule.o(i.WMNetBuildStart)
    WMNetInfoClear                           0x08002ad9   Thumb Code    52  wirelessmodule.o(i.WMNetInfoClear)
    WMNetUserDataSend                        0x08002b25   Thumb Code    68  wirelessmodule.o(i.WMNetUserDataSend)
    WMPoll                                   0x08002b85   Thumb Code    28  wirelessmodule.o(i.WMPoll)
    WMQueryDeviceInfo                        0x08002ba5   Thumb Code    46  wirelessmodule.o(i.WMQueryDeviceInfo)
    WMSetMasterSlaveMode                     0x08002be9   Thumb Code   120  wirelessmodule.o(i.WMSetMasterSlaveMode)
    WMSetModuleType                          0x08002c81   Thumb Code    52  wirelessmodule.o(i.WMSetModuleType)
    WMSetSleepMode                           0x08002cd5   Thumb Code    50  wirelessmodule.o(i.WMSetSleepMode)
    WMWakeupHandle                           0x08002d2d   Thumb Code    40  wirelessmodule.o(i.WMWakeupHandle)
    __0printf$8                              0x08002d59   Thumb Code    24  printf8.o(i.__0printf$8)
    __1printf$8                              0x08002d59   Thumb Code     0  printf8.o(i.__0printf$8)
    __2printf                                0x08002d59   Thumb Code     0  printf8.o(i.__0printf$8)
    __ARM_common_switch8                     0x08002d79   Thumb Code    26  wirelessmodule.o(i.__ARM_common_switch8)
    __scatterload_copy                       0x08002d93   Thumb Code    14  handlers.o(i.__scatterload_copy)
    __scatterload_null                       0x08002da1   Thumb Code     2  handlers.o(i.__scatterload_null)
    __scatterload_zeroinit                   0x08002da3   Thumb Code    14  handlers.o(i.__scatterload_zeroinit)
    fputc                                    0x08003413   Thumb Code    16  halcommon.o(i.fputc)
    free                                     0x08003425   Thumb Code    80  malloc.o(i.free)
    hal_wait                                 0x08003485   Thumb Code    42  halwait.o(i.hal_wait)
    hal_wait_check                           0x080034b5   Thumb Code    16  halwait.o(i.hal_wait_check)
    hal_wait_init                            0x080034c9   Thumb Code    26  halwait.o(i.hal_wait_init)
    hal_wait_ms                              0x080034e9   Thumb Code    20  halwait.o(i.hal_wait_ms)
    hal_wait_us                              0x080034fd   Thumb Code    20  halwait.o(i.hal_wait_us)
    main                                     0x08003651   Thumb Code    10  main.o(i.main)
    malloc                                   0x0800365d   Thumb Code    92  malloc.o(i.malloc)
    TX_ADDRESS                               0x08004a5a   Data           4  nrf24l01.o(.constdata)
    RX_ADDRESS                               0x08004a5e   Data           4  nrf24l01.o(.constdata)
    Region$$Table$$Base                      0x08004b18   Number         0  anon$$obj.o(Region$$Table)
    Region$$Table$$Limit                     0x08004b38   Number         0  anon$$obj.o(Region$$Table)
    __stdout                                 0x200000a8   Data           4  stdout.o(.data)
    __microlib_freelist                      0x200000ac   Data           4  mvars.o(.data)
    __microlib_freelist_initialised          0x200000b0   Data           4  mvars.o(.data)
    __heap_base                              0x200007d0   Data           0  startup_stm32f030.o(HEAP)
    __heap_limit                             0x20000fd0   Data           0  startup_stm32f030.o(HEAP)
    __initial_sp                             0x200013d0   Data           0  startup_stm32f030.o(STACK)



==============================================================================

Memory Map of the image

  Image Entry point : 0x080000b5

  Load Region LR_IROM1 (Base: 0x08000000, Size: 0x00004bec, Max: 0x00010000, ABSOLUTE)

    Execution Region ER_IROM1 (Base: 0x08000000, Size: 0x00004b38, Max: 0x00010000, ABSOLUTE)

    Base Addr    Size         Type   Attr      Idx    E Section Name        Object

    0x08000000   0x000000b4   Data   RO         3739    RESET               startup_stm32f030.o
    0x080000b4   0x00000000   Code   RO         3777  * .ARM.Collect$$$$00000000  mc_p.l(entry.o)
    0x080000b4   0x00000004   Code   RO         4083    .ARM.Collect$$$$00000001  mc_p.l(entry2.o)
    0x080000b8   0x00000004   Code   RO         4086    .ARM.Collect$$$$00000004  mc_p.l(entry5.o)
    0x080000bc   0x00000000   Code   RO         4088    .ARM.Collect$$$$00000008  mc_p.l(entry7b.o)
    0x080000bc   0x00000000   Code   RO         4090    .ARM.Collect$$$$0000000A  mc_p.l(entry8b.o)
    0x080000bc   0x00000008   Code   RO         4091    .ARM.Collect$$$$0000000B  mc_p.l(entry9a.o)
    0x080000c4   0x00000000   Code   RO         4093    .ARM.Collect$$$$0000000D  mc_p.l(entry10a.o)
    0x080000c4   0x00000000   Code   RO         4095    .ARM.Collect$$$$0000000F  mc_p.l(entry11a.o)
    0x080000c4   0x00000004   Code   RO         4084    .ARM.Collect$$$$00002712  mc_p.l(entry2.o)
    0x080000c8   0x00000058   Code   RO         3740    .text               startup_stm32f030.o
    0x08000120   0x0000002c   Code   RO         3780    .text               mc_p.l(uidiv.o)
    0x0800014c   0x00000024   Code   RO         3782    .text               mc_p.l(memcpya.o)
    0x08000170   0x00000024   Code   RO         3784    .text               mc_p.l(memseta.o)
    0x08000194   0x0000000e   Code   RO         3786    .text               mc_p.l(strlen.o)
    0x080001a2   0x0000001a   Code   RO         3788    .text               mc_p.l(memcmp.o)
    0x080001bc   0x00000012   Code   RO         3790    .text               mc_p.l(strcpy.o)
    0x080001ce   0x00000060   Code   RO         4098    .text               mc_p.l(uldiv.o)
    0x0800022e   0x00000002   PAD
    0x08000230   0x00000024   Code   RO         4113    .text               mc_p.l(init.o)
    0x08000254   0x00000020   Code   RO         4115    .text               mc_p.l(llshl.o)
    0x08000274   0x00000022   Code   RO         4117    .text               mc_p.l(llushr.o)
    0x08000296   0x00000002   PAD
    0x08000298   0x00000058   Code   RO          458    i.DMDeviceAddressFind  devicesmanager.o
    0x080002f0   0x00000060   Code   RO          459    i.DMDeviceCreate    devicesmanager.o
    0x08000350   0x00000014   Code   RO          460    i.DMDeviceDel       devicesmanager.o
    0x08000364   0x00000020   Code   RO          461    i.DMDeviceInfoClear  devicesmanager.o
    0x08000384   0x0000004c   Code   RO          462    i.DMDeviceSet       devicesmanager.o
    0x080003d0   0x0000002c   Code   RO          463    i.DMDeviceUidToAddress  devicesmanager.o
    0x080003fc   0x0000000c   Code   RO          464    i.DMEventRegister   devicesmanager.o
    0x08000408   0x00000048   Code   RO          465    i.DMGetOnlineDeviceType  devicesmanager.o
    0x08000450   0x00000040   Code   RO          466    i.DMGetRelatedDeviceType  devicesmanager.o
    0x08000490   0x00000030   Code   RO          467    i.DMInitialize      devicesmanager.o
    0x080004c0   0x00000030   Code   RO          468    i.DMMasterDeviceSet  devicesmanager.o
    0x080004f0   0x00000008   Code   RO          469    i.DMPoll            devicesmanager.o
    0x080004f8   0x00000070   Code   RO          470    i.DMUpdateHeartbeat  devicesmanager.o
    0x08000568   0x00000018   Code   RO         1274    i.EXTI0_1_IRQHandler  halpower.o
    0x08000580   0x0000000c   Code   RO         1828    i.EXTI_ClearITPendingBit  stm32f0xx_exti.o
    0x0800058c   0x00000014   Code   RO         1832    i.EXTI_GetITStatus  stm32f0xx_exti.o
    0x080005a0   0x0000006c   Code   RO         1833    i.EXTI_Init         stm32f0xx_exti.o
    0x0800060c   0x0000000c   Code   RO         1889    i.FLASH_ClearFlag   stm32f0xx_flash.o
    0x08000618   0x00000038   Code   RO         1891    i.FLASH_ErasePage   stm32f0xx_flash.o
    0x08000650   0x00000028   Code   RO         1894    i.FLASH_GetStatus   stm32f0xx_flash.o
    0x08000678   0x00000020   Code   RO          961    i.FLASH_IRQHandler  halflash.o
    0x08000698   0x00000010   Code   RO         1896    i.FLASH_Lock        stm32f0xx_flash.o
    0x080006a8   0x00000018   Code   RO         1914    i.FLASH_PrefetchBufferCmd  stm32f0xx_flash.o
    0x080006c0   0x0000004c   Code   RO         1916    i.FLASH_ProgramWord  stm32f0xx_flash.o
    0x0800070c   0x00000014   Code   RO         1917    i.FLASH_SetLatency  stm32f0xx_flash.o
    0x08000720   0x00000020   Code   RO         1918    i.FLASH_Unlock      stm32f0xx_flash.o
    0x08000740   0x00000022   Code   RO         1919    i.FLASH_WaitForLastOperation  stm32f0xx_flash.o
    0x08000762   0x00000070   Code   RO         2089    i.GPIO_Init         stm32f0xx_gpio.o
    0x080007d2   0x00000020   Code   RO         2090    i.GPIO_PinAFConfig  stm32f0xx_gpio.o
    0x080007f2   0x0000000e   Code   RO         2093    i.GPIO_ReadInputDataBit  stm32f0xx_gpio.o
    0x08000800   0x0000000c   Code   RO         2100    i.GPIO_WriteBit     stm32f0xx_gpio.o
    0x0800080c   0x00000094   Code   RO          832    i.HalClkInit        halclk.o
    0x080008a0   0x00000028   Code   RO          962    i.HalFlashErase     halflash.o
    0x080008c8   0x00000002   Code   RO          963    i.HalFlashInitialize  halflash.o
    0x080008ca   0x00000002   Code   RO          964    i.HalFlashPoll      halflash.o
    0x080008cc   0x00000010   Code   RO          965    i.HalFlashRead      halflash.o
    0x080008dc   0x0000006c   Code   RO          966    i.HalFlashWrite     halflash.o
    0x08000948   0x00000020   Code   RO         1017    i.HalGPIOGet        halgpio.o
    0x08000968   0x00000040   Code   RO         1018    i.HalGPIOInit       halgpio.o
    0x080009a8   0x00000002   Code   RO         1019    i.HalGPIOInitialize  halgpio.o
    0x080009aa   0x00000002   Code   RO         1020    i.HalGPIOPoll       halgpio.o
    0x080009ac   0x00000020   Code   RO         1021    i.HalGPIOSet        halgpio.o
    0x080009cc   0x0000003e   Code   RO          864    i.HalInitialize     halcommon.o
    0x08000a0a   0x00000002   PAD
    0x08000a0c   0x00000014   Code   RO          866    i.HalInterruptsSetEnable  halcommon.o
    0x08000a20   0x00000018   Code   RO          867    i.HalPoll           halcommon.o
    0x08000a38   0x0000004a   Code   RO         1275    i.HalPowerInitialize  halpower.o
    0x08000a82   0x00000014   Code   RO         1276    i.HalPowerNeedSleep  halpower.o
    0x08000a96   0x0000000c   Code   RO         1278    i.HalPowerSleep     halpower.o
    0x08000aa2   0x00000008   Code   RO         1279    i.HalPowerWakeup    halpower.o
    0x08000aaa   0x00000002   PAD
    0x08000aac   0x00000054   Code   RO          868    i.HalReboot         halcommon.o
    0x08000b00   0x0000000c   Code   RO          869    i.HalRunningTime    halcommon.o
    0x08000b0c   0x00000014   Code   RO         1280    i.HalSetSleepPinStatus  halpower.o
    0x08000b20   0x000000a0   Code   RO         1072    i.HalSpiInitialize  halspi.o
    0x08000bc0   0x00000002   Code   RO         1073    i.HalSpiPoll        halspi.o
    0x08000bc2   0x00000002   PAD
    0x08000bc4   0x00000034   Code   RO         1074    i.HalSpiReadWrite   halspi.o
    0x08000bf8   0x00000058   Code   RO          870    i.HalStatusLedPoll  halcommon.o
    0x08000c50   0x00000014   Code   RO          871    i.HalStatusLedSet   halcommon.o
    0x08000c64   0x00000054   Code   RO         1110    i.HalTimerInitialize  haltimer.o
    0x08000cb8   0x00000010   Code   RO          872    i.HalTimerPassMs    halcommon.o
    0x08000cc8   0x0000000e   Code   RO         1142    i.HalUartDataCallback  haluart.o
    0x08000cd6   0x00000002   PAD
    0x08000cd8   0x00000028   Code   RO         1143    i.HalUartInit       haluart.o
    0x08000d00   0x00000078   Code   RO         1144    i.HalUartInitialize  haluart.o
    0x08000d78   0x00000002   Code   RO         1145    i.HalUartPoll       haluart.o
    0x08000d7a   0x00000002   PAD
    0x08000d7c   0x00000050   Code   RO         1147    i.HalUartWrite      haluart.o
    0x08000dcc   0x0000002c   Code   RO          873    i.HardFault_Handler  halcommon.o
    0x08000df8   0x00000002   Code   RO          705    i.MFInitialize      manufacture.o
    0x08000dfa   0x00000008   Code   RO          706    i.MFPoll            manufacture.o
    0x08000e02   0x00000002   PAD
    0x08000e04   0x0000005c   Code   RO          707    i.MFRecvByte        manufacture.o
    0x08000e60   0x0000000c   Code   RO          564    i.MProtoGotDeviceInfo  mproto.o
    0x08000e6c   0x00000030   Code   RO          565    i.MProtoInitialize  mproto.o
    0x08000e9c   0x00000094   Code   RO          566    i.MProtoPoll        mproto.o
    0x08000f30   0x000000b4   Code   RO          567    i.MProtoRecvByte    mproto.o
    0x08000fe4   0x00000018   Code   RO          568    i.MProtoSendListEmpty  mproto.o
    0x08000ffc   0x00000070   Code   RO         1644    i.NRF24L01Check     nrf24l01.o
    0x0800106c   0x00000014   Code   RO         1645    i.NRF24L01DataRecved  nrf24l01.o
    0x08001080   0x0000002c   Code   RO         1647    i.NRF24L01Initialize  nrf24l01.o
    0x080010ac   0x000000c8   Code   RO         1648    i.NRF24L01ModeSet   nrf24l01.o
    0x08001174   0x00000002   Code   RO         1649    i.NRF24L01Poll      nrf24l01.o
    0x08001176   0x0000003a   Code   RO         1650    i.NRF24L01RxPacket  nrf24l01.o
    0x080011b0   0x0000002c   Code   RO         1651    i.NRF24L01Sleep     nrf24l01.o
    0x080011dc   0x0000006a   Code   RO         1652    i.NRF24L01TxPacket  nrf24l01.o
    0x08001246   0x00000022   Code   RO         1653    i.NRF24l01Shutdown  nrf24l01.o
    0x08001268   0x00000050   Code   RO         2236    i.NVIC_Init         stm32f0xx_misc.o
    0x080012b8   0x00000038   Code   RO         1330    i.NetBuildStart     netlayer.o
    0x080012f0   0x00000044   Code   RO         1331    i.NetBuildStop      netlayer.o
    0x08001334   0x00000074   Code   RO         1332    i.NetCoordinationOperate  netlayer.o
    0x080013a8   0x00000008   Code   RO         1333    i.NetGetMacAddr     netlayer.o
    0x080013b0   0x0000000c   Code   RO         1334    i.NetLayerEventRegister  netlayer.o
    0x080013bc   0x00000028   Code   RO         1335    i.NetLayerInit      netlayer.o
    0x080013e4   0x0000000c   Code   RO         1336    i.NetLayerPoll      netlayer.o
    0x080013f0   0x00000008   Code   RO         1337    i.NetLayerSleep     netlayer.o
    0x080013f8   0x00000010   Code   RO         1338    i.NetSendHeartbeat  netlayer.o
    0x08001408   0x00000008   Code   RO         1339    i.NetSendListEmpty  netlayer.o
    0x08001410   0x0000004c   Code   RO         1340    i.NetSetMacAddr     netlayer.o
    0x0800145c   0x00000008   Code   RO         1341    i.NetSetNetaddress  netlayer.o
    0x08001464   0x00000008   Code   RO         1342    i.NetSetSegaddress  netlayer.o
    0x0800146c   0x00000034   Code   RO         1343    i.NetSetSleepMode   netlayer.o
    0x080014a0   0x00000058   Code   RO         1344    i.NetUserDataSend   netlayer.o
    0x080014f8   0x00000026   Code   RO         1345    i.NetbuildAddDevice  netlayer.o
    0x0800151e   0x00000002   PAD
    0x08001520   0x00000040   Code   RO         1346    i.NetbuildDelDevice  netlayer.o
    0x08001560   0x00000054   Code   RO         1347    i.NetbuildSearchDevice  netlayer.o
    0x080015b4   0x0000002c   Code   RO         1348    i.NetbuildSearchResponse  netlayer.o
    0x080015e0   0x00000090   Code   RO         1511    i.PHYEstnetPacketSend  phylayer.o
    0x08001670   0x00000018   Code   RO         1512    i.PHYGetMac         phylayer.o
    0x08001688   0x00000058   Code   RO         1513    i.PHYHeartbeatSend  phylayer.o
    0x080016e0   0x0000000c   Code   RO         1514    i.PHYInitError      phylayer.o
    0x080016ec   0x0000005c   Code   RO         1515    i.PHYInitialize     phylayer.o
    0x08001748   0x00000084   Code   RO         1516    i.PHYOperatePacketSend  phylayer.o
    0x080017cc   0x0000000c   Code   RO         1517    i.PHYPacketHandleCallbackRegiste  phylayer.o
    0x080017d8   0x00000230   Code   RO         1518    i.PHYPacketRecvHandle  phylayer.o
    0x08001a08   0x00000010   Code   RO         1519    i.PHYPoll           phylayer.o
    0x08001a18   0x00000008   Code   RO         1520    i.PHYPowerSet       phylayer.o
    0x08001a20   0x00000018   Code   RO         1521    i.PHYSendListEmpty  phylayer.o
    0x08001a38   0x00000044   Code   RO         1522    i.PHYSetMac         phylayer.o
    0x08001a7c   0x0000002c   Code   RO         1523    i.PHYSetNetAddr     phylayer.o
    0x08001aa8   0x00000048   Code   RO         1524    i.PHYSetSegAddr     phylayer.o
    0x08001af0   0x00000044   Code   RO         1525    i.PHYSwitchChannel  phylayer.o
    0x08001b34   0x00000008   Code   RO          657    i.PMInitialize      powermanager.o
    0x08001b3c   0x00000028   Code   RO          658    i.PMPoll            powermanager.o
    0x08001b64   0x00000008   Code   RO          659    i.PMSetSleepStatus  powermanager.o
    0x08001b6c   0x00000038   Code   RO          660    i.PMSleep           powermanager.o
    0x08001ba4   0x00000034   Code   RO          661    i.PMWakeUp          powermanager.o
    0x08001bd8   0x0000003c   Code   RO         2272    i.PWR_EnterSTOPMode  stm32f0xx_pwr.o
    0x08001c14   0x00000018   Code   RO         2343    i.RCC_AHBPeriphClockCmd  stm32f0xx_rcc.o
    0x08001c2c   0x00000018   Code   RO         2345    i.RCC_APB1PeriphClockCmd  stm32f0xx_rcc.o
    0x08001c44   0x00000018   Code   RO         2347    i.RCC_APB2PeriphClockCmd  stm32f0xx_rcc.o
    0x08001c5c   0x0000005c   Code   RO         2356    i.RCC_DeInit        stm32f0xx_rcc.o
    0x08001cb8   0x00000178   Code   RO         2357    i.RCC_GetClocksFreq  stm32f0xx_rcc.o
    0x08001e30   0x00000034   Code   RO         2358    i.RCC_GetFlagStatus  stm32f0xx_rcc.o
    0x08001e64   0x00000010   Code   RO         2360    i.RCC_GetSYSCLKSource  stm32f0xx_rcc.o
    0x08001e74   0x00000014   Code   RO         2361    i.RCC_HCLKConfig    stm32f0xx_rcc.o
    0x08001e88   0x00000010   Code   RO         2362    i.RCC_HSEConfig     stm32f0xx_rcc.o
    0x08001e98   0x00000014   Code   RO         2373    i.RCC_PCLKConfig    stm32f0xx_rcc.o
    0x08001eac   0x0000001c   Code   RO         2374    i.RCC_PLLCmd        stm32f0xx_rcc.o
    0x08001ec8   0x0000001c   Code   RO         2375    i.RCC_PLLConfig     stm32f0xx_rcc.o
    0x08001ee4   0x00000014   Code   RO         2379    i.RCC_SYSCLKConfig  stm32f0xx_rcc.o
    0x08001ef8   0x0000002c   Code   RO         2382    i.RCC_WaitForHSEStartUp  stm32f0xx_rcc.o
    0x08001f24   0x00000012   Code   RO         2610    i.SPI_Cmd           stm32f0xx_spi.o
    0x08001f36   0x0000000e   Code   RO         2619    i.SPI_I2S_GetFlagStatus  stm32f0xx_spi.o
    0x08001f44   0x00000054   Code   RO         2624    i.SPI_Init          stm32f0xx_spi.o
    0x08001f98   0x00000004   Code   RO         2628    i.SPI_ReceiveData8  stm32f0xx_spi.o
    0x08001f9c   0x00000014   Code   RO         2629    i.SPI_RxFIFOThresholdConfig  stm32f0xx_spi.o
    0x08001fb0   0x00000004   Code   RO         2631    i.SPI_SendData8     stm32f0xx_spi.o
    0x08001fb4   0x00000028   Code   RO         2808    i.SYSCFG_EXTILineConfig  stm32f0xx_syscfg.o
    0x08001fdc   0x0000001a   Code   RO          100    i.SysDataSendListEmpty  sys.o
    0x08001ff6   0x00000002   PAD
    0x08001ff8   0x00000018   Code   RO          101    i.SysGetMacAddr     sys.o
    0x08002010   0x00000008   Code   RO          102    i.SysGetVersion     sys.o
    0x08002018   0x00000008   Code   RO          103    i.SysGotDeviceInfo  sys.o
    0x08002020   0x00000014   Code   RO          104    i.SysInitialize     sys.o
    0x08002034   0x00000016   Code   RO          105    i.SysMacToUid       sys.o
    0x0800204a   0x00000014   Code   RO          106    i.SysPoll           sys.o
    0x0800205e   0x00000002   PAD
    0x08002060   0x00000028   Code   RO          107    i.SysRandom         sys.o
    0x08002088   0x00000020   Code   RO          108    i.SysRandomSeed     sys.o
    0x080020a8   0x0000005c   Code   RO          110    i.SysSetMacAddr     sys.o
    0x08002104   0x00000002   Code   RO          219    i.SysTimerInitialize  systimer.o
    0x08002106   0x00000002   PAD
    0x08002108   0x00000030   Code   RO          220    i.SysTimerPoll      systimer.o
    0x08002138   0x0000005c   Code   RO          221    i.SysTimerSet       systimer.o
    0x08002194   0x0000001a   Code   RO          111    i.SysUartRecvHandle  sys.o
    0x080021ae   0x00000002   PAD
    0x080021b0   0x00000018   Code   RO          112    i.SysUidToMac       sys.o
    0x080021c8   0x0000005c   Code   RO         3747    i.SystemInit        system_stm32f0xx.o
    0x08002224   0x00000034   Code   RO         1213    i.TIM1_Config_Ms    halwait.o
    0x08002258   0x00000030   Code   RO         1214    i.TIM1_Config_Us    halwait.o
    0x08002288   0x00000014   Code   RO         1112    i.TIM3_IRQHandler   haltimer.o
    0x0800229c   0x00000006   Code   RO         2887    i.TIM_ClearITPendingBit  stm32f0xx_tim.o
    0x080022a2   0x00000014   Code   RO         2892    i.TIM_Cmd           stm32f0xx_tim.o
    0x080022b6   0x00000010   Code   RO         2917    i.TIM_ITConfig      stm32f0xx_tim.o
    0x080022c6   0x00000002   PAD
    0x080022c8   0x00000074   Code   RO         2965    i.TIM_TimeBaseInit  stm32f0xx_tim.o
    0x0800233c   0x00000034   Code   RO         1148    i.USART1_IRQHandler  haluart.o
    0x08002370   0x00000034   Code   RO         1149    i.USART2_IRQHandler  haluart.o
    0x080023a4   0x0000000a   Code   RO         3435    i.USART_ClearITPendingBit  stm32f0xx_usart.o
    0x080023ae   0x00000014   Code   RO         3438    i.USART_Cmd         stm32f0xx_usart.o
    0x080023c2   0x0000000e   Code   RO         3446    i.USART_GetFlagStatus  stm32f0xx_usart.o
    0x080023d0   0x00000038   Code   RO         3447    i.USART_GetITStatus  stm32f0xx_usart.o
    0x08002408   0x0000002a   Code   RO         3449    i.USART_ITConfig    stm32f0xx_usart.o
    0x08002432   0x00000002   PAD
    0x08002434   0x000000a8   Code   RO         3450    i.USART_Init        stm32f0xx_usart.o
    0x080024dc   0x00000012   Code   RO         3461    i.USART_OverrunDetectionConfig  stm32f0xx_usart.o
    0x080024ee   0x00000008   Code   RO         3462    i.USART_ReceiveData  stm32f0xx_usart.o
    0x080024f6   0x00000010   Code   RO         3464    i.USART_RequestCmd  stm32f0xx_usart.o
    0x08002506   0x00000008   Code   RO         3467    i.USART_SendData    stm32f0xx_usart.o
    0x0800250e   0x00000002   PAD
    0x08002510   0x00000120   Code   RO          264    i.WMDeviceCoordination  wirelessmodule.o
    0x08002630   0x0000000c   Code   RO          265    i.WMEventRegister   wirelessmodule.o
    0x0800263c   0x0000000c   Code   RO          266    i.WMGetNetStatus    wirelessmodule.o
    0x08002648   0x00000048   Code   RO          267    i.WMGetSearchResult  wirelessmodule.o
    0x08002690   0x00000070   Code   RO          268    i.WMInitialize      wirelessmodule.o
    0x08002700   0x00000014   Code   RO          269    i.WMIsDeviceOnline  wirelessmodule.o
    0x08002714   0x00000214   Code   RO          270    i.WMNetBuildAddDevice  wirelessmodule.o
    0x08002928   0x000000b8   Code   RO          271    i.WMNetBuildDelDevice  wirelessmodule.o
    0x080029e0   0x000000d8   Code   RO          272    i.WMNetBuildSearch  wirelessmodule.o
    0x08002ab8   0x00000020   Code   RO          273    i.WMNetBuildStart   wirelessmodule.o
    0x08002ad8   0x0000004c   Code   RO          274    i.WMNetInfoClear    wirelessmodule.o
    0x08002b24   0x00000060   Code   RO          275    i.WMNetUserDataSend  wirelessmodule.o
    0x08002b84   0x00000020   Code   RO          276    i.WMPoll            wirelessmodule.o
    0x08002ba4   0x00000044   Code   RO          277    i.WMQueryDeviceInfo  wirelessmodule.o
    0x08002be8   0x00000098   Code   RO          278    i.WMSetMasterSlaveMode  wirelessmodule.o
    0x08002c80   0x00000054   Code   RO          279    i.WMSetModuleType   wirelessmodule.o
    0x08002cd4   0x00000058   Code   RO          280    i.WMSetSleepMode    wirelessmodule.o
    0x08002d2c   0x0000002c   Code   RO          281    i.WMWakeupHandle    wirelessmodule.o
    0x08002d58   0x00000020   Code   RO         4001    i.__0printf$8       mc_p.l(printf8.o)
    0x08002d78   0x0000001a   Code   RO          444    i.__ARM_common_switch8  wirelessmodule.o
    0x08002d92   0x0000000e   Code   RO         4127    i.__scatterload_copy  mc_p.l(handlers.o)
    0x08002da0   0x00000002   Code   RO         4128    i.__scatterload_null  mc_p.l(handlers.o)
    0x08002da2   0x0000000e   Code   RO         4129    i.__scatterload_zeroinit  mc_p.l(handlers.o)
    0x08002db0   0x00000428   Code   RO         4008    i._printf_core      mc_p.l(printf8.o)
    0x080031d8   0x00000020   Code   RO         4009    i._printf_post_padding  mc_p.l(printf8.o)
    0x080031f8   0x0000002c   Code   RO         4010    i._printf_pre_padding  mc_p.l(printf8.o)
    0x08003224   0x0000001c   Code   RO          708    i.checkSum          manufacture.o
    0x08003240   0x0000001a   Code   RO          569    i.checksum          mproto.o
    0x0800325a   0x00000024   Code   RO          570    i.coordinationResult  mproto.o
    0x0800327e   0x00000002   PAD
    0x08003280   0x00000014   Code   RO          282    i.delayReportDeviceInfo  wirelessmodule.o
    0x08003294   0x00000018   Code   RO          283    i.delayStartHeartbeat  wirelessmodule.o
    0x080032ac   0x00000088   Code   RO          284    i.dmEventHandle     wirelessmodule.o
    0x08003334   0x00000068   Code   RO         1349    i.findCacheAndSend  netlayer.o
    0x0800339c   0x00000076   Code   RO          967    i.flashWrite        halflash.o
    0x08003412   0x00000010   Code   RO          874    i.fputc             halcommon.o
    0x08003422   0x00000002   PAD
    0x08003424   0x00000054   Code   RO         4055    i.free              mc_p.l(malloc.o)
    0x08003478   0x0000000c   Code   RO          285    i.getRandomValue    wirelessmodule.o
    0x08003484   0x00000030   Code   RO         1216    i.hal_wait          halwait.o
    0x080034b4   0x00000014   Code   RO         1217    i.hal_wait_check    halwait.o
    0x080034c8   0x00000020   Code   RO         1218    i.hal_wait_init     halwait.o
    0x080034e8   0x00000014   Code   RO         1219    i.hal_wait_ms       halwait.o
    0x080034fc   0x00000014   Code   RO         1220    i.hal_wait_us       halwait.o
    0x08003510   0x00000050   Code   RO          471    i.heartbeatPoll     devicesmanager.o
    0x08003560   0x00000050   Code   RO          571    i.lowDataSend       mproto.o
    0x080035b0   0x000000a0   Code   RO         1526    i.lowLevelDataSend  phylayer.o
    0x08003650   0x0000000a   Code   RO            3    i.main              main.o
    0x0800365a   0x00000002   PAD
    0x0800365c   0x0000006c   Code   RO         4056    i.malloc            mc_p.l(malloc.o)
    0x080036c8   0x000000d0   Code   RO          709    i.mfFrameHandle     manufacture.o
    0x08003798   0x00000064   Code   RO          710    i.mfFrameSend       manufacture.o
    0x080037fc   0x0000003c   Code   RO          711    i.mfSearchResultHandle  manufacture.o
    0x08003838   0x000000c4   Code   RO          712    i.mfSendTestResult  manufacture.o
    0x080038fc   0x0000007c   Code   RO          713    i.mfStartSelfCheck  manufacture.o
    0x08003978   0x00000104   Code   RO          572    i.mprotoEventHandle  mproto.o
    0x08003a7c   0x00000110   Code   RO          573    i.mprotoFrameHandle  mproto.o
    0x08003b8c   0x0000008c   Code   RO          574    i.mprotoFrameSend   mproto.o
    0x08003c18   0x00000060   Code   RO          575    i.mprotoSendListHandle  mproto.o
    0x08003c78   0x0000004c   Code   RO          286    i.netBuildDone      wirelessmodule.o
    0x08003cc4   0x00000044   Code   RO         1350    i.netBuildFrameHandle  netlayer.o
    0x08003d08   0x00000038   Code   RO          287    i.netBuildStatusSet  wirelessmodule.o
    0x08003d40   0x0000006c   Code   RO         1351    i.netEnDecrypt      netlayer.o
    0x08003dac   0x00000018   Code   RO         1352    i.netHeartbeatHandle  netlayer.o
    0x08003dc4   0x00000088   Code   RO         1353    i.netOperateFrameHandle  netlayer.o
    0x08003e4c   0x00000054   Code   RO         1354    i.netSleepDevDataHandle  netlayer.o
    0x08003ea0   0x00000090   Code   RO         1355    i.netSleepDevDataSave  netlayer.o
    0x08003f30   0x00000028   Code   RO          576    i.netStatusChanged  mproto.o
    0x08003f58   0x00000010   Code   RO         1356    i.netThrowEvent     netlayer.o
    0x08003f68   0x00000038   Code   RO         1654    i.nrf24l01ReadBuf   nrf24l01.o
    0x08003fa0   0x00000026   Code   RO         1655    i.nrf24l01ReadReg   nrf24l01.o
    0x08003fc6   0x00000036   Code   RO         1656    i.nrf24l01WriteBuf  nrf24l01.o
    0x08003ffc   0x00000028   Code   RO         1657    i.nrf24l01WriteReg  nrf24l01.o
    0x08004024   0x00000070   Code   RO         1023    i.numToGPIO         halgpio.o
    0x08004094   0x0000007c   Code   RO         1527    i.phyDataListHandle  phylayer.o
    0x08004110   0x00000048   Code   RO         1528    i.phyDataSend       phylayer.o
    0x08004158   0x00000084   Code   RO         1529    i.phyRecvDataHandle  phylayer.o
    0x080041dc   0x00000038   Code   RO          714    i.searchDevice      manufacture.o
    0x08004214   0x00000028   Code   RO          288    i.searchDeviceAgain  wirelessmodule.o
    0x0800423c   0x00000044   Code   RO          289    i.searchDeviceInfoAdd  wirelessmodule.o
    0x08004280   0x00000060   Code   RO          290    i.subDevHeartbeat   wirelessmodule.o
    0x080042e0   0x0000001a   Code   RO         1530    i.sumCheck          phylayer.o
    0x080042fa   0x00000002   PAD
    0x080042fc   0x00000018   Code   RO          715    i.testTimeoutHandle  manufacture.o
    0x08004314   0x0000002e   Code   RO          223    i.timerExecute      systimer.o
    0x08004342   0x00000002   PAD
    0x08004344   0x00000044   Code   RO          472    i.updateDeviceInfoToFlash  devicesmanager.o
    0x08004388   0x00000038   Code   RO          291    i.updateNetInfoAndSwitchChannel  wirelessmodule.o
    0x080043c0   0x0000008c   Code   RO         1150    i.usartConfiguration  haluart.o
    0x0800444c   0x0000005c   Code   RO         1151    i.usartInit         haluart.o
    0x080044a8   0x000002e8   Code   RO          292    i.wmNetlayerEventHandle  wirelessmodule.o
    0x08004790   0x0000007c   Code   RO          293    i.wmSearchResultHandle  wirelessmodule.o
    0x0800480c   0x0000000e   Data   RO          113    .constdata          sys.o
    0x0800481a   0x0000010b   Data   RO          295    .constdata          wirelessmodule.o
    0x08004925   0x0000003e   Data   RO          474    .constdata          devicesmanager.o
    0x08004963   0x00000011   Data   RO          662    .constdata          powermanager.o
    0x08004974   0x00000023   Data   RO          717    .constdata          manufacture.o
    0x08004997   0x0000001c   Data   RO          875    .constdata          halcommon.o
    0x080049b3   0x00000011   Data   RO          968    .constdata          halflash.o
    0x080049c4   0x00000073   Data   RO         1358    .constdata          netlayer.o
    0x08004a37   0x00000023   Data   RO         1532    .constdata          phylayer.o
    0x08004a5a   0x00000016   Data   RO         1658    .constdata          nrf24l01.o
    0x08004a70   0x000000a6   Data   RO          296    .conststring        wirelessmodule.o
    0x08004b16   0x00000002   PAD
    0x08004b18   0x00000020   Data   RO         4125    Region$$Table       anon$$obj.o


    Execution Region RW_IRAM1 (Base: 0x20000000, Size: 0x000013d0, Max: 0x00002000, ABSOLUTE)

    Base Addr    Size         Type   Attr      Idx    E Section Name        Object

    0x20000000   0x00000018   Data   RW          114    .data               sys.o
    0x20000018   0x0000001c   Data   RW          297    .data               wirelessmodule.o
    0x20000034   0x00000008   Data   RW          475    .data               devicesmanager.o
    0x2000003c   0x00000010   Data   RW          578    .data               mproto.o
    0x2000004c   0x0000000c   Data   RW          718    .data               manufacture.o
    0x20000058   0x0000000c   Data   RW          876    .data               halcommon.o
    0x20000064   0x00000001   Data   RW         1221    .data               halwait.o
    0x20000065   0x00000003   PAD
    0x20000068   0x0000000c   Data   RW         1359    .data               netlayer.o
    0x20000074   0x00000024   Data   RW         1533    .data               phylayer.o
    0x20000098   0x00000010   Data   RW         2383    .data               stm32f0xx_rcc.o
    0x200000a8   0x00000004   Data   RW         4097    .data               mc_p.l(stdout.o)
    0x200000ac   0x00000004   Data   RW         4100    .data               mc_p.l(mvars.o)
    0x200000b0   0x00000004   Data   RW         4101    .data               mc_p.l(mvars.o)
    0x200000b4   0x000000a0   Zero   RW          224    .bss                systimer.o
    0x20000154   0x0000003c   Zero   RW          294    .bss                wirelessmodule.o
    0x20000190   0x00000380   Zero   RW          473    .bss                devicesmanager.o
    0x20000510   0x00000114   Zero   RW          577    .bss                mproto.o
    0x20000624   0x00000080   Zero   RW          716    .bss                manufacture.o
    0x200006a4   0x00000014   Zero   RW         1357    .bss                netlayer.o
    0x200006b8   0x00000113   Zero   RW         1531    .bss                phylayer.o
    0x200007cb   0x00000005   PAD
    0x200007d0   0x00000800   Zero   RW         3738    HEAP                startup_stm32f030.o
    0x20000fd0   0x00000400   Zero   RW         3737    STACK               startup_stm32f030.o


==============================================================================

Image component sizes


      Code (inc. data)   RO Data    RW Data    ZI Data      Debug   Object Name

       868        190         62          8        896       8921   devicesmanager.o
       148          0          0          0          0       1104   halclk.o
       386         72         28         12          0      12319   halcommon.o
       318         20         17          0          0       4542   halflash.o
       244         30          0          0          0       3506   halgpio.o
       158          0          0          0          0       3474   halpower.o
       214         10          0          0          0       1538   halspi.o
       104         14          0          0          0       1627   haltimer.o
       592         50          0          0          0       5727   haluart.o
       240         30          0          1          0       3964   halwait.o
        10          0          0          0          0     228955   main.o
       898        202         35         12        128       8801   manufacture.o
      1362        152          0         16        276      10241   mproto.o
      1490        286        115         12         20      18662   netlayer.o
       808         30         22          0          0       9108   nrf24l01.o
      1878        360         35         36        275      13512   phylayer.o
       164         34         17          0          0       2804   powermanager.o
        88         38        180          0       3072        660   startup_stm32f030.o
       140         16          0          0          0       2172   stm32f0xx_exti.o
       310         50          0          0          0       5704   stm32f0xx_flash.o
       170          0          0          0          0       2887   stm32f0xx_gpio.o
        80         10          0          0          0        996   stm32f0xx_misc.o
        60          8          0          0          0        604   stm32f0xx_pwr.o
       784        106          0         16          0       9115   stm32f0xx_rcc.o
       144         14          0          0          0       3932   stm32f0xx_spi.o
        40          6          0          0          0        612   stm32f0xx_syscfg.o
       158         28          0          0          0       3707   stm32f0xx_tim.o
       360         20          0          0          0       6877   stm32f0xx_usart.o
       342         64         14         24          0       9672   sys.o
        92         14          0          0          0        493   system_stm32f0xx.o
       188          8          0          0        160       2606   systimer.o
         0          0          0          0          0        448   testwm.o
      3598       1034        433         28         60      20096   wirelessmodule.o

    ----------------------------------------------------------------------
     16474       2896        992        168       4892     409386   Object Totals
         0          0         32          0          0          0   (incl. Generated)
        38          0          2          3          5          0   (incl. Padding)

    ----------------------------------------------------------------------

      Code (inc. data)   RO Data    RW Data    ZI Data      Debug   Library Member Name

         0          0          0          0          0          0   entry.o
         0          0          0          0          0          0   entry10a.o
         0          0          0          0          0          0   entry11a.o
         8          4          0          0          0          0   entry2.o
         4          0          0          0          0          0   entry5.o
         0          0          0          0          0          0   entry7b.o
         0          0          0          0          0          0   entry8b.o
         8          4          0          0          0          0   entry9a.o
        30          0          0          0          0          0   handlers.o
        36          8          0          0          0         68   init.o
        32          0          0          0          0         68   llshl.o
        34          0          0          0          0         68   llushr.o
       192         20          0          0          0        144   malloc.o
        26          0          0          0          0         72   memcmp.o
        36          0          0          0          0         60   memcpya.o
        36          0          0          0          0        100   memseta.o
         0          0          0          8          0          0   mvars.o
      1172         52          0          0          0        324   printf8.o
         0          0          0          4          0          0   stdout.o
        18          0          0          0          0         60   strcpy.o
        14          0          0          0          0         60   strlen.o
        44          0          0          0          0         72   uidiv.o
        96          0          0          0          0         84   uldiv.o

    ----------------------------------------------------------------------
      1790         88          0         12          0       1180   Library Totals
         4          0          0          0          0          0   (incl. Padding)

    ----------------------------------------------------------------------

      Code (inc. data)   RO Data    RW Data    ZI Data      Debug   Library Name

      1786         88          0         12          0       1180   mc_p.l

    ----------------------------------------------------------------------
      1790         88          0         12          0       1180   Library Totals

    ----------------------------------------------------------------------

==============================================================================


      Code (inc. data)   RO Data    RW Data    ZI Data      Debug   

     18264       2984        992        180       4892     399014   Grand Totals
     18264       2984        992        180       4892     399014   ELF Image Totals
     18264       2984        992        180          0          0   ROM Totals

==============================================================================

    Total RO  Size (Code + RO Data)                19256 (  18.80kB)
    Total RW  Size (RW Data + ZI Data)              5072 (   4.95kB)
    Total ROM Size (Code + RO Data + RW Data)      19436 (  18.98kB)

==============================================================================

