<html>
<body>
<pre>
<h1>µVision Build Log</h1>
<h2>Tool Versions:</h2>
IDE-Version: ¦ÌVision V5.13.0.0
Copyright (C) 2014 ARM Ltd and ARM Germany GmbH. All rights reserved.
License Information: Tron tom, itl, LIC=PE7Z9-43TS6-LC0JF-6JNGK-7FG8V-YGI1A
 
Tool Versions:
Toolchain:       MDK-ARM Standard  Version: 5.13.0.0
Toolchain Path:  C:\Keil_v5\ARM\ARMCC\Bin
C Compiler:      Armcc.exe V5.05 update 1 (build 106)
Assembler:       Armasm.exe V5.05 update 1 (build 106)
Linker/Locator:  ArmLink.exe V5.05 update 1 (build 106)
Library Manager: ArmAr.exe V5.05 update 1 (build 106)
Hex Converter:   FromElf.exe V5.05 update 1 (build 106)
CPU DLL:         SARMCM3.DLL V5.13.0.0
Dialog DLL:      DARMCM1.DLL V1.12.0.0
Target DLL:      STLink\ST-LINKIII-KEIL_SWO.dll V2.0.14.0_KEIL
Dialog DLL:      TARMCM1.DLL V1.9.0.0
 
<h2>Project:</h2>
F:\project\WirelessModule2.4G\software\WirelessModule2.4G\pro\keil\WirelessModule2.4G.uvprojx
Project File Date:  03/06/2017

<h2>Output:</h2>
Build target 'WirelessModule2.4G'
compiling Sys.c...
compiling WirelessModule.c...
compiling MProto.c...
..\..\app\MProto.c(146): warning:  #177-D: variable "i" was declared but never referenced
      uint8_t len, i;
..\..\app\MProto.c(261): warning:  #188-D: enumerated type mixed with another type
              mprotoFrameHandle((frame->type & 0x7f), (frame->type & 0x80), frame->data, frame->dlen);
..\..\app\MProto.c: 2 warnings, 0 errors
compiling PowerManager.c...
linking...
Program Size: Code=17584 RO-data=884 RW-data=176 ZI-data=4888  
FromELF: creating hex file...
".\Objects\WirelessModule2.4G" - 0 Error(s), 2 Warning(s).

<h2>Software Packages used:</h2>

Package Vendor: ARM
                http://www.keil.com/pack/ARM.CMSIS.5.0.0.pack
                ARM::CMSIS:CORE:5.0.0
                CMSIS (Cortex Microcontroller Software Interface Standard)
   * Component: CORE Version: 5.0.0

Package Vendor: Keil
                http://www.keil.com/pack/Keil.STM32F0xx_DFP.1.4.0.pack
                Keil::Device:Startup:1.5.0
                STMicroelectronics STM32F0 Series Device Support and Examples
   * Component: Startup Version: 1.5.0

<h2>Collection of Component include folders:</h2>
  F:\project\WirelessModule2.4G\software\WirelessModule2.4G\pro\keil\RTE
  C:\Keil_v5\ARM\PACK\ARM\CMSIS\5.0.0\CMSIS\Include
  C:\Keil_v5\ARM\PACK\Keil\STM32F0xx_DFP\1.4.0\Device\Include
  C:\Keil_v5\ARM\PACK\Keil\STM32F0xx_DFP\1.5.0

<h2>Collection of Component Files used:</h2>

   * Component: ARM::CMSIS:CORE:5.0.0

   * Component: Keil::Device:Startup:1.5.0
      Source file:   Device\Source\system_stm32f0xx.c
      Source file:   Device\Source\ARM\STM32F0xx_OPT.s
      Source file:   Device\Source\ARM\startup_stm32f030.s
</pre>
</body>
</html>
